Microchip MPLAB XC8 Compiler V3.10

Linker command line:

-W-3 \
  --edf=C:\Program Files\Microchip\xc8\v3.10\pic\dat\20250813170317_en.msgs \
  -cn -h+dist/default/production\RTOS-2026.production.sym \
  --cmf=dist/default/production\RTOS-2026.production.cmf -z -Q18F46K22 \
  -oC:\Users\Yuri\AppData\Local\Temp\xcAseeo.0\driver_tmp_3.o \
  --defsym=__MPLAB_BUILD=1 --fixupoverflow=error \
  -Mdist/default/production/RTOS-2026.production.map \
  --md=C:\Users\Yuri\AppData\Local\Temp\xcAseeo.0\driver_tmp_0.dat -E1 \
  -ver=XC8 Compiler -ACODE=00h-0FFFFh -ACONST=00h-0FFFFh \
  -ASMALLCONST=01000h-010FFhx240 -AMEDIUMCONST=01000h-0FFFFh \
  -ACOMRAM=01h-05Fh -AABS1=00h-0F37h -ABIGRAM=01h-0F37h \
  -ARAM=060h-0FFh,0100h-01FFhx14,0F00h-0F37h -ABANK0=060h-0FFh \
  -ABANK1=0100h-01FFh -ABANK2=0200h-02FFh -ABANK3=0300h-03FFh \
  -ABANK4=0400h-04FFh -ABANK5=0500h-05FFh -ABANK6=0600h-06FFh \
  -ABANK7=0700h-07FFh -ABANK8=0800h-08FFh -ABANK9=0900h-09FFh \
  -ABANK10=0A00h-0AFFh -ABANK11=0B00h-0BFFh -ABANK12=0C00h-0CFFh \
  -ABANK13=0D00h-0DFFh -ABANK14=0E00h-0EFFh -ABANK15=0F00h-0F37h \
  -ASFR=0F38h-0F5Fh,0F60h-0FFFh -ABIGSFR=0F38h-0FFFh \
  -ACONFIG=0300000h-030000Dh -AIDLOC=0200000h-0200007h \
  -AEEDATA=0F00000h-0F003FFh -peeprom_data=EEDATA \
  -preset_vec=00h,intcode=8h,intcodelo=18h,sivt_lo,sivt_hi=CODE \
  -ppowerup=CODE,init -pramtop=01000h -psmallconst=SMALLCONST \
  -pmediumconst=MEDIUMCONST -pconst=CONST -AFARRAM=00h-00h \
  -prdata=COMRAM,nvrram=COMRAM,nvbit=COMRAM,rbss=COMRAM,rbit=COMRAM \
  -pfarbss=FARRAM,fardata=FARRAM,nvFARRAM=FARRAM \
  -pintsave_regs=BIGRAM,bigbss=BIGRAM,bigdata=BIGRAM -pbss=RAM \
  -pidata=CODE,irdata=CODE,ibigdata=CODE,ifardata=CODE -prparam=COMRAM \
  C:\Users\Yuri\AppData\Local\Temp\xcAseeo.0\driver_tmp_9.o \
  dist/default/production\RTOS-2026.production.o 

Object code version is 3.11

Machine type is 18F46K22



                Name                               Link     Load   Length Selector   Space Scale
C:\Users\Yuri\AppData\Local\Temp\xcAseeo.0\driver_tmp_9.o
                init                                71A      71A        4        4       0
                reset_vec                             0        0        4        0       0
dist/default/production\RTOS-2026.production.o
                intcode                               8        8      712        4       0
                smallconst                         1000     1000        2      800       0
                text23                             1E7E     1E7E       AE      801       0
                text22                             1BDC     1BDC      12E      801       0
                text21                             2202     2202       28      801       0
                text19                             2262     2262       10      801       0
                text18                             2252     2252       10      801       0
                text17                             1D0A     1D0A       C4      801       0
                text16                             1970     1970      13A      801       0
                text15                             21B0     21B0       2A      801       0
                text14                             1002     1002      614      801       0
                text13                             2242     2242       10      801       0
                text12                             21DA     21DA       28      801       0
                text11                             207C     207C       3C      801       0
                text10                             2156     2156       30      801       0
                text9                              20B8     20B8       3A      801       0
                text8                              2124     2124       32      801       0
                text7                              1FB4     1FB4       6E      801       0
                text6                              20F2     20F2       32      801       0
                text5                              1DCE     1DCE       B0      801       0
                text4                              1AAA     1AAA      132      801       0
                text3                              2186     2186       2A      801       0
                text2                              222A     222A       18      801       0
                text1                              1616     1616      35A      801       0
                text0                              1F2C     1F2C       88      801       0
                cstackCOMRAM                          2        2       1F        2       1
                cstackBANK0                          60       60       3C       60       1
                cstackBANK1                         100      100       6B      100       1
                cstackBANK2                         200      200       76      200       1
                bssBIGRAM                           276      276      3D8      276       1
                bssBANK0                             9C       9C       14       60       1
                dataCOMRAM                           30       30        7        2       1
                bssCOMRAM                            21       21        F        2       1
                cinit                              2022     2022       5A      801       0
                idataCOMRAM                        2272     2272        7      801       0

TOTAL           Name                               Link     Load   Length     Space
        CLASS   CODE           
                intcode                               8        8      712         0
                init                                71A      71A        4         0
                reset_vec                             0        0        4         0
                text23                             1E7E     1E7E       AE         0
                text22                             1BDC     1BDC      12E         0
                text21                             2202     2202       28         0
                text19                             2262     2262       10         0
                text18                             2252     2252       10         0
                text17                             1D0A     1D0A       C4         0
                text16                             1970     1970      13A         0
                text15                             21B0     21B0       2A         0
                text14                             1002     1002      614         0
                text13                             2242     2242       10         0
                text12                             21DA     21DA       28         0
                text11                             207C     207C       3C         0
                text10                             2156     2156       30         0
                text9                              20B8     20B8       3A         0
                text8                              2124     2124       32         0
                text7                              1FB4     1FB4       6E         0
                text6                              20F2     20F2       32         0
                text5                              1DCE     1DCE       B0         0
                text4                              1AAA     1AAA      132         0
                text3                              2186     2186       2A         0
                text2                              222A     222A       18         0
                text1                              1616     1616      35A         0
                text0                              1F2C     1F2C       88         0
                cinit                              2022     2022       5A         0
                idataCOMRAM                        2272     2272        7         0

        CLASS   CONST          

        CLASS   SMALLCONST     
                smallconst                         1000     1000        2         0

        CLASS   MEDIUMCONST    

        CLASS   COMRAM         
                cstackCOMRAM                          2        2       1F         1
                dataCOMRAM                           30       30        7         1
                bssCOMRAM                            21       21        F         1

        CLASS   ABS1           
                abs_s1                                1        1        1         1

        CLASS   BIGRAM         
                bssBIGRAM                           276      276      3D8         1

        CLASS   RAM            

        CLASS   BANK0          
                cstackBANK0                          60       60       3C         1
                bssBANK0                             9C       9C       14         1

        CLASS   BANK1          
                cstackBANK1                         100      100       6B         1

        CLASS   BANK2          
                cstackBANK2                         200      200       76         1

        CLASS   BANK3          

        CLASS   BANK4          

        CLASS   BANK5          

        CLASS   BANK6          

        CLASS   BANK7          

        CLASS   BANK8          

        CLASS   BANK9          

        CLASS   BANK10         

        CLASS   BANK11         

        CLASS   BANK12         

        CLASS   BANK13         

        CLASS   BANK14         

        CLASS   BANK15         

        CLASS   SFR            

        CLASS   BIGSFR         

        CLASS   CONFIG         

        CLASS   IDLOC          

        CLASS   EEDATA         

        CLASS   FARRAM         

        CLASS   HEAP           

        CLASS   STACK          



SEGMENTS        Name                           Load    Length   Top    Selector   Space  Class

                reset_vec                      000000  000004  000004         0       0  CODE    
                cstackCOMRAM                   000002  000035  000037         2       1  COMRAM  
                intcode                        000008  000716  00071E         4       0  CODE    
                cstackBANK0                    000060  000050  0000B0        60       1  BANK0   
                cstackBANK1                    000100  00006B  00016B       100       1  BANK1   
                cstackBANK2                    000200  000076  000276       200       1  BANK2   
                bssBIGRAM                      000276  0003D8  00064E       276       1  BIGRAM  
                smallconst                     001000  000002  001002       800       0  SMALLCON
                text14                         001002  001277  002279       801       0  CODE    


UNUSED ADDRESS RANGES

        Name                Unused          Largest block    Delta
        BANK0            00B0-00FF             50
        BANK1            016B-01FF             95
        BANK10           0A00-0AFF            100
        BANK11           0B00-0BFF            100
        BANK12           0C00-0CFF            100
        BANK13           0D00-0DFF            100
        BANK14           0E00-0EFF            100
        BANK15           0F00-0F37             38
        BANK6            064E-06FF             B2
        BANK7            0700-07FF            100
        BANK8            0800-08FF            100
        BANK9            0900-09FF            100
        BIGRAM           0037-005F             29
                         00B0-00FF             50
                         016B-01FF             95
                         064E-0F37            8EA
        BIGSFR           0F38-0FFF             C8
        CODE             0004-0007              4
                         071E-0FFF            8E2
                         2279-FFFF           DD87
        COMRAM           0037-005F             29
        CONFIG           300000-30000D              E
        CONST            0004-0007              4
                         071E-0FFF            8E2
                         2279-FFFF           DD87
        EEDATA           F00000-F003FF            400
        IDLOC            200000-200007              8
        MEDIUMCONST      2279-FFFF           DD87
        RAM              00B0-00FF             50
                         016B-01FF             95
                         064E-0F37            100
        SFR              0F38-0FFF             28
        SMALLCONST       2279-FFFF            100

                                  Symbol Table

?___awmod                        cstackBANK1  0154
?i1___awmod                      cstackBANK1  0146
?i2___awmod                      cstackCOMRAM 0002
ISR@i                            cstackCOMRAM 001F
LED_1@F6269                      dataCOMRAM   0030
_ADCON0bits                      (abs)        0FC2
_ADCON1bits                      (abs)        0FC1
_ADCON2bits                      (abs)        0FC0
_ADRES                           (abs)        0FC3
_ANSELAbits                      (abs)        0F38
_ANSELCbits                      (abs)        0F3A
_ANSELDbits                      (abs)        0F3B
_BSR                             (abs)        0FE0
_FSR0H                           (abs)        0FEA
_FSR0L                           (abs)        0FE9
_FSR1H                           (abs)        0FE2
_FSR1L                           (abs)        0FE1
_FSR2H                           (abs)        0FDA
_FSR2L                           (abs)        0FD9
_INTCONbits                      (abs)        0FF2
_ISR                             intcode      0008
_LED_1                           (abs)        0000
_LED_1_prio                      text13       2242
_LED_2                           (abs)        0000
_LED_2_prio                      text18       2252
_LED_3                           (abs)        0000
_LED_3_prio                      text19       2262
_PCLATH                          (abs)        0FFA
_PCLATU                          (abs)        0FFB
_PORTCbits                       (abs)        0F82
_PORTDbits                       (abs)        0F83
_PRODH                           (abs)        0FF4
_PRODL                           (abs)        0FF3
_STATUS                          (abs)        0FD8
_STKPTR                          (abs)        0FFC
_T0CONbits                       (abs)        0FD5
_TABLAT                          (abs)        0FF5
_TBLPTRH                         (abs)        0FF7
_TBLPTRL                         (abs)        0FF6
_TBLPTRU                         (abs)        0FF8
_TMR0                            (abs)        0FD6
_TOSH                            (abs)        0FFE
_TOSL                            (abs)        0FFD
_TOSU                            (abs)        0FFF
_TRISAbits                       (abs)        0F92
_TRISCbits                       (abs)        0F94
_TRISDbits                       (abs)        0F95
_WREG                            (abs)        0FE8
__HRAM                           (abs)        0000
__H__absolute__                  __absolute__ 0000
__Habs1                          abs1         0000
__Hbank0                         bank0        0000
__Hbank1                         bank1        0000
__Hbank10                        bank10       0000
__Hbank11                        bank11       0000
__Hbank12                        bank12       0000
__Hbank13                        bank13       0000
__Hbank14                        bank14       0000
__Hbank15                        bank15       0000
__Hbank2                         bank2        0000
__Hbank3                         bank3        0000
__Hbank4                         bank4        0000
__Hbank5                         bank5        0000
__Hbank6                         bank6        0000
__Hbank7                         bank7        0000
__Hbank8                         bank8        0000
__Hbank9                         bank9        0000
__Hbigbss                        bigbss       0000
__Hbigdata                       bigdata      0000
__Hbigram                        bigram       0000
__Hbigsfr                        bigsfr       0000
__Hbss                           bss          0000
__HbssBANK0                      bssBANK0     0000
__HbssBIGRAM                     bssBIGRAM    0000
__HbssCOMRAM                     bssCOMRAM    0000
__Hcinit                         cinit        0000
__Hclrtext                       clrtext      0000
__Hcomram                        comram       0000
__Hconfig                        config       0000
__Hconst                         const        0000
__HcstackBANK0                   cstackBANK0  0000
__HcstackBANK1                   cstackBANK1  0000
__HcstackBANK2                   cstackBANK2  0000
__HcstackCOMRAM                  cstackCOMRAM 0000
__Hdata                          data         0000
__HdataCOMRAM                    dataCOMRAM   0000
__Heeprom_data                   eeprom_data  0000
__Hfarbss                        farbss       0000
__Hfardata                       fardata      0000
__Hheap                          heap         0000
__Hibigdata                      ibigdata     0000
__Hidata                         idata        0000
__HidataCOMRAM                   idataCOMRAM  0000
__Hidloc                         idloc        0000
__Hifardata                      ifardata     0000
__Hinit                          init         071E
__Hintcode                       intcode      071A
__Hintcode_body                  intcode_body 0000
__Hintcodelo                     intcodelo    0018
__Hintentry                      intentry     0000
__Hintret                        intret       0000
__Hintsave_regs                  intsave_regs 0000
__Hirdata                        irdata       0000
__Hmediumconst                   mediumconst  0000
__HnvFARRAM                      nvFARRAM     0000
__Hnvbit                         nvbit        0000
__Hnvrram                        nvrram       0000
__Hparam                         rparam       0000
__Hpowerup                       powerup      0000
__Hram                           ram          0000
__Hramtop                        ramtop       1000
__Hrbit                          rbit         0000
__Hrbss                          rbss         0000
__Hrdata                         rdata        0000
__Hreset_vec                     reset_vec    0004
__Hrparam                        rparam       0000
__Hsfr                           sfr          0000
__Hsivt_hi                       sivt_hi      0000
__Hsivt_lo                       sivt_lo      0018
__Hsmallconst                    smallconst   1002
__Hspace_0                       (abs)        2279
__Hspace_1                       (abs)        064E
__Hspace_2                       (abs)        0000
__Hspace_4                       (abs)        0000
__Hstack                         stack        0000
__Hstruct                        struct       0000
__Htemp                          temp         0000
__Htext                          text         0000
__Htext0                         text0        0000
__Htext1                         text1        0000
__Htext10                        text10       0000
__Htext11                        text11       0000
__Htext12                        text12       0000
__Htext13                        text13       0000
__Htext14                        text14       0000
__Htext15                        text15       0000
__Htext16                        text16       0000
__Htext17                        text17       0000
__Htext18                        text18       0000
__Htext19                        text19       0000
__Htext2                         text2        0000
__Htext21                        text21       0000
__Htext22                        text22       0000
__Htext23                        text23       0000
__Htext3                         text3        0000
__Htext4                         text4        0000
__Htext5                         text5        0000
__Htext6                         text6        0000
__Htext7                         text7        0000
__Htext8                         text8        0000
__Htext9                         text9        0000
__LRAM                           (abs)        0001
__L__absolute__                  __absolute__ 0000
__Labs1                          abs1         0000
__Lbank0                         bank0        0000
__Lbank1                         bank1        0000
__Lbank10                        bank10       0000
__Lbank11                        bank11       0000
__Lbank12                        bank12       0000
__Lbank13                        bank13       0000
__Lbank14                        bank14       0000
__Lbank15                        bank15       0000
__Lbank2                         bank2        0000
__Lbank3                         bank3        0000
__Lbank4                         bank4        0000
__Lbank5                         bank5        0000
__Lbank6                         bank6        0000
__Lbank7                         bank7        0000
__Lbank8                         bank8        0000
__Lbank9                         bank9        0000
__Lbigbss                        bigbss       0000
__Lbigdata                       bigdata      0000
__Lbigram                        bigram       0000
__Lbigsfr                        bigsfr       0000
__Lbss                           bss          0000
__LbssBANK0                      bssBANK0     0000
__LbssBIGRAM                     bssBIGRAM    0000
__LbssCOMRAM                     bssCOMRAM    0000
__Lcinit                         cinit        0000
__Lclrtext                       clrtext      0000
__Lcomram                        comram       0000
__Lconfig                        config       0000
__Lconst                         const        0000
__LcstackBANK0                   cstackBANK0  0000
__LcstackBANK1                   cstackBANK1  0000
__LcstackBANK2                   cstackBANK2  0000
__LcstackCOMRAM                  cstackCOMRAM 0000
__Ldata                          data         0000
__LdataCOMRAM                    dataCOMRAM   0000
__Leeprom_data                   eeprom_data  0000
__Lfarbss                        farbss       0000
__Lfardata                       fardata      0000
__Lheap                          heap         0000
__Libigdata                      ibigdata     0000
__Lidata                         idata        0000
__LidataCOMRAM                   idataCOMRAM  0000
__Lidloc                         idloc        0000
__Lifardata                      ifardata     0000
__Linit                          init         071A
__Lintcode                       intcode      0008
__Lintcode_body                  intcode_body 0000
__Lintcodelo                     intcodelo    0018
__Lintentry                      intentry     0000
__Lintret                        intret       0000
__Lintsave_regs                  intsave_regs 0000
__Lirdata                        irdata       0000
__Lmediumconst                   mediumconst  0000
__LnvFARRAM                      nvFARRAM     0000
__Lnvbit                         nvbit        0000
__Lnvrram                        nvrram       0000
__Lparam                         rparam       0000
__Lpowerup                       powerup      0000
__Lram                           ram          0000
__Lramtop                        ramtop       1000
__Lrbit                          rbit         0000
__Lrbss                          rbss         0000
__Lrdata                         rdata        0000
__Lreset_vec                     reset_vec    0000
__Lrparam                        rparam       0000
__Lsfr                           sfr          0000
__Lsivt_hi                       sivt_hi      0000
__Lsivt_lo                       sivt_lo      0018
__Lsmallconst                    smallconst   1000
__Lspace_0                       (abs)        0000
__Lspace_1                       (abs)        0000
__Lspace_2                       (abs)        0000
__Lspace_4                       (abs)        0000
__Lstack                         stack        0000
__Lstruct                        struct       0000
__Ltemp                          temp         0000
__Ltext                          text         0000
__Ltext0                         text0        0000
__Ltext1                         text1        0000
__Ltext10                        text10       0000
__Ltext11                        text11       0000
__Ltext12                        text12       0000
__Ltext13                        text13       0000
__Ltext14                        text14       0000
__Ltext15                        text15       0000
__Ltext16                        text16       0000
__Ltext17                        text17       0000
__Ltext18                        text18       0000
__Ltext19                        text19       0000
__Ltext2                         text2        0000
__Ltext21                        text21       0000
__Ltext22                        text22       0000
__Ltext23                        text23       0000
__Ltext3                         text3        0000
__Ltext4                         text4        0000
__Ltext5                         text5        0000
__Ltext6                         text6        0000
__Ltext7                         text7        0000
__Ltext8                         text8        0000
__Ltext9                         text9        0000
__S0                             (abs)        2279
__S1                             (abs)        064E
__S4                             (abs)        0000
__S5                             (abs)        0000
___awmod                         text5        1DCE
___awmod@counter                 cstackBANK1  0158
___awmod@dividend                cstackBANK1  0154
___awmod@divisor                 cstackBANK1  0156
___awmod@sign                    cstackBANK1  0159
___heap_hi                       (abs)        0000
___heap_lo                       (abs)        0000
___inthi_sp                      stack        0000
___inthi_stack_hi                stack        0000
___inthi_stack_lo                stack        0000
___intlo_sp                      stack        0000
___intlo_stack_hi                stack        0000
___intlo_stack_lo                stack        0000
___param_bank                    (abs)        0000
___rparam_used                   (abs)        0001
___sp                            stack        0000
___stack_hi                      stack        0000
___stack_lo                      stack        0000
__accesstop                      (abs)        0060
__activetblptr                   (abs)        0002
__end_of_ISR                     intcode      071A
__end_of_LED_1_prio              text13       2252
__end_of_LED_2_prio              text18       2262
__end_of_LED_3_prio              text19       2272
__end_of___awmod                 text5        1E7E
__end_of__initialization         cinit        206E
__end_of_config_user             text8        2156
__end_of_idle                    text12       2202
__end_of_main                    text0        1FB4
__end_of_mutex_init              text11       20B8
__end_of_os_config               text6        2124
__end_of_os_create_task          text7        2022
__end_of_os_delay                text14       1616
__end_of_os_start                text1        1970
__end_of_pipe_init               text9        20F2
__end_of_priority_rr_scheduler   text4        1BDC
__end_of_scheduler               text3        21B0
__end_of_sem_init                text10       2186
__end_of_setup_hardware          text2        2242
__end_ofi1___awmod               text17       1DCE
__end_ofi1_priority_rr_scheduler text16       1AAA
__end_ofi1_scheduler             text15       21DA
__end_ofi2___awmod               text23       1F2C
__end_ofi2_priority_rr_scheduler text22       1D0A
__end_ofi2_scheduler             text21       222A
__initialization                 cinit        2022
__mediumconst                    smallconst   1000
__pbssBANK0                      bssBANK0     009C
__pbssBIGRAM                     bssBIGRAM    0276
__pbssCOMRAM                     bssCOMRAM    0021
__pcinit                         cinit        2022
__pcstackBANK0                   cstackBANK0  0060
__pcstackBANK1                   cstackBANK1  0100
__pcstackBANK2                   cstackBANK2  0200
__pcstackCOMRAM                  cstackCOMRAM 0002
__pdataCOMRAM                    dataCOMRAM   0030
__pidataCOMRAM                   idataCOMRAM  2272
__pintcode                       intcode      0008
__psmallconst                    smallconst   1000
__ptext0                         text0        1F2C
__ptext1                         text1        1616
__ptext10                        text10       2156
__ptext11                        text11       207C
__ptext12                        text12       21DA
__ptext13                        text13       2242
__ptext14                        text14       1002
__ptext15                        text15       21B0
__ptext16                        text16       1970
__ptext17                        text17       1D0A
__ptext18                        text18       2252
__ptext19                        text19       2262
__ptext2                         text2        222A
__ptext21                        text21       2202
__ptext22                        text22       1BDC
__ptext23                        text23       1E7E
__ptext3                         text3        2186
__ptext4                         text4        1AAA
__ptext5                         text5        1DCE
__ptext6                         text6        20F2
__ptext7                         text7        1FB4
__ptext8                         text8        2124
__ptext9                         text9        20B8
__ramtop                         ramtop       1000
__smallconst                     smallconst   1000
__uDynamicHeap                   bssBIGRAM    0276
_config_user                     text8        2124
_idle                            text12       21DA
_m_led                           bssCOMRAM    0021
_main                            text0        1F2C
_mutex_init                      text11       207C
_os_config                       text6        20F2
_os_create_task                  text7        1FB4
_os_delay                        text14       1002
_os_start                        text1        1616
_p                               bssBANK0     009C
_pipe_init                       text9        20B8
_priority_rr_scheduler           text4        1AAA
_r_queue                         bssBIGRAM    0476
_rr_quantum                      dataCOMRAM   0036
_s                               bssCOMRAM    0029
_scheduler                       text3        2186
_sem_init                        text10       2156
_setup_hardware                  text2        222A
btemp                            (abs)        0001
btemp0                           (abs)        0001
btemp1                           (abs)        0002
end_of_initialization            cinit        206E
i1___awmod                       text17       1D0A
i1___awmod@counter               cstackBANK0  0092
i1___awmod@dividend              cstackBANK1  0146
i1___awmod@divisor               cstackBANK1  0148
i1___awmod@sign                  cstackBANK0  0093
i1_priority_rr_scheduler         text16       1970
i1_scheduler                     text15       21B0
i1priority_rr_scheduler@current  cstackBANK0  0095
i1priority_rr_scheduler@found    cstackBANK0  0097
i1priority_rr_scheduler@i        cstackBANK0  009A
i1priority_rr_scheduler@i_1476   cstackBANK0  0098
i1priority_rr_scheduler@idx      cstackBANK0  0099
i1priority_rr_scheduler@max_prio cstackBANK0  0096
i2___awmod                       text23       1E7E
i2___awmod@counter               cstackCOMRAM 0006
i2___awmod@dividend              cstackCOMRAM 0002
i2___awmod@divisor               cstackCOMRAM 0004
i2___awmod@sign                  cstackCOMRAM 0007
i2_priority_rr_scheduler         text22       1BDC
i2_scheduler                     text21       2202
i2priority_rr_scheduler@current  cstackCOMRAM 0009
i2priority_rr_scheduler@found    cstackCOMRAM 000B
i2priority_rr_scheduler@i        cstackCOMRAM 000E
i2priority_rr_scheduler@i_1476   cstackCOMRAM 000C
i2priority_rr_scheduler@idx      cstackCOMRAM 000D
i2priority_rr_scheduler@max_prio cstackCOMRAM 000A
int$flags                        (abs)        0001
intlevel0                        text         0000
intlevel1                        text         0000
intlevel2                        text         0000
intlevel3                        text         0000
isa$std                          (abs)        0001
isa$xinst                        (abs)        0000
mutex_init@m                     cstackBANK1  0154
os_create_task@func              cstackBANK1  0154
os_create_task@id                cstackBANK2  0200
os_create_task@new_task          cstackBANK2  0201
os_create_task@prior             cstackBANK1  0156
os_delay@time                    cstackBANK0  009B
pipe_init@p                      cstackBANK1  0158
priority_rr_scheduler@current    cstackBANK1  015B
priority_rr_scheduler@found      cstackBANK1  015D
priority_rr_scheduler@i          cstackBANK1  0160
priority_rr_scheduler@i_1476     cstackBANK1  015E
priority_rr_scheduler@idx        cstackBANK1  015F
priority_rr_scheduler@max_prio   cstackBANK1  015C
sem_init@sem                     cstackBANK1  0154
sem_init@valor                   cstackBANK1  0155
stackhi                          (abs)        0000
stacklo                          (abs)        0000
start                            init         071A
start_initialization             cinit        2022


MODULE INFORMATION

Module		Function		Class		Link	Load	Size
C:\Program Files\Microchip\xc8\v3.10\pic\sources\c99\common\awmod.c
		___awmod       		CODE           	1DCE	0000	176

C:\Program Files\Microchip\xc8\v3.10\pic\sources\c99\common\awmod.c estimated size: 176

hw.c
		_ISR           		CODE           	0008	0000	1810
		_setup_hardware		CODE           	222A	0000	24

hw.c estimated size: 1834

com.c
		_pipe_init     		CODE           	20B8	0000	58

com.c estimated size: 58

kernel.c
		_os_config     		CODE           	20F2	0000	50
		_os_start      		CODE           	1616	0000	858
		_idle          		CODE           	21DA	0000	40
		_os_delay      		CODE           	1002	0000	1556
		_os_create_task		CODE           	1FB4	0000	110

kernel.c estimated size: 2614

shared
		__initialization		CODE           	2022	0000	76
		i1_priority_rr_scheduler		CODE           	1970	0000	314
		i2_priority_rr_scheduler		CODE           	1BDC	0000	302
		i1___awmod     		CODE           	1D0A	0000	196
		i2___awmod     		CODE           	1E7E	0000	174
		i1_scheduler   		CODE           	21B0	0000	42
		i2_scheduler   		CODE           	2202	0000	40

shared estimated size: 1144

user.c
		_LED_1_prio    		CODE           	2242	0000	16
		_LED_2_prio    		CODE           	2252	0000	16
		_config_user   		CODE           	2124	0000	50
		_LED_3_prio    		CODE           	2262	0000	16

user.c estimated size: 98

scheduler.c
		_scheduler     		CODE           	2186	0000	42
		_priority_rr_scheduler		CODE           	1AAA	0000	306

scheduler.c estimated size: 348

sync.c
		_sem_init      		CODE           	2156	0000	48
		_mutex_init    		CODE           	207C	0000	60

sync.c estimated size: 108

main.c
		_main          		CODE           	1F2C	0000	136

main.c estimated size: 136

