Microchip MPLAB XC8 Compiler V3.10

Linker command line:

-W-3 \
  --edf=C:\Program Files\Microchip\xc8\v3.10\pic\dat\20250813170317_en.msgs \
  -cn -h+dist/default/production\RTOS-2026.production.sym \
  --cmf=dist/default/production\RTOS-2026.production.cmf -z -Q18F46K22 \
  -oC:\Users\Yuri\AppData\Local\Temp\xcAs2fo.0\driver_tmp_3.o \
  --defsym=__MPLAB_BUILD=1 --fixupoverflow=error \
  -Mdist/default/production/RTOS-2026.production.map \
  --md=C:\Users\Yuri\AppData\Local\Temp\xcAs2fo.0\driver_tmp_0.dat -E1 \
  -ver=XC8 Compiler -ACODE=00h-0FFFFh -ACONST=00h-0FFFFh \
  -ASMALLCONST=01000h-010FFhx240 -AMEDIUMCONST=01000h-0FFFFh \
  -ACOMRAM=01h-05Fh -AABS1=00h-0F37h -ABIGRAM=01h-0F37h \
  -ARAM=060h-0FFh,0100h-01FFhx14,0F00h-0F37h -ABANK0=060h-0FFh \
  -ABANK1=0100h-01FFh -ABANK2=0200h-02FFh -ABANK3=0300h-03FFh \
  -ABANK4=0400h-04FFh -ABANK5=0500h-05FFh -ABANK6=0600h-06FFh \
  -ABANK7=0700h-07FFh -ABANK8=0800h-08FFh -ABANK9=0900h-09FFh \
  -ABANK10=0A00h-0AFFh -ABANK11=0B00h-0BFFh -ABANK12=0C00h-0CFFh \
  -ABANK13=0D00h-0DFFh -ABANK14=0E00h-0EFFh -ABANK15=0F00h-0F37h \
  -ASFR=0F38h-0F5Fh,0F60h-0FFFh -ABIGSFR=0F38h-0FFFh \
  -ACONFIG=0300000h-030000Dh -AIDLOC=0200000h-0200007h \
  -AEEDATA=0F00000h-0F003FFh -peeprom_data=EEDATA \
  -preset_vec=00h,intcode=8h,intcodelo=18h,sivt_lo,sivt_hi=CODE \
  -ppowerup=CODE,init -pramtop=01000h -psmallconst=SMALLCONST \
  -pmediumconst=MEDIUMCONST -pconst=CONST -AFARRAM=00h-00h \
  -prdata=COMRAM,nvrram=COMRAM,nvbit=COMRAM,rbss=COMRAM,rbit=COMRAM \
  -pfarbss=FARRAM,fardata=FARRAM,nvFARRAM=FARRAM \
  -pintsave_regs=BIGRAM,bigbss=BIGRAM,bigdata=BIGRAM -pbss=RAM \
  -pidata=CODE,irdata=CODE,ibigdata=CODE,ifardata=CODE -prparam=COMRAM \
  C:\Users\Yuri\AppData\Local\Temp\xcAs2fo.0\driver_tmp_9.o \
  dist/default/production\RTOS-2026.production.o 

Object code version is 3.11

Machine type is 18F46K22



                Name                               Link     Load   Length Selector   Space Scale
C:\Users\Yuri\AppData\Local\Temp\xcAs2fo.0\driver_tmp_9.o
                init                                74E      74E        4        4       0
                reset_vec                             0        0        4        0       0
dist/default/production\RTOS-2026.production.o
                intcode                               8        8      746        4       0
                smallconst                         1000     1000        2      800       0
                text32                             28E8     28E8      136      801       0
                text31                             3154     3154       28      801       0
                text29                             3080     3080       30      801       0
                text28                             31B2     31B2       18      801       0
                text27                             3198     3198       1A      801       0
                text26                             3050     3050       30      801       0
                text25                             2E3C     2E3C       58      801       0
                text24                             2EEA     2EEA       4A      801       0
                text23                             2B24     2B24       B0      801       0
                text22                             27B0     27B0      138      801       0
                text21                             30DA     30DA       2A      801       0
                text20                             1002     1002      698      801       0
                text19                             2A1E     2A1E      106      801       0
                text18                             1D0A     1D0A      614      801       0
                text17                             2C72     2C72       9C      801       0
                text16                             169A     169A      670      801       0
                text15                             2E94     2E94       56      801       0
                text14                             2BD4     2BD4       9E      801       0
                text13                             312C     312C       28      801       0
                text12                             3104     3104       28      801       0
                text11                             2F78     2F78       3C      801       0
                text10                             3020     3020       30      801       0
                text9                              2FB4     2FB4       3A      801       0
                text8                              31CA     31CA        E      801       0
                text7                              2F34     2F34       44      801       0
                text6                              2D0E     2D0E       6C      801       0
                text5                              2FEE     2FEE       32      801       0
                text4                              2678     2678      138      801       0
                text3                              30B0     30B0       2A      801       0
                text2                              317C     317C       1C      801       0
                text1                              231E     231E      35A      801       0
                text0                              2DDC     2DDC       60      801       0
                cstackCOMRAM                          2        2       19        2       1
                cstackBANK0                          8F       8F       20       60       1
                cstackBANK1                         100      100       42      100       1
                cstackBANK2                         200      200       80      200       1
                cstackBANK3                         300      300       35      300       1
                bssBIGRAM                           335      335      354      335       1
                dataBANK0                            AF       AF        6       60       1
                bssBANK0                             60       60       2F       60       1
                dataCOMRAM                           1C       1C        1        2       1
                bssCOMRAM                            1B       1B        1        2       1
                cinit                              2D7A     2D7A       62      801       0
                idataBANK0                         31D8     31D8        6      801       0
                idataCOMRAM                        31DE     31DE        1      801       0

TOTAL           Name                               Link     Load   Length     Space
        CLASS   CODE           
                intcode                               8        8      746         0
                init                                74E      74E        4         0
                reset_vec                             0        0        4         0
                text32                             28E8     28E8      136         0
                text31                             3154     3154       28         0
                text29                             3080     3080       30         0
                text28                             31B2     31B2       18         0
                text27                             3198     3198       1A         0
                text26                             3050     3050       30         0
                text25                             2E3C     2E3C       58         0
                text24                             2EEA     2EEA       4A         0
                text23                             2B24     2B24       B0         0
                text22                             27B0     27B0      138         0
                text21                             30DA     30DA       2A         0
                text20                             1002     1002      698         0
                text19                             2A1E     2A1E      106         0
                text18                             1D0A     1D0A      614         0
                text17                             2C72     2C72       9C         0
                text16                             169A     169A      670         0
                text15                             2E94     2E94       56         0
                text14                             2BD4     2BD4       9E         0
                text13                             312C     312C       28         0
                text12                             3104     3104       28         0
                text11                             2F78     2F78       3C         0
                text10                             3020     3020       30         0
                text9                              2FB4     2FB4       3A         0
                text8                              31CA     31CA        E         0
                text7                              2F34     2F34       44         0
                text6                              2D0E     2D0E       6C         0
                text5                              2FEE     2FEE       32         0
                text4                              2678     2678      138         0
                text3                              30B0     30B0       2A         0
                text2                              317C     317C       1C         0
                text1                              231E     231E      35A         0
                text0                              2DDC     2DDC       60         0
                cinit                              2D7A     2D7A       62         0
                idataBANK0                         31D8     31D8        6         0
                idataCOMRAM                        31DE     31DE        1         0

        CLASS   CONST          

        CLASS   SMALLCONST     
                smallconst                         1000     1000        2         0

        CLASS   MEDIUMCONST    

        CLASS   COMRAM         
                cstackCOMRAM                          2        2       19         1
                dataCOMRAM                           1C       1C        1         1
                bssCOMRAM                            1B       1B        1         1

        CLASS   ABS1           
                abs_s1                                1        1        1         1

        CLASS   BIGRAM         
                bssBIGRAM                           335      335      354         1

        CLASS   RAM            

        CLASS   BANK0          
                cstackBANK0                          8F       8F       20         1
                dataBANK0                            AF       AF        6         1
                bssBANK0                             60       60       2F         1

        CLASS   BANK1          
                cstackBANK1                         100      100       42         1

        CLASS   BANK2          
                cstackBANK2                         200      200       80         1

        CLASS   BANK3          
                cstackBANK3                         300      300       35         1

        CLASS   BANK4          

        CLASS   BANK5          

        CLASS   BANK6          

        CLASS   BANK7          

        CLASS   BANK8          

        CLASS   BANK9          

        CLASS   BANK10         

        CLASS   BANK11         

        CLASS   BANK12         

        CLASS   BANK13         

        CLASS   BANK14         

        CLASS   BANK15         

        CLASS   SFR            

        CLASS   BIGSFR         

        CLASS   CONFIG         

        CLASS   IDLOC          

        CLASS   EEDATA         

        CLASS   FARRAM         

        CLASS   HEAP           

        CLASS   STACK          



SEGMENTS        Name                           Load    Length   Top    Selector   Space  Class

                reset_vec                      000000  000004  000004         0       0  CODE    
                cstackCOMRAM                   000002  00001B  00001D         2       1  COMRAM  
                intcode                        000008  00074A  000752         4       0  CODE    
                bssBANK0                       000060  000055  0000B5        60       1  BANK0   
                cstackBANK1                    000100  000042  000142       100       1  BANK1   
                cstackBANK2                    000200  000080  000280       200       1  BANK2   
                cstackBANK3                    000300  000035  000335       300       1  BANK3   
                bssBIGRAM                      000335  000354  000689       335       1  BIGRAM  
                smallconst                     001000  000002  001002       800       0  SMALLCON
                text20                         001002  0021DD  0031DF       801       0  CODE    


UNUSED ADDRESS RANGES

        Name                Unused          Largest block    Delta
        BANK0            00B5-00FF             4B
        BANK1            0142-01FF             BE
        BANK10           0A00-0AFF            100
        BANK11           0B00-0BFF            100
        BANK12           0C00-0CFF            100
        BANK13           0D00-0DFF            100
        BANK14           0E00-0EFF            100
        BANK15           0F00-0F37             38
        BANK2            0280-02FF             80
        BANK6            0689-06FF             77
        BANK7            0700-07FF            100
        BANK8            0800-08FF            100
        BANK9            0900-09FF            100
        BIGRAM           001D-005F             43
                         00B5-00FF             4B
                         0142-01FF             BE
                         0280-02FF             80
                         0689-0F37            8AF
        BIGSFR           0F38-0FFF             C8
        CODE             0004-0007              4
                         0752-0FFF            8AE
                         31DF-FFFF           CE21
        COMRAM           001D-005F             43
        CONFIG           300000-30000D              E
        CONST            0004-0007              4
                         0752-0FFF            8AE
                         31DF-FFFF           CE21
        EEDATA           F00000-F003FF            400
        IDLOC            200000-200007              8
        MEDIUMCONST      31DF-FFFF           CE21
        RAM              00B5-00FF             4B
                         0142-01FF             BE
                         0280-02FF             80
                         0689-0F37            100
        SFR              0F38-0FFF             28
        SMALLCONST       31DF-FFFF            100

                                  Symbol Table

?___awmod                        cstackBANK1  012F
?_adc_read                       cstackBANK1  0140
ISR@i                            cstackCOMRAM 0019
LED_1@F6269                      dataBANK0    00AF
LED_1@pos                        cstackBANK0  00AE
LED_1@seq                        cstackBANK0  00A8
_ADCON0bits                      (abs)        0FC2
_ADCON1bits                      (abs)        0FC1
_ADCON2bits                      (abs)        0FC0
_ADRES                           (abs)        0FC3
_ANSELAbits                      (abs)        0F38
_ANSELBbits                      (abs)        0F39
_ANSELCbits                      (abs)        0F3A
_ANSELDbits                      (abs)        0F3B
_BSR                             (abs)        0FE0
_CCP1CON                         (abs)        0FBD
_CCP1CONbits                     (abs)        0FBD
_CCPR1L                          (abs)        0FBE
_FSR0H                           (abs)        0FEA
_FSR0L                           (abs)        0FE9
_FSR1H                           (abs)        0FE2
_FSR1L                           (abs)        0FE1
_FSR2H                           (abs)        0FDA
_FSR2L                           (abs)        0FD9
_INTCON2bits                     (abs)        0FF1
_INTCONbits                      (abs)        0FF2
_ISR                             intcode      0008
_LATDbits                        (abs)        0F8C
_LED_1                           text14       2BD4
_LED_2                           text24       2EEA
_PCLATH                          (abs)        0FFA
_PCLATU                          (abs)        0FFB
_PORTCbits                       (abs)        0F82
_PORTDbits                       (abs)        0F83
_PR2                             (abs)        0FBB
_PRODH                           (abs)        0FF4
_PRODL                           (abs)        0FF3
_READ_ADC                        text26       3050
_STATUS                          (abs)        0FD8
_STKPTR                          (abs)        0FFC
_T0CONbits                       (abs)        0FD5
_T2CON                           (abs)        0FBA
_TABLAT                          (abs)        0FF5
_TBLPTRH                         (abs)        0FF7
_TBLPTRL                         (abs)        0FF6
_TBLPTRU                         (abs)        0FF8
_TMR0                            (abs)        0FD6
_TOSH                            (abs)        0FFE
_TOSL                            (abs)        0FFD
_TOSU                            (abs)        0FFF
_TRISAbits                       (abs)        0F92
_TRISBbits                       (abs)        0F93
_TRISCbits                       (abs)        0F94
_TRISDbits                       (abs)        0F95
_WREG                            (abs)        0FE8
__HRAM                           (abs)        0000
__H__absolute__                  __absolute__ 0000
__Habs1                          abs1         0000
__Hbank0                         bank0        0000
__Hbank1                         bank1        0000
__Hbank10                        bank10       0000
__Hbank11                        bank11       0000
__Hbank12                        bank12       0000
__Hbank13                        bank13       0000
__Hbank14                        bank14       0000
__Hbank15                        bank15       0000
__Hbank2                         bank2        0000
__Hbank3                         bank3        0000
__Hbank4                         bank4        0000
__Hbank5                         bank5        0000
__Hbank6                         bank6        0000
__Hbank7                         bank7        0000
__Hbank8                         bank8        0000
__Hbank9                         bank9        0000
__Hbigbss                        bigbss       0000
__Hbigdata                       bigdata      0000
__Hbigram                        bigram       0000
__Hbigsfr                        bigsfr       0000
__Hbss                           bss          0000
__HbssBANK0                      bssBANK0     0000
__HbssBIGRAM                     bssBIGRAM    0000
__HbssCOMRAM                     bssCOMRAM    0000
__Hcinit                         cinit        0000
__Hclrtext                       clrtext      0000
__Hcomram                        comram       0000
__Hconfig                        config       0000
__Hconst                         const        0000
__HcstackBANK0                   cstackBANK0  0000
__HcstackBANK1                   cstackBANK1  0000
__HcstackBANK2                   cstackBANK2  0000
__HcstackBANK3                   cstackBANK3  0000
__HcstackCOMRAM                  cstackCOMRAM 0000
__Hdata                          data         0000
__HdataBANK0                     dataBANK0    0000
__HdataCOMRAM                    dataCOMRAM   0000
__Heeprom_data                   eeprom_data  0000
__Hfarbss                        farbss       0000
__Hfardata                       fardata      0000
__Hheap                          heap         0000
__Hibigdata                      ibigdata     0000
__Hidata                         idata        0000
__HidataBANK0                    idataBANK0   0000
__HidataCOMRAM                   idataCOMRAM  0000
__Hidloc                         idloc        0000
__Hifardata                      ifardata     0000
__Hinit                          init         0752
__Hintcode                       intcode      074E
__Hintcode_body                  intcode_body 0000
__Hintcodelo                     intcodelo    0018
__Hintentry                      intentry     0000
__Hintret                        intret       0000
__Hintsave_regs                  intsave_regs 0000
__Hirdata                        irdata       0000
__Hmediumconst                   mediumconst  0000
__HnvFARRAM                      nvFARRAM     0000
__Hnvbit                         nvbit        0000
__Hnvrram                        nvrram       0000
__Hparam                         rparam       0000
__Hpowerup                       powerup      0000
__Hram                           ram          0000
__Hramtop                        ramtop       1000
__Hrbit                          rbit         0000
__Hrbss                          rbss         0000
__Hrdata                         rdata        0000
__Hreset_vec                     reset_vec    0004
__Hrparam                        rparam       0000
__Hsfr                           sfr          0000
__Hsivt_hi                       sivt_hi      0000
__Hsivt_lo                       sivt_lo      0018
__Hsmallconst                    smallconst   1002
__Hspace_0                       (abs)        31DF
__Hspace_1                       (abs)        0689
__Hspace_2                       (abs)        0000
__Hspace_4                       (abs)        0000
__Hstack                         stack        0000
__Hstruct                        struct       0000
__Htemp                          temp         0000
__Htext                          text         0000
__Htext0                         text0        0000
__Htext1                         text1        0000
__Htext10                        text10       0000
__Htext11                        text11       0000
__Htext12                        text12       0000
__Htext13                        text13       0000
__Htext14                        text14       0000
__Htext15                        text15       0000
__Htext16                        text16       0000
__Htext17                        text17       0000
__Htext18                        text18       0000
__Htext19                        text19       0000
__Htext2                         text2        0000
__Htext20                        text20       0000
__Htext21                        text21       0000
__Htext22                        text22       0000
__Htext23                        text23       0000
__Htext24                        text24       0000
__Htext25                        text25       0000
__Htext26                        text26       0000
__Htext27                        text27       0000
__Htext28                        text28       0000
__Htext29                        text29       0000
__Htext3                         text3        0000
__Htext31                        text31       0000
__Htext32                        text32       0000
__Htext4                         text4        0000
__Htext5                         text5        0000
__Htext6                         text6        0000
__Htext7                         text7        0000
__Htext8                         text8        0000
__Htext9                         text9        0000
__LRAM                           (abs)        0001
__L__absolute__                  __absolute__ 0000
__Labs1                          abs1         0000
__Lbank0                         bank0        0000
__Lbank1                         bank1        0000
__Lbank10                        bank10       0000
__Lbank11                        bank11       0000
__Lbank12                        bank12       0000
__Lbank13                        bank13       0000
__Lbank14                        bank14       0000
__Lbank15                        bank15       0000
__Lbank2                         bank2        0000
__Lbank3                         bank3        0000
__Lbank4                         bank4        0000
__Lbank5                         bank5        0000
__Lbank6                         bank6        0000
__Lbank7                         bank7        0000
__Lbank8                         bank8        0000
__Lbank9                         bank9        0000
__Lbigbss                        bigbss       0000
__Lbigdata                       bigdata      0000
__Lbigram                        bigram       0000
__Lbigsfr                        bigsfr       0000
__Lbss                           bss          0000
__LbssBANK0                      bssBANK0     0000
__LbssBIGRAM                     bssBIGRAM    0000
__LbssCOMRAM                     bssCOMRAM    0000
__Lcinit                         cinit        0000
__Lclrtext                       clrtext      0000
__Lcomram                        comram       0000
__Lconfig                        config       0000
__Lconst                         const        0000
__LcstackBANK0                   cstackBANK0  0000
__LcstackBANK1                   cstackBANK1  0000
__LcstackBANK2                   cstackBANK2  0000
__LcstackBANK3                   cstackBANK3  0000
__LcstackCOMRAM                  cstackCOMRAM 0000
__Ldata                          data         0000
__LdataBANK0                     dataBANK0    0000
__LdataCOMRAM                    dataCOMRAM   0000
__Leeprom_data                   eeprom_data  0000
__Lfarbss                        farbss       0000
__Lfardata                       fardata      0000
__Lheap                          heap         0000
__Libigdata                      ibigdata     0000
__Lidata                         idata        0000
__LidataBANK0                    idataBANK0   0000
__LidataCOMRAM                   idataCOMRAM  0000
__Lidloc                         idloc        0000
__Lifardata                      ifardata     0000
__Linit                          init         074E
__Lintcode                       intcode      0008
__Lintcode_body                  intcode_body 0000
__Lintcodelo                     intcodelo    0018
__Lintentry                      intentry     0000
__Lintret                        intret       0000
__Lintsave_regs                  intsave_regs 0000
__Lirdata                        irdata       0000
__Lmediumconst                   mediumconst  0000
__LnvFARRAM                      nvFARRAM     0000
__Lnvbit                         nvbit        0000
__Lnvrram                        nvrram       0000
__Lparam                         rparam       0000
__Lpowerup                       powerup      0000
__Lram                           ram          0000
__Lramtop                        ramtop       1000
__Lrbit                          rbit         0000
__Lrbss                          rbss         0000
__Lrdata                         rdata        0000
__Lreset_vec                     reset_vec    0000
__Lrparam                        rparam       0000
__Lsfr                           sfr          0000
__Lsivt_hi                       sivt_hi      0000
__Lsivt_lo                       sivt_lo      0018
__Lsmallconst                    smallconst   1000
__Lspace_0                       (abs)        0000
__Lspace_1                       (abs)        0000
__Lspace_2                       (abs)        0000
__Lspace_4                       (abs)        0000
__Lstack                         stack        0000
__Lstruct                        struct       0000
__Ltemp                          temp         0000
__Ltext                          text         0000
__Ltext0                         text0        0000
__Ltext1                         text1        0000
__Ltext10                        text10       0000
__Ltext11                        text11       0000
__Ltext12                        text12       0000
__Ltext13                        text13       0000
__Ltext14                        text14       0000
__Ltext15                        text15       0000
__Ltext16                        text16       0000
__Ltext17                        text17       0000
__Ltext18                        text18       0000
__Ltext19                        text19       0000
__Ltext2                         text2        0000
__Ltext20                        text20       0000
__Ltext21                        text21       0000
__Ltext22                        text22       0000
__Ltext23                        text23       0000
__Ltext24                        text24       0000
__Ltext25                        text25       0000
__Ltext26                        text26       0000
__Ltext27                        text27       0000
__Ltext28                        text28       0000
__Ltext29                        text29       0000
__Ltext3                         text3        0000
__Ltext31                        text31       0000
__Ltext32                        text32       0000
__Ltext4                         text4        0000
__Ltext5                         text5        0000
__Ltext6                         text6        0000
__Ltext7                         text7        0000
__Ltext8                         text8        0000
__Ltext9                         text9        0000
__S0                             (abs)        31DF
__S1                             (abs)        0689
__S4                             (abs)        0000
__S5                             (abs)        0000
___awmod                         text23       2B24
___awmod@counter                 cstackBANK1  0133
___awmod@dividend                cstackBANK1  012F
___awmod@divisor                 cstackBANK1  0131
___awmod@sign                    cstackBANK1  0134
___heap_hi                       (abs)        0000
___heap_lo                       (abs)        0000
___inthi_sp                      stack        0000
___inthi_stack_hi                stack        0000
___inthi_stack_lo                stack        0000
___intlo_sp                      stack        0000
___intlo_stack_hi                stack        0000
___intlo_stack_lo                stack        0000
___param_bank                    (abs)        0000
___rparam_used                   (abs)        0001
___sp                            stack        0000
___stack_hi                      stack        0000
___stack_lo                      stack        0000
__accesstop                      (abs)        0060
__activetblptr                   (abs)        0002
__end_of_ISR                     intcode      074E
__end_of_LED_1                   text14       2C72
__end_of_LED_2                   text24       2F34
__end_of_READ_ADC                text26       3080
__end_of___awmod                 text23       2BD4
__end_of__initialization         cinit        2DCE
__end_of_adc_config              text12       312C
__end_of_adc_read                text27       31B2
__end_of_config_user             text7        2F78
__end_of_idle                    text13       3154
__end_of_main                    text0        2E3C
__end_of_mutex_init              text11       2FB4
__end_of_mutex_lock              text20       169A
__end_of_mutex_unlock            text19       2B24
__end_of_os_config               text5        3020
__end_of_os_create_task          text6        2D7A
__end_of_os_delay                text18       231E
__end_of_os_start                text1        2678
__end_of_pipe_init               text9        2FEE
__end_of_pipe_read               text25       2E94
__end_of_pipe_write              text15       2EEA
__end_of_priority_rr_scheduler   text4        27B0
__end_of_pwm_init                text8        31D8
__end_of_pwm_set_duty            text29       30B0
__end_of_scheduler               text3        30DA
__end_of_sem_init                text10       3050
__end_of_sem_post                text17       2D0E
__end_of_sem_wait                text16       1D0A
__end_of_setup_hardware          text2        3198
__end_of_tarefaPWN               text28       31CA
__end_ofi1_priority_rr_scheduler text22       28E8
__end_ofi1_scheduler             text21       3104
__end_ofi2_priority_rr_scheduler text32       2A1E
__end_ofi2_scheduler             text31       317C
__initialization                 cinit        2D7A
__mediumconst                    smallconst   1000
__pbssBANK0                      bssBANK0     0060
__pbssBIGRAM                     bssBIGRAM    0335
__pbssCOMRAM                     bssCOMRAM    001B
__pcinit                         cinit        2D7A
__pcstackBANK0                   cstackBANK0  008F
__pcstackBANK1                   cstackBANK1  0100
__pcstackBANK2                   cstackBANK2  0200
__pcstackBANK3                   cstackBANK3  0300
__pcstackCOMRAM                  cstackCOMRAM 0002
__pdataBANK0                     dataBANK0    00AF
__pdataCOMRAM                    dataCOMRAM   001C
__pidataBANK0                    idataBANK0   31D8
__pidataCOMRAM                   idataCOMRAM  31DE
__pintcode                       intcode      0008
__psmallconst                    smallconst   1000
__ptext0                         text0        2DDC
__ptext1                         text1        231E
__ptext10                        text10       3020
__ptext11                        text11       2F78
__ptext12                        text12       3104
__ptext13                        text13       312C
__ptext14                        text14       2BD4
__ptext15                        text15       2E94
__ptext16                        text16       169A
__ptext17                        text17       2C72
__ptext18                        text18       1D0A
__ptext19                        text19       2A1E
__ptext2                         text2        317C
__ptext20                        text20       1002
__ptext21                        text21       30DA
__ptext22                        text22       27B0
__ptext23                        text23       2B24
__ptext24                        text24       2EEA
__ptext25                        text25       2E3C
__ptext26                        text26       3050
__ptext27                        text27       3198
__ptext28                        text28       31B2
__ptext29                        text29       3080
__ptext3                         text3        30B0
__ptext31                        text31       3154
__ptext32                        text32       28E8
__ptext4                         text4        2678
__ptext5                         text5        2FEE
__ptext6                         text6        2D0E
__ptext7                         text7        2F34
__ptext8                         text8        31CA
__ptext9                         text9        2FB4
__ramtop                         ramtop       1000
__smallconst                     smallconst   1000
__uDynamicHeap                   bssBIGRAM    0335
_adc_config                      text12       3104
_adc_read                        text27       3198
_config_user                     text7        2F34
_dado                            bssCOMRAM    001B
_idle                            text13       312C
_m_led                           bssBANK0     007A
_main                            text0        2DDC
_mutex_init                      text11       2F78
_mutex_lock                      text20       1002
_mutex_unlock                    text19       2A1E
_os_config                       text5        2FEE
_os_create_task                  text6        2D0E
_os_delay                        text18       1D0A
_os_start                        text1        231E
_p                               bssBANK0     0060
_pipe_init                       text9        2FB4
_pipe_read                       text25       2E3C
_pipe_write                      text15       2E94
_priority_rr_scheduler           text4        2678
_pwm_init                        text8        31CA
_pwm_set_duty                    text29       3080
_r_queue                         bssBIGRAM    0535
_rr_quantum                      dataCOMRAM   001C
_s                               bssBANK0     0085
_scheduler                       text3        30B0
_sem_init                        text10       3020
_sem_post                        text17       2C72
_sem_wait                        text16       169A
_setup_hardware                  text2        317C
_tarefaPWN                       text28       31B2
btemp                            (abs)        0001
btemp0                           (abs)        0001
btemp1                           (abs)        0002
end_of_initialization            cinit        2DCE
i1_priority_rr_scheduler         text22       27B0
i1_scheduler                     text21       30DA
i1priority_rr_scheduler@current  cstackBANK2  026F
i1priority_rr_scheduler@found    cstackBANK2  0271
i1priority_rr_scheduler@i        cstackBANK2  0273
i1priority_rr_scheduler@i_1768   cstackBANK2  0272
i1priority_rr_scheduler@idx      cstackBANK2  0274
i1priority_rr_scheduler@max_prio cstackBANK2  0270
i2_priority_rr_scheduler         text32       28E8
i2_scheduler                     text31       3154
i2priority_rr_scheduler@current  cstackCOMRAM 0003
i2priority_rr_scheduler@found    cstackCOMRAM 0005
i2priority_rr_scheduler@i        cstackCOMRAM 0007
i2priority_rr_scheduler@i_1768   cstackCOMRAM 0006
i2priority_rr_scheduler@idx      cstackCOMRAM 0008
i2priority_rr_scheduler@max_prio cstackCOMRAM 0004
int$flags                        (abs)        0001
intlevel0                        text         0000
intlevel1                        text         0000
intlevel2                        text         0000
intlevel3                        text         0000
isa$std                          (abs)        0001
isa$xinst                        (abs)        0000
mutex_init@m                     cstackBANK3  0300
mutex_lock@m                     cstackBANK0  009F
mutex_unlock@m                   cstackBANK0  009F
mutex_unlock@task_idx            cstackBANK0  00A2
os_create_task@func              cstackBANK3  0300
os_create_task@id                cstackBANK3  0304
os_create_task@new_task          cstackBANK3  0305
os_create_task@prior             cstackBANK3  0302
os_delay@time                    cstackBANK2  027F
pipe_init@p                      cstackBANK3  0304
pipe_read@dado                   cstackBANK1  013E
pipe_read@p                      cstackBANK1  013D
pipe_write@dado                  cstackBANK0  00A0
pipe_write@p                     cstackBANK0  009F
priority_rr_scheduler@current    cstackBANK3  0301
priority_rr_scheduler@found      cstackBANK3  0303
priority_rr_scheduler@i          cstackBANK3  0305
priority_rr_scheduler@i_1768     cstackBANK3  0304
priority_rr_scheduler@idx        cstackBANK3  0306
priority_rr_scheduler@max_prio   cstackBANK3  0302
pwm_set_duty@duty                cstackBANK2  026E
sem_init@sem                     cstackBANK3  0300
sem_init@valor                   cstackBANK3  0301
sem_post@sem                     cstackBANK1  0135
sem_wait@sem                     cstackBANK1  0135
stackhi                          (abs)        0000
stacklo                          (abs)        0000
start                            init         074E
start_initialization             cinit        2D7A


MODULE INFORMATION

Module		Function		Class		Link	Load	Size
C:\Program Files\Microchip\xc8\v3.10\pic\sources\c99\common\awmod.c
		___awmod       		CODE           	2B24	0000	176

C:\Program Files\Microchip\xc8\v3.10\pic\sources\c99\common\awmod.c estimated size: 176

io.c
		_pwm_set_duty  		CODE           	3080	0000	48
		_adc_config    		CODE           	3104	0000	40
		_adc_read      		CODE           	3198	0000	26
		_pwm_init      		CODE           	31CA	0000	14

io.c estimated size: 128

hw.c
		_ISR           		CODE           	0008	0000	1862
		_setup_hardware		CODE           	317C	0000	28

hw.c estimated size: 1890

com.c
		_pipe_read     		CODE           	2E3C	0000	88
		_pipe_init     		CODE           	2FB4	0000	58
		_pipe_write    		CODE           	2E94	0000	86

com.c estimated size: 232

kernel.c
		_os_config     		CODE           	2FEE	0000	50
		_os_start      		CODE           	231E	0000	858
		_idle          		CODE           	312C	0000	40
		_os_delay      		CODE           	1D0A	0000	1556
		_os_create_task		CODE           	2D0E	0000	108

kernel.c estimated size: 2612

shared
		__initialization		CODE           	2D7A	0000	84
		i1_priority_rr_scheduler		CODE           	27B0	0000	312
		i2_priority_rr_scheduler		CODE           	28E8	0000	310
		i1_scheduler   		CODE           	30DA	0000	42
		i2_scheduler   		CODE           	3154	0000	40

shared estimated size: 788

user.c
		_LED_2         		CODE           	2EEA	0000	74
		_READ_ADC      		CODE           	3050	0000	48
		_LED_1         		CODE           	2BD4	0000	158
		_config_user   		CODE           	2F34	0000	68
		_tarefaPWN     		CODE           	31B2	0000	24

user.c estimated size: 372

scheduler.c
		_scheduler     		CODE           	30B0	0000	42
		_priority_rr_scheduler		CODE           	2678	0000	312

scheduler.c estimated size: 354

sync.c
		_mutex_lock    		CODE           	1002	0000	1688
		_mutex_unlock  		CODE           	2A1E	0000	262
		_sem_wait      		CODE           	169A	0000	1648
		_sem_init      		CODE           	3020	0000	48
		_sem_post      		CODE           	2C72	0000	156
		_mutex_init    		CODE           	2F78	0000	60

sync.c estimated size: 3862

main.c
		_main          		CODE           	2DDC	0000	96

main.c estimated size: 96

