Microchip MPLAB XC8 Compiler V3.10

Linker command line:

-W-3 \
  --edf=C:\Program Files\Microchip\xc8\v3.10\pic\dat\20250813170317_en.msgs \
  -cn -h+dist/default/production\RTOS-2026.production.sym \
  --cmf=dist/default/production\RTOS-2026.production.cmf -z -Q18F46K22 \
  -oC:\Users\Yuri\AppData\Local\Temp\xcAs3uc.0\driver_tmp_3.o \
  --defsym=__MPLAB_BUILD=1 --fixupoverflow=error \
  -Mdist/default/production/RTOS-2026.production.map \
  --md=C:\Users\Yuri\AppData\Local\Temp\xcAs3uc.0\driver_tmp_0.dat -E1 \
  -ver=XC8 Compiler -ACODE=00h-0FFFFh -ACONST=00h-0FFFFh \
  -ASMALLCONST=01000h-010FFhx240 -AMEDIUMCONST=01000h-0FFFFh \
  -ACOMRAM=01h-05Fh -AABS1=00h-0F37h -ABIGRAM=01h-0F37h \
  -ARAM=060h-0FFh,0100h-01FFhx14,0F00h-0F37h -ABANK0=060h-0FFh \
  -ABANK1=0100h-01FFh -ABANK2=0200h-02FFh -ABANK3=0300h-03FFh \
  -ABANK4=0400h-04FFh -ABANK5=0500h-05FFh -ABANK6=0600h-06FFh \
  -ABANK7=0700h-07FFh -ABANK8=0800h-08FFh -ABANK9=0900h-09FFh \
  -ABANK10=0A00h-0AFFh -ABANK11=0B00h-0BFFh -ABANK12=0C00h-0CFFh \
  -ABANK13=0D00h-0DFFh -ABANK14=0E00h-0EFFh -ABANK15=0F00h-0F37h \
  -ASFR=0F38h-0F5Fh,0F60h-0FFFh -ABIGSFR=0F38h-0FFFh \
  -ACONFIG=0300000h-030000Dh -AIDLOC=0200000h-0200007h \
  -AEEDATA=0F00000h-0F003FFh -peeprom_data=EEDATA \
  -preset_vec=00h,intcode=8h,intcodelo=18h,sivt_lo,sivt_hi=CODE \
  -ppowerup=CODE,init -pramtop=01000h -psmallconst=SMALLCONST \
  -pmediumconst=MEDIUMCONST -pconst=CONST -AFARRAM=00h-00h \
  -prdata=COMRAM,nvrram=COMRAM,nvbit=COMRAM,rbss=COMRAM,rbit=COMRAM \
  -pfarbss=FARRAM,fardata=FARRAM,nvFARRAM=FARRAM \
  -pintsave_regs=BIGRAM,bigbss=BIGRAM,bigdata=BIGRAM -pbss=RAM \
  -pidata=CODE,irdata=CODE,ibigdata=CODE,ifardata=CODE -prparam=COMRAM \
  C:\Users\Yuri\AppData\Local\Temp\xcAs3uc.0\driver_tmp_9.o \
  dist/default/production\RTOS-2026.production.o 

Object code version is 3.11

Machine type is 18F46K22



                Name                               Link     Load   Length Selector   Space Scale
C:\Users\Yuri\AppData\Local\Temp\xcAs3uc.0\driver_tmp_9.o
                init                                62A      62A        4        4       0
                reset_vec                             0        0        4        0       0
dist/default/production\RTOS-2026.production.o
                intcode                               8        8      622        4       0
                smallconst                         1000     1000        2      800       0
                text33                             2B8C     2B8C       5E      801       0
                text32                             25FA     25FA      128      801       0
                text31                             2EB8     2EB8       1A      801       0
                text29                             2DA4     2DA4       30      801       0
                text28                             2ED2     2ED2       18      801       0
                text27                             2E9E     2E9E       1A      801       0
                text26                             2D74     2D74       30      801       0
                text25                             2BEA     2BEA       58      801       0
                text24                             2C42     2C42       4A      801       0
                text23                             281E     281E       C4      801       0
                text22                             24C2     24C2      138      801       0
                text21                             2E84     2E84       1A      801       0
                text20                             1002     1002      5B6      801       0
                text19                             2722     2722       FC      801       0
                text18                             1B4A     1B4A      54C      801       0
                text17                             2980     2980       86      801       0
                text16                             15B8     15B8      592      801       0
                text15                             2B2E     2B2E       5E      801       0
                text14                             28E2     28E2       9E      801       0
                text13                             2DD4     2DD4       2A      801       0
                text12                             2E26     2E26       28      801       0
                text11                             2CCE     2CCE       3C      801       0
                text10                             2D44     2D44       30      801       0
                text9                              2D0A     2D0A       3A      801       0
                text8                              2EEA     2EEA        E      801       0
                text7                              2C8C     2C8C       42      801       0
                text6                              2A6C     2A6C       62      801       0
                text5                              2DFE     2DFE       28      801       0
                text4                              238A     238A      138      801       0
                text3                              2E6A     2E6A       1A      801       0
                text2                              2E4E     2E4E       1C      801       0
                text1                              2096     2096      2F4      801       0
                text0                              2ACE     2ACE       60      801       0
                cstackCOMRAM                          2        2       43        2       1
                cstackBANK0                          76       76        9       60       1
                cstackBANK1                         100      100       3C      100       1
                cstackBANK3                         300      300       76      300       1
                cstackBANK4                         400      400       31      400       1
                bssBIGRAM                           431      431      200      431       1
                bssBANK2                            200      200       F4      200       1
                bssBANK0                             60       60       16       60       1
                dataCOMRAM                           57       57        7        2       1
                bssCOMRAM                            45       45       12        2       1
                cinit                              2A06     2A06       66      801       0
                idataCOMRAM                        2EF8     2EF8        7      801       0

TOTAL           Name                               Link     Load   Length     Space
        CLASS   CODE           
                intcode                               8        8      622         0
                init                                62A      62A        4         0
                reset_vec                             0        0        4         0
                text33                             2B8C     2B8C       5E         0
                text32                             25FA     25FA      128         0
                text31                             2EB8     2EB8       1A         0
                text29                             2DA4     2DA4       30         0
                text28                             2ED2     2ED2       18         0
                text27                             2E9E     2E9E       1A         0
                text26                             2D74     2D74       30         0
                text25                             2BEA     2BEA       58         0
                text24                             2C42     2C42       4A         0
                text23                             281E     281E       C4         0
                text22                             24C2     24C2      138         0
                text21                             2E84     2E84       1A         0
                text20                             1002     1002      5B6         0
                text19                             2722     2722       FC         0
                text18                             1B4A     1B4A      54C         0
                text17                             2980     2980       86         0
                text16                             15B8     15B8      592         0
                text15                             2B2E     2B2E       5E         0
                text14                             28E2     28E2       9E         0
                text13                             2DD4     2DD4       2A         0
                text12                             2E26     2E26       28         0
                text11                             2CCE     2CCE       3C         0
                text10                             2D44     2D44       30         0
                text9                              2D0A     2D0A       3A         0
                text8                              2EEA     2EEA        E         0
                text7                              2C8C     2C8C       42         0
                text6                              2A6C     2A6C       62         0
                text5                              2DFE     2DFE       28         0
                text4                              238A     238A      138         0
                text3                              2E6A     2E6A       1A         0
                text2                              2E4E     2E4E       1C         0
                text1                              2096     2096      2F4         0
                text0                              2ACE     2ACE       60         0
                cinit                              2A06     2A06       66         0
                idataCOMRAM                        2EF8     2EF8        7         0

        CLASS   CONST          

        CLASS   SMALLCONST     
                smallconst                         1000     1000        2         0

        CLASS   MEDIUMCONST    

        CLASS   COMRAM         
                cstackCOMRAM                          2        2       43         1
                dataCOMRAM                           57       57        7         1
                bssCOMRAM                            45       45       12         1

        CLASS   ABS1           
                abs_s1                                1        1        1         1

        CLASS   BIGRAM         
                bssBIGRAM                           431      431      200         1

        CLASS   RAM            

        CLASS   BANK0          
                cstackBANK0                          76       76        9         1
                bssBANK0                             60       60       16         1

        CLASS   BANK1          
                cstackBANK1                         100      100       3C         1

        CLASS   BANK2          
                bssBANK2                            200      200       F4         1

        CLASS   BANK3          
                cstackBANK3                         300      300       76         1

        CLASS   BANK4          
                cstackBANK4                         400      400       31         1

        CLASS   BANK5          

        CLASS   BANK6          

        CLASS   BANK7          

        CLASS   BANK8          

        CLASS   BANK9          

        CLASS   BANK10         

        CLASS   BANK11         

        CLASS   BANK12         

        CLASS   BANK13         

        CLASS   BANK14         

        CLASS   BANK15         

        CLASS   SFR            

        CLASS   BIGSFR         

        CLASS   CONFIG         

        CLASS   IDLOC          

        CLASS   EEDATA         

        CLASS   FARRAM         

        CLASS   HEAP           

        CLASS   STACK          



SEGMENTS        Name                           Load    Length   Top    Selector   Space  Class

                reset_vec                      000000  000004  000004         0       0  CODE    
                cstackCOMRAM                   000002  00005C  00005E         2       1  COMRAM  
                intcode                        000008  000626  00062E         4       0  CODE    
                bssBANK0                       000060  00001F  00007F        60       1  BANK0   
                cstackBANK1                    000100  00003C  00013C       100       1  BANK1   
                bssBANK2                       000200  0000F4  0002F4       200       1  BANK2   
                cstackBANK3                    000300  000076  000376       300       1  BANK3   
                cstackBANK4                    000400  000031  000431       400       1  BANK4   
                bssBIGRAM                      000431  000200  000631       431       1  BIGRAM  
                smallconst                     001000  000002  001002       800       0  SMALLCON
                text20                         001002  001EFD  002EFF       801       0  CODE    


UNUSED ADDRESS RANGES

        Name                Unused          Largest block    Delta
        BANK0            007F-00FF             81
        BANK1            013C-01FF             C4
        BANK10           0A00-0AFF            100
        BANK11           0B00-0BFF            100
        BANK12           0C00-0CFF            100
        BANK13           0D00-0DFF            100
        BANK14           0E00-0EFF            100
        BANK15           0F00-0F37             38
        BANK2            02F4-02FF              C
        BANK3            0376-03FF             8A
        BANK6            0631-06FF             CF
        BANK7            0700-07FF            100
        BANK8            0800-08FF            100
        BANK9            0900-09FF            100
        BIGRAM           005E-005F              2
                         007F-00FF             81
                         013C-01FF             C4
                         02F4-02FF              C
                         0376-03FF             8A
                         0631-0F37            907
        BIGSFR           0F38-0FFF             C8
        CODE             0004-0007              4
                         062E-0FFF            9D2
                         2EFF-FFFF           D101
        COMRAM           005E-005F              2
        CONFIG           300000-30000D              E
        CONST            0004-0007              4
                         062E-0FFF            9D2
                         2EFF-FFFF           D101
        EEDATA           F00000-F003FF            400
        IDLOC            200000-200007              8
        MEDIUMCONST      2EFF-FFFF           D101
        RAM              007F-00FF             81
                         013C-01FF             C4
                         02F4-02FF              C
                         0376-03FF             8A
                         0631-0F37            100
        SFR              0F38-0FFF             28
        SMALLCONST       2EFF-FFFF            100

                                  Symbol Table

?___awmod                        cstackBANK1  011E
?_adc_read                       cstackBANK1  013A
ISR@i                            cstackCOMRAM 0043
LED_1@F6269                      dataCOMRAM   0057
LED_1@pos                        cstackBANK1  012E
LED_1@seq                        cstackBANK1  0128
_ADCON0bits                      (abs)        0FC2
_ADCON1bits                      (abs)        0FC1
_ADCON2bits                      (abs)        0FC0
_ADRES                           (abs)        0FC3
_ANSELAbits                      (abs)        0F38
_ANSELCbits                      (abs)        0F3A
_ANSELDbits                      (abs)        0F3B
_BSR                             (abs)        0FE0
_CCP1CON                         (abs)        0FBD
_CCP1CONbits                     (abs)        0FBD
_CCPR1L                          (abs)        0FBE
_FSR0H                           (abs)        0FEA
_FSR0L                           (abs)        0FE9
_FSR1H                           (abs)        0FE2
_FSR1L                           (abs)        0FE1
_FSR2H                           (abs)        0FDA
_FSR2L                           (abs)        0FD9
_INTCON2bits                     (abs)        0FF1
_INTCONbits                      (abs)        0FF2
_ISR                             intcode      0008
_LATDbits                        (abs)        0F8C
_LED_1                           text14       28E2
_LED_2                           text24       2C42
_PCLATH                          (abs)        0FFA
_PCLATU                          (abs)        0FFB
_PORTCbits                       (abs)        0F82
_PORTDbits                       (abs)        0F83
_PR2                             (abs)        0FBB
_PRODH                           (abs)        0FF4
_PRODL                           (abs)        0FF3
_READ_ADC                        text26       2D74
_STATUS                          (abs)        0FD8
_STKPTR                          (abs)        0FFC
_T0CONbits                       (abs)        0FD5
_T2CON                           (abs)        0FBA
_TABLAT                          (abs)        0FF5
_TBLPTRH                         (abs)        0FF7
_TBLPTRL                         (abs)        0FF6
_TBLPTRU                         (abs)        0FF8
_TMR0                            (abs)        0FD6
_TOSH                            (abs)        0FFE
_TOSL                            (abs)        0FFD
_TOSU                            (abs)        0FFF
_TRISAbits                       (abs)        0F92
_TRISBbits                       (abs)        0F93
_TRISCbits                       (abs)        0F94
_TRISDbits                       (abs)        0F95
_WREG                            (abs)        0FE8
__HRAM                           (abs)        0000
__H__absolute__                  __absolute__ 0000
__Habs1                          abs1         0000
__Hbank0                         bank0        0000
__Hbank1                         bank1        0000
__Hbank10                        bank10       0000
__Hbank11                        bank11       0000
__Hbank12                        bank12       0000
__Hbank13                        bank13       0000
__Hbank14                        bank14       0000
__Hbank15                        bank15       0000
__Hbank2                         bank2        0000
__Hbank3                         bank3        0000
__Hbank4                         bank4        0000
__Hbank5                         bank5        0000
__Hbank6                         bank6        0000
__Hbank7                         bank7        0000
__Hbank8                         bank8        0000
__Hbank9                         bank9        0000
__Hbigbss                        bigbss       0000
__Hbigdata                       bigdata      0000
__Hbigram                        bigram       0000
__Hbigsfr                        bigsfr       0000
__Hbss                           bss          0000
__HbssBANK0                      bssBANK0     0000
__HbssBANK2                      bssBANK2     0000
__HbssBIGRAM                     bssBIGRAM    0000
__HbssCOMRAM                     bssCOMRAM    0000
__Hcinit                         cinit        0000
__Hclrtext                       clrtext      0000
__Hcomram                        comram       0000
__Hconfig                        config       0000
__Hconst                         const        0000
__HcstackBANK0                   cstackBANK0  0000
__HcstackBANK1                   cstackBANK1  0000
__HcstackBANK3                   cstackBANK3  0000
__HcstackBANK4                   cstackBANK4  0000
__HcstackCOMRAM                  cstackCOMRAM 0000
__Hdata                          data         0000
__HdataCOMRAM                    dataCOMRAM   0000
__Heeprom_data                   eeprom_data  0000
__Hfarbss                        farbss       0000
__Hfardata                       fardata      0000
__Hheap                          heap         0000
__Hibigdata                      ibigdata     0000
__Hidata                         idata        0000
__HidataCOMRAM                   idataCOMRAM  0000
__Hidloc                         idloc        0000
__Hifardata                      ifardata     0000
__Hinit                          init         062E
__Hintcode                       intcode      062A
__Hintcode_body                  intcode_body 0000
__Hintcodelo                     intcodelo    0018
__Hintentry                      intentry     0000
__Hintret                        intret       0000
__Hintsave_regs                  intsave_regs 0000
__Hirdata                        irdata       0000
__Hmediumconst                   mediumconst  0000
__HnvFARRAM                      nvFARRAM     0000
__Hnvbit                         nvbit        0000
__Hnvrram                        nvrram       0000
__Hparam                         rparam       0000
__Hpowerup                       powerup      0000
__Hram                           ram          0000
__Hramtop                        ramtop       1000
__Hrbit                          rbit         0000
__Hrbss                          rbss         0000
__Hrdata                         rdata        0000
__Hreset_vec                     reset_vec    0004
__Hrparam                        rparam       0000
__Hsfr                           sfr          0000
__Hsivt_hi                       sivt_hi      0000
__Hsivt_lo                       sivt_lo      0018
__Hsmallconst                    smallconst   1002
__Hspace_0                       (abs)        2EFF
__Hspace_1                       (abs)        0631
__Hspace_2                       (abs)        0000
__Hspace_4                       (abs)        0000
__Hstack                         stack        0000
__Hstruct                        struct       0000
__Htemp                          temp         0000
__Htext                          text         0000
__Htext0                         text0        0000
__Htext1                         text1        0000
__Htext10                        text10       0000
__Htext11                        text11       0000
__Htext12                        text12       0000
__Htext13                        text13       0000
__Htext14                        text14       0000
__Htext15                        text15       0000
__Htext16                        text16       0000
__Htext17                        text17       0000
__Htext18                        text18       0000
__Htext19                        text19       0000
__Htext2                         text2        0000
__Htext20                        text20       0000
__Htext21                        text21       0000
__Htext22                        text22       0000
__Htext23                        text23       0000
__Htext24                        text24       0000
__Htext25                        text25       0000
__Htext26                        text26       0000
__Htext27                        text27       0000
__Htext28                        text28       0000
__Htext29                        text29       0000
__Htext3                         text3        0000
__Htext31                        text31       0000
__Htext32                        text32       0000
__Htext33                        text33       0000
__Htext4                         text4        0000
__Htext5                         text5        0000
__Htext6                         text6        0000
__Htext7                         text7        0000
__Htext8                         text8        0000
__Htext9                         text9        0000
__LRAM                           (abs)        0001
__L__absolute__                  __absolute__ 0000
__Labs1                          abs1         0000
__Lbank0                         bank0        0000
__Lbank1                         bank1        0000
__Lbank10                        bank10       0000
__Lbank11                        bank11       0000
__Lbank12                        bank12       0000
__Lbank13                        bank13       0000
__Lbank14                        bank14       0000
__Lbank15                        bank15       0000
__Lbank2                         bank2        0000
__Lbank3                         bank3        0000
__Lbank4                         bank4        0000
__Lbank5                         bank5        0000
__Lbank6                         bank6        0000
__Lbank7                         bank7        0000
__Lbank8                         bank8        0000
__Lbank9                         bank9        0000
__Lbigbss                        bigbss       0000
__Lbigdata                       bigdata      0000
__Lbigram                        bigram       0000
__Lbigsfr                        bigsfr       0000
__Lbss                           bss          0000
__LbssBANK0                      bssBANK0     0000
__LbssBANK2                      bssBANK2     0000
__LbssBIGRAM                     bssBIGRAM    0000
__LbssCOMRAM                     bssCOMRAM    0000
__Lcinit                         cinit        0000
__Lclrtext                       clrtext      0000
__Lcomram                        comram       0000
__Lconfig                        config       0000
__Lconst                         const        0000
__LcstackBANK0                   cstackBANK0  0000
__LcstackBANK1                   cstackBANK1  0000
__LcstackBANK3                   cstackBANK3  0000
__LcstackBANK4                   cstackBANK4  0000
__LcstackCOMRAM                  cstackCOMRAM 0000
__Ldata                          data         0000
__LdataCOMRAM                    dataCOMRAM   0000
__Leeprom_data                   eeprom_data  0000
__Lfarbss                        farbss       0000
__Lfardata                       fardata      0000
__Lheap                          heap         0000
__Libigdata                      ibigdata     0000
__Lidata                         idata        0000
__LidataCOMRAM                   idataCOMRAM  0000
__Lidloc                         idloc        0000
__Lifardata                      ifardata     0000
__Linit                          init         062A
__Lintcode                       intcode      0008
__Lintcode_body                  intcode_body 0000
__Lintcodelo                     intcodelo    0018
__Lintentry                      intentry     0000
__Lintret                        intret       0000
__Lintsave_regs                  intsave_regs 0000
__Lirdata                        irdata       0000
__Lmediumconst                   mediumconst  0000
__LnvFARRAM                      nvFARRAM     0000
__Lnvbit                         nvbit        0000
__Lnvrram                        nvrram       0000
__Lparam                         rparam       0000
__Lpowerup                       powerup      0000
__Lram                           ram          0000
__Lramtop                        ramtop       1000
__Lrbit                          rbit         0000
__Lrbss                          rbss         0000
__Lrdata                         rdata        0000
__Lreset_vec                     reset_vec    0000
__Lrparam                        rparam       0000
__Lsfr                           sfr          0000
__Lsivt_hi                       sivt_hi      0000
__Lsivt_lo                       sivt_lo      0018
__Lsmallconst                    smallconst   1000
__Lspace_0                       (abs)        0000
__Lspace_1                       (abs)        0000
__Lspace_2                       (abs)        0000
__Lspace_4                       (abs)        0000
__Lstack                         stack        0000
__Lstruct                        struct       0000
__Ltemp                          temp         0000
__Ltext                          text         0000
__Ltext0                         text0        0000
__Ltext1                         text1        0000
__Ltext10                        text10       0000
__Ltext11                        text11       0000
__Ltext12                        text12       0000
__Ltext13                        text13       0000
__Ltext14                        text14       0000
__Ltext15                        text15       0000
__Ltext16                        text16       0000
__Ltext17                        text17       0000
__Ltext18                        text18       0000
__Ltext19                        text19       0000
__Ltext2                         text2        0000
__Ltext20                        text20       0000
__Ltext21                        text21       0000
__Ltext22                        text22       0000
__Ltext23                        text23       0000
__Ltext24                        text24       0000
__Ltext25                        text25       0000
__Ltext26                        text26       0000
__Ltext27                        text27       0000
__Ltext28                        text28       0000
__Ltext29                        text29       0000
__Ltext3                         text3        0000
__Ltext31                        text31       0000
__Ltext32                        text32       0000
__Ltext33                        text33       0000
__Ltext4                         text4        0000
__Ltext5                         text5        0000
__Ltext6                         text6        0000
__Ltext7                         text7        0000
__Ltext8                         text8        0000
__Ltext9                         text9        0000
__S0                             (abs)        2EFF
__S1                             (abs)        0631
__S4                             (abs)        0000
__S5                             (abs)        0000
___awmod                         text23       281E
___awmod@counter                 cstackBANK0  007B
___awmod@dividend                cstackBANK1  011E
___awmod@divisor                 cstackBANK1  0120
___awmod@sign                    cstackBANK0  007C
___heap_hi                       (abs)        0000
___heap_lo                       (abs)        0000
___inthi_sp                      stack        0000
___inthi_stack_hi                stack        0000
___inthi_stack_lo                stack        0000
___intlo_sp                      stack        0000
___intlo_stack_hi                stack        0000
___intlo_stack_lo                stack        0000
___param_bank                    (abs)        0000
___rparam_used                   (abs)        0001
___sp                            stack        0000
___stack_hi                      stack        0000
___stack_lo                      stack        0000
__accesstop                      (abs)        0060
__activetblptr                   (abs)        0002
__end_of_ISR                     intcode      062A
__end_of_LED_1                   text14       2980
__end_of_LED_2                   text24       2C8C
__end_of_READ_ADC                text26       2DA4
__end_of___awmod                 text23       28E2
__end_of__initialization         cinit        2A5E
__end_of_adc_config              text12       2E4E
__end_of_adc_read                text27       2EB8
__end_of_config_user             text7        2CCE
__end_of_idle                    text13       2DFE
__end_of_main                    text0        2B2E
__end_of_mutex_init              text11       2D0A
__end_of_mutex_lock              text20       15B8
__end_of_mutex_unlock            text19       281E
__end_of_os_config               text5        2E26
__end_of_os_create_task          text6        2ACE
__end_of_os_delay                text18       2096
__end_of_os_start                text1        238A
__end_of_pipe_init               text9        2D44
__end_of_pipe_read               text25       2C42
__end_of_pipe_write              text15       2B8C
__end_of_priority_rr_scheduler   text4        24C2
__end_of_pwm_init                text8        2EF8
__end_of_pwm_set_duty            text29       2DD4
__end_of_scheduler               text3        2E84
__end_of_sem_init                text10       2D74
__end_of_sem_post                text17       2A06
__end_of_sem_wait                text16       1B4A
__end_of_setup_hardware          text2        2E6A
__end_of_tarefaPWN               text28       2EEA
__end_ofi1_priority_rr_scheduler text22       25FA
__end_ofi1_scheduler             text21       2E9E
__end_ofi2_os_create_task        text33       2BEA
__end_ofi2_priority_rr_scheduler text32       2722
__end_ofi2_scheduler             text31       2ED2
__initialization                 cinit        2A06
__mediumconst                    smallconst   1000
__pbssBANK0                      bssBANK0     0060
__pbssBANK2                      bssBANK2     0200
__pbssBIGRAM                     bssBIGRAM    0431
__pbssCOMRAM                     bssCOMRAM    0045
__pcinit                         cinit        2A06
__pcstackBANK0                   cstackBANK0  0076
__pcstackBANK1                   cstackBANK1  0100
__pcstackBANK3                   cstackBANK3  0300
__pcstackBANK4                   cstackBANK4  0400
__pcstackCOMRAM                  cstackCOMRAM 0002
__pdataCOMRAM                    dataCOMRAM   0057
__pidataCOMRAM                   idataCOMRAM  2EF8
__pintcode                       intcode      0008
__psmallconst                    smallconst   1000
__ptext0                         text0        2ACE
__ptext1                         text1        2096
__ptext10                        text10       2D44
__ptext11                        text11       2CCE
__ptext12                        text12       2E26
__ptext13                        text13       2DD4
__ptext14                        text14       28E2
__ptext15                        text15       2B2E
__ptext16                        text16       15B8
__ptext17                        text17       2980
__ptext18                        text18       1B4A
__ptext19                        text19       2722
__ptext2                         text2        2E4E
__ptext20                        text20       1002
__ptext21                        text21       2E84
__ptext22                        text22       24C2
__ptext23                        text23       281E
__ptext24                        text24       2C42
__ptext25                        text25       2BEA
__ptext26                        text26       2D74
__ptext27                        text27       2E9E
__ptext28                        text28       2ED2
__ptext29                        text29       2DA4
__ptext3                         text3        2E6A
__ptext31                        text31       2EB8
__ptext32                        text32       25FA
__ptext33                        text33       2B8C
__ptext4                         text4        238A
__ptext5                         text5        2DFE
__ptext6                         text6        2A6C
__ptext7                         text7        2C8C
__ptext8                         text8        2EEA
__ptext9                         text9        2D0A
__ramtop                         ramtop       1000
__smallconst                     smallconst   1000
__uDynamicHeap                   bssBIGRAM    0431
_adc_config                      text12       2E26
_adc_read                        text27       2E9E
_config_user                     text7        2C8C
_dado                            bssCOMRAM    0056
_idle                            text13       2DD4
_m_led                           bssCOMRAM    0045
_main                            text0        2ACE
_mutex_init                      text11       2CCE
_mutex_lock                      text20       1002
_mutex_unlock                    text19       2722
_os_config                       text5        2DFE
_os_create_task                  text6        2A6C
_os_delay                        text18       1B4A
_os_start                        text1        2096
_p                               bssBANK0     0060
_pipe_init                       text9        2D0A
_pipe_read                       text25       2BEA
_pipe_write                      text15       2B2E
_priority_rr_scheduler           text4        238A
_pwm_init                        text8        2EEA
_pwm_set_duty                    text29       2DA4
_r_queue                         bssBANK2     0200
_rr_quantum                      dataCOMRAM   005D
_s                               bssCOMRAM    004E
_scheduler                       text3        2E6A
_sem_init                        text10       2D44
_sem_post                        text17       2980
_sem_wait                        text16       15B8
_setup_hardware                  text2        2E4E
_tarefaOneShot                   (abs)        0000
_tarefaPWN                       text28       2ED2
btemp                            (abs)        0001
btemp0                           (abs)        0001
btemp1                           (abs)        0002
end_of_initialization            cinit        2A5E
i1_priority_rr_scheduler         text22       24C2
i1_scheduler                     text21       2E84
i1priority_rr_scheduler@current  cstackBANK3  035A
i1priority_rr_scheduler@found    cstackBANK3  035C
i1priority_rr_scheduler@i        cstackBANK3  035E
i1priority_rr_scheduler@i_1745   cstackBANK3  035D
i1priority_rr_scheduler@idx      cstackBANK3  035F
i1priority_rr_scheduler@max_prio cstackBANK3  035B
i2_os_create_task                text33       2B8C
i2_priority_rr_scheduler         text32       25FA
i2_scheduler                     text31       2EB8
i2os_create_task@func            cstackCOMRAM 0002
i2os_create_task@id              cstackCOMRAM 0005
i2os_create_task@new_task        cstackCOMRAM 0006
i2os_create_task@prior           cstackCOMRAM 0004
i2priority_rr_scheduler@current  cstackCOMRAM 0003
i2priority_rr_scheduler@found    cstackCOMRAM 0005
i2priority_rr_scheduler@i        cstackCOMRAM 0007
i2priority_rr_scheduler@i_1745   cstackCOMRAM 0006
i2priority_rr_scheduler@idx      cstackCOMRAM 0008
i2priority_rr_scheduler@max_prio cstackCOMRAM 0004
int$flags                        (abs)        0001
intlevel0                        text         0000
intlevel1                        text         0000
intlevel2                        text         0000
intlevel3                        text         0000
isa$std                          (abs)        0001
isa$xinst                        (abs)        0000
mutex_init@m                     cstackBANK3  0368
mutex_lock@m                     cstackBANK1  011E
mutex_unlock@m                   cstackBANK1  011E
mutex_unlock@task_idx            cstackBANK0  007D
os_create_task@func              cstackBANK3  0368
os_create_task@id                cstackBANK4  0400
os_create_task@new_task          cstackBANK4  0401
os_create_task@prior             cstackBANK3  036A
os_delay@time                    cstackBANK3  0367
pipe_init@p                      cstackBANK3  036C
pipe_read@dado                   cstackBANK1  0138
pipe_read@p                      cstackBANK1  0137
pipe_write@dado                  cstackBANK1  0127
pipe_write@p                     cstackBANK1  0126
priority_rr_scheduler@current    cstackBANK3  0369
priority_rr_scheduler@found      cstackBANK3  036B
priority_rr_scheduler@i          cstackBANK3  036D
priority_rr_scheduler@i_1745     cstackBANK3  036C
priority_rr_scheduler@idx        cstackBANK3  036E
priority_rr_scheduler@max_prio   cstackBANK3  036A
pwm_set_duty@duty                cstackBANK3  0359
sem_init@sem                     cstackBANK3  0368
sem_init@valor                   cstackBANK3  0369
sem_post@sem                     cstackBANK1  012F
sem_wait@sem                     cstackBANK1  012F
stackhi                          (abs)        0000
stacklo                          (abs)        0000
start                            init         062A
start_initialization             cinit        2A06


MODULE INFORMATION

Module		Function		Class		Link	Load	Size
C:\Program Files\Microchip\xc8\v3.10\pic\sources\c99\common\awmod.c
		___awmod       		CODE           	281E	0000	196

C:\Program Files\Microchip\xc8\v3.10\pic\sources\c99\common\awmod.c estimated size: 196

io.c
		_pwm_set_duty  		CODE           	2DA4	0000	48
		_adc_config    		CODE           	2E26	0000	40
		_adc_read      		CODE           	2E9E	0000	26
		_pwm_init      		CODE           	2EEA	0000	14

io.c estimated size: 128

hw.c
		_ISR           		CODE           	0008	0000	1570
		_setup_hardware		CODE           	2E4E	0000	28

hw.c estimated size: 1598

com.c
		_pipe_read     		CODE           	2BEA	0000	88
		_pipe_init     		CODE           	2D0A	0000	58
		_pipe_write    		CODE           	2B2E	0000	94

com.c estimated size: 240

kernel.c
		_os_config     		CODE           	2DFE	0000	40
		_os_start      		CODE           	2096	0000	756
		_idle          		CODE           	2DD4	0000	42
		_os_delay      		CODE           	1B4A	0000	1356
		_os_create_task		CODE           	2A6C	0000	98

kernel.c estimated size: 2292

shared
		i2_os_create_task		CODE           	2B8C	0000	94
		__initialization		CODE           	2A06	0000	88
		i1_priority_rr_scheduler		CODE           	24C2	0000	312
		i2_priority_rr_scheduler		CODE           	25FA	0000	296
		i1_scheduler   		CODE           	2E84	0000	26
		i2_scheduler   		CODE           	2EB8	0000	26

shared estimated size: 842

user.c
		_LED_2         		CODE           	2C42	0000	74
		_READ_ADC      		CODE           	2D74	0000	48
		_LED_1         		CODE           	28E2	0000	158
		_config_user   		CODE           	2C8C	0000	66
		_tarefaPWN     		CODE           	2ED2	0000	24

user.c estimated size: 370

scheduler.c
		_scheduler     		CODE           	2E6A	0000	26
		_priority_rr_scheduler		CODE           	238A	0000	312

scheduler.c estimated size: 338

sync.c
		_mutex_lock    		CODE           	1002	0000	1462
		_mutex_unlock  		CODE           	2722	0000	252
		_sem_wait      		CODE           	15B8	0000	1426
		_sem_init      		CODE           	2D44	0000	48
		_sem_post      		CODE           	2980	0000	134
		_mutex_init    		CODE           	2CCE	0000	60

sync.c estimated size: 3382

main.c
		_main          		CODE           	2ACE	0000	96

main.c estimated size: 96

