Microchip MPLAB XC8 Compiler V3.10

Linker command line:

-W-3 \
  --edf=C:\Program Files\Microchip\xc8\v3.10\pic\dat\20250813170317_en.msgs \
  -cn -h+dist/default/production\RTOS-2026.production.sym \
  --cmf=dist/default/production\RTOS-2026.production.cmf -z -Q18F46K22 \
  -oC:\Users\RICHAR~1.STO\AppData\Local\Temp\xcAsevg.0\driver_tmp_3.o \
  --defsym=__MPLAB_BUILD=1 --fixupoverflow=error \
  -Mdist/default/production/RTOS-2026.production.map \
  --md=C:\Users\RICHAR~1.STO\AppData\Local\Temp\xcAsevg.0\driver_tmp_0.dat \
  -E1 -ver=XC8 Compiler -ACODE=00h-0FFFFh -ACONST=00h-0FFFFh \
  -ASMALLCONST=01000h-010FFhx240 -AMEDIUMCONST=01000h-0FFFFh \
  -ACOMRAM=01h-05Fh -AABS1=00h-0F37h -ABIGRAM=01h-0F37h \
  -ARAM=060h-0FFh,0100h-01FFhx14,0F00h-0F37h -ABANK0=060h-0FFh \
  -ABANK1=0100h-01FFh -ABANK2=0200h-02FFh -ABANK3=0300h-03FFh \
  -ABANK4=0400h-04FFh -ABANK5=0500h-05FFh -ABANK6=0600h-06FFh \
  -ABANK7=0700h-07FFh -ABANK8=0800h-08FFh -ABANK9=0900h-09FFh \
  -ABANK10=0A00h-0AFFh -ABANK11=0B00h-0BFFh -ABANK12=0C00h-0CFFh \
  -ABANK13=0D00h-0DFFh -ABANK14=0E00h-0EFFh -ABANK15=0F00h-0F37h \
  -ASFR=0F38h-0F5Fh,0F60h-0FFFh -ABIGSFR=0F38h-0FFFh \
  -ACONFIG=0300000h-030000Dh -AIDLOC=0200000h-0200007h \
  -AEEDATA=0F00000h-0F003FFh -peeprom_data=EEDATA \
  -preset_vec=00h,intcode=8h,intcodelo=18h,sivt_lo,sivt_hi=CODE \
  -ppowerup=CODE,init -pramtop=01000h -psmallconst=SMALLCONST \
  -pmediumconst=MEDIUMCONST -pconst=CONST -AFARRAM=00h-00h \
  -prdata=COMRAM,nvrram=COMRAM,nvbit=COMRAM,rbss=COMRAM,rbit=COMRAM \
  -pfarbss=FARRAM,fardata=FARRAM,nvFARRAM=FARRAM \
  -pintsave_regs=BIGRAM,bigbss=BIGRAM,bigdata=BIGRAM -pbss=RAM \
  -pidata=CODE,irdata=CODE,ibigdata=CODE,ifardata=CODE -prparam=COMRAM \
  C:\Users\RICHAR~1.STO\AppData\Local\Temp\xcAsevg.0\driver_tmp_9.o \
  dist/default/production\RTOS-2026.production.o 

Object code version is 3.11

Machine type is 18F46K22



                Name                               Link     Load   Length Selector   Space Scale
C:\Users\RICHAR~1.STO\AppData\Local\Temp\xcAsevg.0\driver_tmp_9.o
                init                                D20      D20        4        4       0
                reset_vec                             0        0        4        0       0
dist/default/production\RTOS-2026.production.o
                intcode                               8        8      D18        4       0
                smallconst                         1000     1000        2      800       0
                text33                             2D5E     2D5E       68      801       0
                text32                             28E0     28E0      136      801       0
                text31                             316E     316E       28      801       0
                text29                             3098     3098       30      801       0
                text28                             31F2     31F2       18      801       0
                text27                             31D8     31D8       1A      801       0
                text26                             3068     3068       30      801       0
                text25                             2E88     2E88       58      801       0
                text24                             2F32     2F32       4A      801       0
                text23                             2B18     2B18       B0      801       0
                text22                             27A8     27A8      138      801       0
                text21                             311C     311C       2A      801       0
                text20                             1002     1002      694      801       0
                text19                             2A16     2A16      102      801       0
                text18                             1D02     1D02      614      801       0
                text17                             2C64     2C64       8E      801       0
                text16                             1696     1696      66C      801       0
                text15                             2EE0     2EE0       52      801       0
                text14                             2BC8     2BC8       9C      801       0
                text13                             30F2     30F2       2A      801       0
                text12                             3146     3146       28      801       0
                text11                             2FC0     2FC0       3C      801       0
                text10                             3196     3196       26      801       0
                text9                              2FFC     2FFC       3A      801       0
                text8                              320A     320A        E      801       0
                text7                              2F7C     2F7C       44      801       0
                text6                              2CF2     2CF2       6C      801       0
                text5                              3036     3036       32      801       0
                text4                              2670     2670      138      801       0
                text3                              30C8     30C8       2A      801       0
                text2                              31BC     31BC       1C      801       0
                text1                              2316     2316      35A      801       0
                text0                              2E28     2E28       60      801       0
                cstackCOMRAM                          2        2       44        2       1
                cstackBANK0                          92       92        1       60       1
                cstackBANK1                         100      100       54      100       1
                cstackBANK2                         200      200       80      200       1
                cstackBANK3                         300      300       35      300       1
                bssBIGRAM                           335      335      354      335       1
                dataBANK0                            8C       8C        6       60       1
                bssBANK0                             60       60       2C       60       1
                dataCOMRAM                           47       47        1        2       1
                bssCOMRAM                            46       46        1        2       1
                cinit                              2DC6     2DC6       62      801       0
                idataBANK0                         3218     3218        6      801       0
                idataCOMRAM                        321E     321E        1      801       0

TOTAL           Name                               Link     Load   Length     Space
        CLASS   CODE           
                intcode                               8        8      D18         0
                init                                D20      D20        4         0
                reset_vec                             0        0        4         0
                text33                             2D5E     2D5E       68         0
                text32                             28E0     28E0      136         0
                text31                             316E     316E       28         0
                text29                             3098     3098       30         0
                text28                             31F2     31F2       18         0
                text27                             31D8     31D8       1A         0
                text26                             3068     3068       30         0
                text25                             2E88     2E88       58         0
                text24                             2F32     2F32       4A         0
                text23                             2B18     2B18       B0         0
                text22                             27A8     27A8      138         0
                text21                             311C     311C       2A         0
                text20                             1002     1002      694         0
                text19                             2A16     2A16      102         0
                text18                             1D02     1D02      614         0
                text17                             2C64     2C64       8E         0
                text16                             1696     1696      66C         0
                text15                             2EE0     2EE0       52         0
                text14                             2BC8     2BC8       9C         0
                text13                             30F2     30F2       2A         0
                text12                             3146     3146       28         0
                text11                             2FC0     2FC0       3C         0
                text10                             3196     3196       26         0
                text9                              2FFC     2FFC       3A         0
                text8                              320A     320A        E         0
                text7                              2F7C     2F7C       44         0
                text6                              2CF2     2CF2       6C         0
                text5                              3036     3036       32         0
                text4                              2670     2670      138         0
                text3                              30C8     30C8       2A         0
                text2                              31BC     31BC       1C         0
                text1                              2316     2316      35A         0
                text0                              2E28     2E28       60         0
                cinit                              2DC6     2DC6       62         0
                idataBANK0                         3218     3218        6         0
                idataCOMRAM                        321E     321E        1         0

        CLASS   CONST          

        CLASS   SMALLCONST     
                smallconst                         1000     1000        2         0

        CLASS   MEDIUMCONST    

        CLASS   COMRAM         
                cstackCOMRAM                          2        2       44         1
                dataCOMRAM                           47       47        1         1
                bssCOMRAM                            46       46        1         1

        CLASS   ABS1           
                abs_s1                                1        1        1         1

        CLASS   BIGRAM         
                bssBIGRAM                           335      335      354         1

        CLASS   RAM            

        CLASS   BANK0          
                cstackBANK0                          92       92        1         1
                dataBANK0                            8C       8C        6         1
                bssBANK0                             60       60       2C         1

        CLASS   BANK1          
                cstackBANK1                         100      100       54         1

        CLASS   BANK2          
                cstackBANK2                         200      200       80         1

        CLASS   BANK3          
                cstackBANK3                         300      300       35         1

        CLASS   BANK4          

        CLASS   BANK5          

        CLASS   BANK6          

        CLASS   BANK7          

        CLASS   BANK8          

        CLASS   BANK9          

        CLASS   BANK10         

        CLASS   BANK11         

        CLASS   BANK12         

        CLASS   BANK13         

        CLASS   BANK14         

        CLASS   BANK15         

        CLASS   SFR            

        CLASS   BIGSFR         

        CLASS   CONFIG         

        CLASS   IDLOC          

        CLASS   EEDATA         

        CLASS   FARRAM         

        CLASS   HEAP           

        CLASS   STACK          



SEGMENTS        Name                           Load    Length   Top    Selector   Space  Class

                reset_vec                      000000  000004  000004         0       0  CODE    
                cstackCOMRAM                   000002  000046  000048         2       1  COMRAM  
                intcode                        000008  000D1C  000D24         4       0  CODE    
                bssBANK0                       000060  000033  000093        60       1  BANK0   
                cstackBANK1                    000100  000054  000154       100       1  BANK1   
                cstackBANK2                    000200  000080  000280       200       1  BANK2   
                cstackBANK3                    000300  000035  000335       300       1  BANK3   
                bssBIGRAM                      000335  000354  000689       335       1  BIGRAM  
                smallconst                     001000  000002  001002       800       0  SMALLCON
                text20                         001002  00221D  00321F       801       0  CODE    


UNUSED ADDRESS RANGES

        Name                Unused          Largest block    Delta
        BANK0            0093-00FF             6D
        BANK1            0154-01FF             AC
        BANK10           0A00-0AFF            100
        BANK11           0B00-0BFF            100
        BANK12           0C00-0CFF            100
        BANK13           0D00-0DFF            100
        BANK14           0E00-0EFF            100
        BANK15           0F00-0F37             38
        BANK2            0280-02FF             80
        BANK6            0689-06FF             77
        BANK7            0700-07FF            100
        BANK8            0800-08FF            100
        BANK9            0900-09FF            100
        BIGRAM           0048-005F             18
                         0093-00FF             6D
                         0154-01FF             AC
                         0280-02FF             80
                         0689-0F37            8AF
        BIGSFR           0F38-0FFF             C8
        CODE             0004-0007              4
                         0D24-0FFF            2DC
                         321F-FFFF           CDE1
        COMRAM           0048-005F             18
        CONFIG           300000-30000D              E
        CONST            0004-0007              4
                         0D24-0FFF            2DC
                         321F-FFFF           CDE1
        EEDATA           F00000-F003FF            400
        IDLOC            200000-200007              8
        MEDIUMCONST      321F-FFFF           CDE1
        RAM              0093-00FF             6D
                         0154-01FF             AC
                         0280-02FF             80
                         0689-0F37            100
        SFR              0F38-0FFF             28
        SMALLCONST       321F-FFFF            100

                                  Symbol Table

?___awmod                        cstackBANK1  0143
?_adc_read                       cstackBANK2  025C
ISR@i                            cstackCOMRAM 0044
LED_1@F6269                      dataBANK0    008C
LED_1@pos                        cstackBANK1  0142
LED_1@seq                        cstackBANK1  013C
_ADCON0bits                      (abs)        0FC2
_ADCON1bits                      (abs)        0FC1
_ADCON2bits                      (abs)        0FC0
_ADRES                           (abs)        0FC3
_ANSELAbits                      (abs)        0F38
_ANSELBbits                      (abs)        0F39
_ANSELCbits                      (abs)        0F3A
_ANSELDbits                      (abs)        0F3B
_BSR                             (abs)        0FE0
_CCP1CON                         (abs)        0FBD
_CCP1CONbits                     (abs)        0FBD
_CCPR1L                          (abs)        0FBE
_FSR0H                           (abs)        0FEA
_FSR0L                           (abs)        0FE9
_FSR1H                           (abs)        0FE2
_FSR1L                           (abs)        0FE1
_FSR2H                           (abs)        0FDA
_FSR2L                           (abs)        0FD9
_INTCON2bits                     (abs)        0FF1
_INTCONbits                      (abs)        0FF2
_ISR                             intcode      0008
_LATDbits                        (abs)        0F8C
_LED_1                           text14       2BC8
_LED_2                           text24       2F32
_PCLATH                          (abs)        0FFA
_PCLATU                          (abs)        0FFB
_PORTCbits                       (abs)        0F82
_PORTDbits                       (abs)        0F83
_PR2                             (abs)        0FBB
_PRODH                           (abs)        0FF4
_PRODL                           (abs)        0FF3
_READ_ADC                        text26       3068
_STATUS                          (abs)        0FD8
_STKPTR                          (abs)        0FFC
_T0CONbits                       (abs)        0FD5
_T2CON                           (abs)        0FBA
_TABLAT                          (abs)        0FF5
_TBLPTRH                         (abs)        0FF7
_TBLPTRL                         (abs)        0FF6
_TBLPTRU                         (abs)        0FF8
_TMR0                            (abs)        0FD6
_TOSH                            (abs)        0FFE
_TOSL                            (abs)        0FFD
_TOSU                            (abs)        0FFF
_TRISAbits                       (abs)        0F92
_TRISBbits                       (abs)        0F93
_TRISCbits                       (abs)        0F94
_TRISDbits                       (abs)        0F95
_WREG                            (abs)        0FE8
__HRAM                           (abs)        0000
__H__absolute__                  __absolute__ 0000
__Habs1                          abs1         0000
__Hbank0                         bank0        0000
__Hbank1                         bank1        0000
__Hbank10                        bank10       0000
__Hbank11                        bank11       0000
__Hbank12                        bank12       0000
__Hbank13                        bank13       0000
__Hbank14                        bank14       0000
__Hbank15                        bank15       0000
__Hbank2                         bank2        0000
__Hbank3                         bank3        0000
__Hbank4                         bank4        0000
__Hbank5                         bank5        0000
__Hbank6                         bank6        0000
__Hbank7                         bank7        0000
__Hbank8                         bank8        0000
__Hbank9                         bank9        0000
__Hbigbss                        bigbss       0000
__Hbigdata                       bigdata      0000
__Hbigram                        bigram       0000
__Hbigsfr                        bigsfr       0000
__Hbss                           bss          0000
__HbssBANK0                      bssBANK0     0000
__HbssBIGRAM                     bssBIGRAM    0000
__HbssCOMRAM                     bssCOMRAM    0000
__Hcinit                         cinit        0000
__Hclrtext                       clrtext      0000
__Hcomram                        comram       0000
__Hconfig                        config       0000
__Hconst                         const        0000
__HcstackBANK0                   cstackBANK0  0000
__HcstackBANK1                   cstackBANK1  0000
__HcstackBANK2                   cstackBANK2  0000
__HcstackBANK3                   cstackBANK3  0000
__HcstackCOMRAM                  cstackCOMRAM 0000
__Hdata                          data         0000
__HdataBANK0                     dataBANK0    0000
__HdataCOMRAM                    dataCOMRAM   0000
__Heeprom_data                   eeprom_data  0000
__Hfarbss                        farbss       0000
__Hfardata                       fardata      0000
__Hheap                          heap         0000
__Hibigdata                      ibigdata     0000
__Hidata                         idata        0000
__HidataBANK0                    idataBANK0   0000
__HidataCOMRAM                   idataCOMRAM  0000
__Hidloc                         idloc        0000
__Hifardata                      ifardata     0000
__Hinit                          init         0D24
__Hintcode                       intcode      0D20
__Hintcode_body                  intcode_body 0000
__Hintcodelo                     intcodelo    0018
__Hintentry                      intentry     0000
__Hintret                        intret       0000
__Hintsave_regs                  intsave_regs 0000
__Hirdata                        irdata       0000
__Hmediumconst                   mediumconst  0000
__HnvFARRAM                      nvFARRAM     0000
__Hnvbit                         nvbit        0000
__Hnvrram                        nvrram       0000
__Hparam                         rparam       0000
__Hpowerup                       powerup      0000
__Hram                           ram          0000
__Hramtop                        ramtop       1000
__Hrbit                          rbit         0000
__Hrbss                          rbss         0000
__Hrdata                         rdata        0000
__Hreset_vec                     reset_vec    0004
__Hrparam                        rparam       0000
__Hsfr                           sfr          0000
__Hsivt_hi                       sivt_hi      0000
__Hsivt_lo                       sivt_lo      0018
__Hsmallconst                    smallconst   1002
__Hspace_0                       (abs)        321F
__Hspace_1                       (abs)        0689
__Hspace_2                       (abs)        0000
__Hspace_4                       (abs)        0000
__Hstack                         stack        0000
__Hstruct                        struct       0000
__Htemp                          temp         0000
__Htext                          text         0000
__Htext0                         text0        0000
__Htext1                         text1        0000
__Htext10                        text10       0000
__Htext11                        text11       0000
__Htext12                        text12       0000
__Htext13                        text13       0000
__Htext14                        text14       0000
__Htext15                        text15       0000
__Htext16                        text16       0000
__Htext17                        text17       0000
__Htext18                        text18       0000
__Htext19                        text19       0000
__Htext2                         text2        0000
__Htext20                        text20       0000
__Htext21                        text21       0000
__Htext22                        text22       0000
__Htext23                        text23       0000
__Htext24                        text24       0000
__Htext25                        text25       0000
__Htext26                        text26       0000
__Htext27                        text27       0000
__Htext28                        text28       0000
__Htext29                        text29       0000
__Htext3                         text3        0000
__Htext31                        text31       0000
__Htext32                        text32       0000
__Htext33                        text33       0000
__Htext4                         text4        0000
__Htext5                         text5        0000
__Htext6                         text6        0000
__Htext7                         text7        0000
__Htext8                         text8        0000
__Htext9                         text9        0000
__LRAM                           (abs)        0001
__L__absolute__                  __absolute__ 0000
__Labs1                          abs1         0000
__Lbank0                         bank0        0000
__Lbank1                         bank1        0000
__Lbank10                        bank10       0000
__Lbank11                        bank11       0000
__Lbank12                        bank12       0000
__Lbank13                        bank13       0000
__Lbank14                        bank14       0000
__Lbank15                        bank15       0000
__Lbank2                         bank2        0000
__Lbank3                         bank3        0000
__Lbank4                         bank4        0000
__Lbank5                         bank5        0000
__Lbank6                         bank6        0000
__Lbank7                         bank7        0000
__Lbank8                         bank8        0000
__Lbank9                         bank9        0000
__Lbigbss                        bigbss       0000
__Lbigdata                       bigdata      0000
__Lbigram                        bigram       0000
__Lbigsfr                        bigsfr       0000
__Lbss                           bss          0000
__LbssBANK0                      bssBANK0     0000
__LbssBIGRAM                     bssBIGRAM    0000
__LbssCOMRAM                     bssCOMRAM    0000
__Lcinit                         cinit        0000
__Lclrtext                       clrtext      0000
__Lcomram                        comram       0000
__Lconfig                        config       0000
__Lconst                         const        0000
__LcstackBANK0                   cstackBANK0  0000
__LcstackBANK1                   cstackBANK1  0000
__LcstackBANK2                   cstackBANK2  0000
__LcstackBANK3                   cstackBANK3  0000
__LcstackCOMRAM                  cstackCOMRAM 0000
__Ldata                          data         0000
__LdataBANK0                     dataBANK0    0000
__LdataCOMRAM                    dataCOMRAM   0000
__Leeprom_data                   eeprom_data  0000
__Lfarbss                        farbss       0000
__Lfardata                       fardata      0000
__Lheap                          heap         0000
__Libigdata                      ibigdata     0000
__Lidata                         idata        0000
__LidataBANK0                    idataBANK0   0000
__LidataCOMRAM                   idataCOMRAM  0000
__Lidloc                         idloc        0000
__Lifardata                      ifardata     0000
__Linit                          init         0D20
__Lintcode                       intcode      0008
__Lintcode_body                  intcode_body 0000
__Lintcodelo                     intcodelo    0018
__Lintentry                      intentry     0000
__Lintret                        intret       0000
__Lintsave_regs                  intsave_regs 0000
__Lirdata                        irdata       0000
__Lmediumconst                   mediumconst  0000
__LnvFARRAM                      nvFARRAM     0000
__Lnvbit                         nvbit        0000
__Lnvrram                        nvrram       0000
__Lparam                         rparam       0000
__Lpowerup                       powerup      0000
__Lram                           ram          0000
__Lramtop                        ramtop       1000
__Lrbit                          rbit         0000
__Lrbss                          rbss         0000
__Lrdata                         rdata        0000
__Lreset_vec                     reset_vec    0000
__Lrparam                        rparam       0000
__Lsfr                           sfr          0000
__Lsivt_hi                       sivt_hi      0000
__Lsivt_lo                       sivt_lo      0018
__Lsmallconst                    smallconst   1000
__Lspace_0                       (abs)        0000
__Lspace_1                       (abs)        0000
__Lspace_2                       (abs)        0000
__Lspace_4                       (abs)        0000
__Lstack                         stack        0000
__Lstruct                        struct       0000
__Ltemp                          temp         0000
__Ltext                          text         0000
__Ltext0                         text0        0000
__Ltext1                         text1        0000
__Ltext10                        text10       0000
__Ltext11                        text11       0000
__Ltext12                        text12       0000
__Ltext13                        text13       0000
__Ltext14                        text14       0000
__Ltext15                        text15       0000
__Ltext16                        text16       0000
__Ltext17                        text17       0000
__Ltext18                        text18       0000
__Ltext19                        text19       0000
__Ltext2                         text2        0000
__Ltext20                        text20       0000
__Ltext21                        text21       0000
__Ltext22                        text22       0000
__Ltext23                        text23       0000
__Ltext24                        text24       0000
__Ltext25                        text25       0000
__Ltext26                        text26       0000
__Ltext27                        text27       0000
__Ltext28                        text28       0000
__Ltext29                        text29       0000
__Ltext3                         text3        0000
__Ltext31                        text31       0000
__Ltext32                        text32       0000
__Ltext33                        text33       0000
__Ltext4                         text4        0000
__Ltext5                         text5        0000
__Ltext6                         text6        0000
__Ltext7                         text7        0000
__Ltext8                         text8        0000
__Ltext9                         text9        0000
__S0                             (abs)        321F
__S1                             (abs)        0689
__S4                             (abs)        0000
__S5                             (abs)        0000
___awmod                         text23       2B18
___awmod@counter                 cstackBANK1  0147
___awmod@dividend                cstackBANK1  0143
___awmod@divisor                 cstackBANK1  0145
___awmod@sign                    cstackBANK1  0148
___heap_hi                       (abs)        0000
___heap_lo                       (abs)        0000
___inthi_sp                      stack        0000
___inthi_stack_hi                stack        0000
___inthi_stack_lo                stack        0000
___intlo_sp                      stack        0000
___intlo_stack_hi                stack        0000
___intlo_stack_lo                stack        0000
___param_bank                    (abs)        0000
___rparam_used                   (abs)        0001
___sp                            stack        0000
___stack_hi                      stack        0000
___stack_lo                      stack        0000
__accesstop                      (abs)        0060
__activetblptr                   (abs)        0002
__end_of_ISR                     intcode      0D20
__end_of_LED_1                   text14       2C64
__end_of_LED_2                   text24       2F7C
__end_of_READ_ADC                text26       3098
__end_of___awmod                 text23       2BC8
__end_of__initialization         cinit        2E1A
__end_of_adc_config              text12       316E
__end_of_adc_read                text27       31F2
__end_of_config_user             text7        2FC0
__end_of_idle                    text13       311C
__end_of_main                    text0        2E88
__end_of_mutex_init              text11       2FFC
__end_of_mutex_lock              text20       1696
__end_of_mutex_unlock            text19       2B18
__end_of_os_config               text5        3068
__end_of_os_create_task          text6        2D5E
__end_of_os_delay                text18       2316
__end_of_os_start                text1        2670
__end_of_pipe_init               text9        3036
__end_of_pipe_read               text25       2EE0
__end_of_pipe_write              text15       2F32
__end_of_priority_rr_scheduler   text4        27A8
__end_of_pwm_init                text8        3218
__end_of_pwm_set_duty            text29       30C8
__end_of_scheduler               text3        30F2
__end_of_sem_init                text10       31BC
__end_of_sem_post                text17       2CF2
__end_of_sem_wait                text16       1D02
__end_of_setup_hardware          text2        31D8
__end_of_tarefaPWN               text28       320A
__end_ofi1_priority_rr_scheduler text22       28E0
__end_ofi1_scheduler             text21       3146
__end_ofi2_os_create_task        text33       2DC6
__end_ofi2_priority_rr_scheduler text32       2A16
__end_ofi2_scheduler             text31       3196
__initialization                 cinit        2DC6
__mediumconst                    smallconst   1000
__pbssBANK0                      bssBANK0     0060
__pbssBIGRAM                     bssBIGRAM    0335
__pbssCOMRAM                     bssCOMRAM    0046
__pcinit                         cinit        2DC6
__pcstackBANK0                   cstackBANK0  0092
__pcstackBANK1                   cstackBANK1  0100
__pcstackBANK2                   cstackBANK2  0200
__pcstackBANK3                   cstackBANK3  0300
__pcstackCOMRAM                  cstackCOMRAM 0002
__pdataBANK0                     dataBANK0    008C
__pdataCOMRAM                    dataCOMRAM   0047
__pidataBANK0                    idataBANK0   3218
__pidataCOMRAM                   idataCOMRAM  321E
__pintcode                       intcode      0008
__psmallconst                    smallconst   1000
__ptext0                         text0        2E28
__ptext1                         text1        2316
__ptext10                        text10       3196
__ptext11                        text11       2FC0
__ptext12                        text12       3146
__ptext13                        text13       30F2
__ptext14                        text14       2BC8
__ptext15                        text15       2EE0
__ptext16                        text16       1696
__ptext17                        text17       2C64
__ptext18                        text18       1D02
__ptext19                        text19       2A16
__ptext2                         text2        31BC
__ptext20                        text20       1002
__ptext21                        text21       311C
__ptext22                        text22       27A8
__ptext23                        text23       2B18
__ptext24                        text24       2F32
__ptext25                        text25       2E88
__ptext26                        text26       3068
__ptext27                        text27       31D8
__ptext28                        text28       31F2
__ptext29                        text29       3098
__ptext3                         text3        30C8
__ptext31                        text31       316E
__ptext32                        text32       28E0
__ptext33                        text33       2D5E
__ptext4                         text4        2670
__ptext5                         text5        3036
__ptext6                         text6        2CF2
__ptext7                         text7        2F7C
__ptext8                         text8        320A
__ptext9                         text9        2FFC
__ramtop                         ramtop       1000
__smallconst                     smallconst   1000
__uDynamicHeap                   bssBIGRAM    0335
_adc_config                      text12       3146
_adc_read                        text27       31D8
_config_user                     text7        2F7C
_dado                            bssCOMRAM    0046
_idle                            text13       30F2
_m_led                           bssBANK0     0078
_main                            text0        2E28
_mutex_init                      text11       2FC0
_mutex_lock                      text20       1002
_mutex_unlock                    text19       2A16
_os_config                       text5        3036
_os_create_task                  text6        2CF2
_os_delay                        text18       1D02
_os_start                        text1        2316
_p                               bssBANK0     0060
_pipe_init                       text9        2FFC
_pipe_read                       text25       2E88
_pipe_write                      text15       2EE0
_priority_rr_scheduler           text4        2670
_pwm_init                        text8        320A
_pwm_set_duty                    text29       3098
_r_queue                         bssBIGRAM    0535
_rr_quantum                      dataCOMRAM   0047
_s                               bssBANK0     0083
_scheduler                       text3        30C8
_sem_init                        text10       3196
_sem_post                        text17       2C64
_sem_wait                        text16       1696
_setup_hardware                  text2        31BC
_tarefaOneShot                   (abs)        0000
_tarefaPWN                       text28       31F2
btemp                            (abs)        0001
btemp0                           (abs)        0001
btemp1                           (abs)        0002
end_of_initialization            cinit        2E1A
i1_priority_rr_scheduler         text22       27A8
i1_scheduler                     text21       311C
i1priority_rr_scheduler@current  cstackBANK2  026F
i1priority_rr_scheduler@found    cstackBANK2  0271
i1priority_rr_scheduler@i        cstackBANK2  0273
i1priority_rr_scheduler@i_1768   cstackBANK2  0272
i1priority_rr_scheduler@idx      cstackBANK2  0274
i1priority_rr_scheduler@max_prio cstackBANK2  0270
i2_os_create_task                text33       2D5E
i2_priority_rr_scheduler         text32       28E0
i2_scheduler                     text31       316E
i2os_create_task@func            cstackCOMRAM 0002
i2os_create_task@id              cstackCOMRAM 0006
i2os_create_task@new_task        cstackCOMRAM 0007
i2os_create_task@prior           cstackCOMRAM 0004
i2priority_rr_scheduler@current  cstackCOMRAM 0003
i2priority_rr_scheduler@found    cstackCOMRAM 0005
i2priority_rr_scheduler@i        cstackCOMRAM 0007
i2priority_rr_scheduler@i_1768   cstackCOMRAM 0006
i2priority_rr_scheduler@idx      cstackCOMRAM 0008
i2priority_rr_scheduler@max_prio cstackCOMRAM 0004
int$flags                        (abs)        0001
intlevel0                        text         0000
intlevel1                        text         0000
intlevel2                        text         0000
intlevel3                        text         0000
isa$std                          (abs)        0001
isa$xinst                        (abs)        0000
mutex_init@m                     cstackBANK3  0300
mutex_lock@m                     cstackBANK1  0130
mutex_unlock@m                   cstackBANK1  0130
mutex_unlock@task_idx            cstackBANK1  0133
os_create_task@func              cstackBANK3  0300
os_create_task@id                cstackBANK3  0304
os_create_task@new_task          cstackBANK3  0305
os_create_task@prior             cstackBANK3  0302
os_delay@time                    cstackBANK2  027F
pipe_init@p                      cstackBANK3  0302
pipe_read@dado                   cstackBANK1  0152
pipe_read@p                      cstackBANK1  0151
pipe_write@dado                  cstackBANK1  0139
pipe_write@p                     cstackBANK1  0138
priority_rr_scheduler@current    cstackBANK3  0301
priority_rr_scheduler@found      cstackBANK3  0303
priority_rr_scheduler@i          cstackBANK3  0305
priority_rr_scheduler@i_1768     cstackBANK3  0304
priority_rr_scheduler@idx        cstackBANK3  0306
priority_rr_scheduler@max_prio   cstackBANK3  0302
pwm_set_duty@duty                cstackBANK2  026E
sem_init@sem                     cstackBANK3  0300
sem_init@valor                   cstackBANK3  0301
sem_post@sem                     cstackBANK1  0149
sem_wait@sem                     cstackBANK1  0149
stackhi                          (abs)        0000
stacklo                          (abs)        0000
start                            init         0D20
start_initialization             cinit        2DC6


MODULE INFORMATION

Module		Function		Class		Link	Load	Size
C:\Program Files\Microchip\xc8\v3.10\pic\sources\c99\common\awmod.c
		___awmod       		CODE           	2B18	0000	176

C:\Program Files\Microchip\xc8\v3.10\pic\sources\c99\common\awmod.c estimated size: 176

io.c
		_pwm_set_duty  		CODE           	3098	0000	48
		_adc_config    		CODE           	3146	0000	40
		_adc_read      		CODE           	31D8	0000	26
		_pwm_init      		CODE           	320A	0000	14

io.c estimated size: 128

hw.c
		_ISR           		CODE           	0008	0000	3352
		_setup_hardware		CODE           	31BC	0000	28

hw.c estimated size: 3380

com.c
		_pipe_read     		CODE           	2E88	0000	88
		_pipe_init     		CODE           	2FFC	0000	58
		_pipe_write    		CODE           	2EE0	0000	82

com.c estimated size: 228

kernel.c
		_os_config     		CODE           	3036	0000	50
		_os_start      		CODE           	2316	0000	858
		_idle          		CODE           	30F2	0000	42
		_os_delay      		CODE           	1D02	0000	1556
		_os_create_task		CODE           	2CF2	0000	108

kernel.c estimated size: 2614

shared
		i2_os_create_task		CODE           	2D5E	0000	104
		__initialization		CODE           	2DC6	0000	84
		i1_priority_rr_scheduler		CODE           	27A8	0000	312
		i2_priority_rr_scheduler		CODE           	28E0	0000	310
		i1_scheduler   		CODE           	311C	0000	42
		i2_scheduler   		CODE           	316E	0000	40

shared estimated size: 892

user.c
		_LED_2         		CODE           	2F32	0000	74
		_READ_ADC      		CODE           	3068	0000	48
		_LED_1         		CODE           	2BC8	0000	156
		_config_user   		CODE           	2F7C	0000	68
		_tarefaPWN     		CODE           	31F2	0000	24

user.c estimated size: 370

scheduler.c
		_scheduler     		CODE           	30C8	0000	42
		_priority_rr_scheduler		CODE           	2670	0000	312

scheduler.c estimated size: 354

sync.c
		_mutex_lock    		CODE           	1002	0000	1684
		_mutex_unlock  		CODE           	2A16	0000	258
		_sem_wait      		CODE           	1696	0000	1644
		_sem_init      		CODE           	3196	0000	38
		_sem_post      		CODE           	2C64	0000	142
		_mutex_init    		CODE           	2FC0	0000	60

sync.c estimated size: 3826

main.c
		_main          		CODE           	2E28	0000	96

main.c estimated size: 96

