Microchip MPLAB XC8 Compiler V3.10

Linker command line:

-W-3 \
  --edf=C:\Program Files\Microchip\xc8\v3.10\pic\dat\20250813170317_en.msgs \
  -cn -h+dist/default/production\RTOS-2026.production.sym \
  --cmf=dist/default/production\RTOS-2026.production.cmf -z -Q18F46K22 \
  -oC:\Users\RICHAR~1.STO\AppData\Local\Temp\xcAsg2o.0\driver_tmp_3.o \
  --defsym=__MPLAB_BUILD=1 --fixupoverflow=error \
  -Mdist/default/production/RTOS-2026.production.map \
  --md=C:\Users\RICHAR~1.STO\AppData\Local\Temp\xcAsg2o.0\driver_tmp_0.dat \
  -E1 -ver=XC8 Compiler -ACODE=00h-0FFFFh -ACONST=00h-0FFFFh \
  -ASMALLCONST=01000h-010FFhx240 -AMEDIUMCONST=01000h-0FFFFh \
  -ACOMRAM=01h-05Fh -AABS1=00h-0F37h -ABIGRAM=01h-0F37h \
  -ARAM=060h-0FFh,0100h-01FFhx14,0F00h-0F37h -ABANK0=060h-0FFh \
  -ABANK1=0100h-01FFh -ABANK2=0200h-02FFh -ABANK3=0300h-03FFh \
  -ABANK4=0400h-04FFh -ABANK5=0500h-05FFh -ABANK6=0600h-06FFh \
  -ABANK7=0700h-07FFh -ABANK8=0800h-08FFh -ABANK9=0900h-09FFh \
  -ABANK10=0A00h-0AFFh -ABANK11=0B00h-0BFFh -ABANK12=0C00h-0CFFh \
  -ABANK13=0D00h-0DFFh -ABANK14=0E00h-0EFFh -ABANK15=0F00h-0F37h \
  -ASFR=0F38h-0F5Fh,0F60h-0FFFh -ABIGSFR=0F38h-0FFFh \
  -ACONFIG=0300000h-030000Dh -AIDLOC=0200000h-0200007h \
  -AEEDATA=0F00000h-0F003FFh -peeprom_data=EEDATA \
  -preset_vec=00h,intcode=8h,intcodelo=18h,sivt_lo,sivt_hi=CODE \
  -ppowerup=CODE,init -pramtop=01000h -psmallconst=SMALLCONST \
  -pmediumconst=MEDIUMCONST -pconst=CONST -AFARRAM=00h-00h \
  -prdata=COMRAM,nvrram=COMRAM,nvbit=COMRAM,rbss=COMRAM,rbit=COMRAM \
  -pfarbss=FARRAM,fardata=FARRAM,nvFARRAM=FARRAM \
  -pintsave_regs=BIGRAM,bigbss=BIGRAM,bigdata=BIGRAM -pbss=RAM \
  -pidata=CODE,irdata=CODE,ibigdata=CODE,ifardata=CODE -prparam=COMRAM \
  C:\Users\RICHAR~1.STO\AppData\Local\Temp\xcAsg2o.0\driver_tmp_9.o \
  dist/default/production\RTOS-2026.production.o 

Object code version is 3.11

Machine type is 18F46K22



                Name                               Link     Load   Length Selector   Space Scale
C:\Users\RICHAR~1.STO\AppData\Local\Temp\xcAsg2o.0\driver_tmp_9.o
                init                                33A      33A        4        4       0
                reset_vec                             0        0        4        0       0
dist/default/production\RTOS-2026.production.o
                intcode                               8        8      332        4       0
                smallconst                         1000     1000        2      800       0
                text35                             1E24     1E24      128      801       0
                text34                             1BA0     1BA0      156      801       0
                text33                             2752     2752        A      801       0
                text31                             26F2     26F2       20      801       0
                text30                             262E     262E       2E      801       0
                text29                             1002     1002      29C      801       0
                text28                             1F4C     1F4C      114      801       0
                text27                             25FE     25FE       30      801       0
                text26                             24AC     24AC       44      801       0
                text25                             14E4     14E4      216      801       0
                text24                             22DE     22DE       6C      801       0
                text23                             2566     2566       36      801       0
                text22                             259C     259C       32      801       0
                text21                             1A44     1A44      15C      801       0
                text20                             2748     2748        A      801       0
                text19                             16FA     16FA      1EE      801       0
                text18                             222E     222E       B0      801       0
                text17                             216E     216E       C0      801       0
                text16                             129E     129E      246      801       0
                text15                             234A     234A       66      801       0
                text14                             25CE     25CE       30      801       0
                text13                             2684     2684       28      801       0
                text12                             265C     265C       28      801       0
                text11                             24F0     24F0       3C      801       0
                text10                             26AC     26AC       26      801       0
                text9                              252C     252C       3A      801       0
                text8                              2730     2730        E      801       0
                text7                              2464     2464       48      801       0
                text6                              1CF6     1CF6      12E      801       0
                text5                              26D2     26D2       20      801       0
                text4                              18E8     18E8      15C      801       0
                text3                              273E     273E        A      801       0
                text2                              2712     2712       1E      801       0
                text1                              2060     2060      10E      801       0
                text0                              23B0     23B0       60      801       0
                cstackCOMRAM                          2        2       21        2       1
                cstackBANK0                          60       60       3C       60       1
                bssBIGRAM                           1D4      1D4      200      1D4       1
                bssBANK1                            100      100       D4      100       1
                bssBANK0                             9C       9C       29       60       1
                dataCOMRAM                           2D       2D        1        2       1
                bssCOMRAM                            23       23        A        2       1
                cinit                              2410     2410       54      801       0
                idataCOMRAM                        275C     275C        1      801       0

TOTAL           Name                               Link     Load   Length     Space
        CLASS   CODE           
                intcode                               8        8      332         0
                init                                33A      33A        4         0
                reset_vec                             0        0        4         0
                text35                             1E24     1E24      128         0
                text34                             1BA0     1BA0      156         0
                text33                             2752     2752        A         0
                text31                             26F2     26F2       20         0
                text30                             262E     262E       2E         0
                text29                             1002     1002      29C         0
                text28                             1F4C     1F4C      114         0
                text27                             25FE     25FE       30         0
                text26                             24AC     24AC       44         0
                text25                             14E4     14E4      216         0
                text24                             22DE     22DE       6C         0
                text23                             2566     2566       36         0
                text22                             259C     259C       32         0
                text21                             1A44     1A44      15C         0
                text20                             2748     2748        A         0
                text19                             16FA     16FA      1EE         0
                text18                             222E     222E       B0         0
                text17                             216E     216E       C0         0
                text16                             129E     129E      246         0
                text15                             234A     234A       66         0
                text14                             25CE     25CE       30         0
                text13                             2684     2684       28         0
                text12                             265C     265C       28         0
                text11                             24F0     24F0       3C         0
                text10                             26AC     26AC       26         0
                text9                              252C     252C       3A         0
                text8                              2730     2730        E         0
                text7                              2464     2464       48         0
                text6                              1CF6     1CF6      12E         0
                text5                              26D2     26D2       20         0
                text4                              18E8     18E8      15C         0
                text3                              273E     273E        A         0
                text2                              2712     2712       1E         0
                text1                              2060     2060      10E         0
                text0                              23B0     23B0       60         0
                cinit                              2410     2410       54         0
                idataCOMRAM                        275C     275C        1         0

        CLASS   CONST          

        CLASS   SMALLCONST     
                smallconst                         1000     1000        2         0

        CLASS   MEDIUMCONST    

        CLASS   COMRAM         
                cstackCOMRAM                          2        2       21         1
                dataCOMRAM                           2D       2D        1         1
                bssCOMRAM                            23       23        A         1

        CLASS   ABS1           
                abs_s1                                1        1        1         1

        CLASS   BIGRAM         
                bssBIGRAM                           1D4      1D4      200         1

        CLASS   RAM            

        CLASS   BANK0          
                cstackBANK0                          60       60       3C         1
                bssBANK0                             9C       9C       29         1

        CLASS   BANK1          
                bssBANK1                            100      100       D4         1

        CLASS   BANK2          

        CLASS   BANK3          

        CLASS   BANK4          

        CLASS   BANK5          

        CLASS   BANK6          

        CLASS   BANK7          

        CLASS   BANK8          

        CLASS   BANK9          

        CLASS   BANK10         

        CLASS   BANK11         

        CLASS   BANK12         

        CLASS   BANK13         

        CLASS   BANK14         

        CLASS   BANK15         

        CLASS   SFR            

        CLASS   BIGSFR         

        CLASS   CONFIG         

        CLASS   IDLOC          

        CLASS   EEDATA         

        CLASS   FARRAM         

        CLASS   HEAP           

        CLASS   STACK          



SEGMENTS        Name                           Load    Length   Top    Selector   Space  Class

                reset_vec                      000000  000004  000004         0       0  CODE    
                cstackCOMRAM                   000002  00002C  00002E         2       1  COMRAM  
                intcode                        000008  000336  00033E         4       0  CODE    
                cstackBANK0                    000060  000065  0000C5        60       1  BANK0   
                bssBANK1                       000100  0000D4  0001D4       100       1  BANK1   
                bssBIGRAM                      0001D4  000200  0003D4       1D4       1  BIGRAM  
                smallconst                     001000  000002  001002       800       0  SMALLCON
                text29                         001002  00175B  00275D       801       0  CODE    


UNUSED ADDRESS RANGES

        Name                Unused          Largest block    Delta
        BANK0            00C5-00FF             3B
        BANK10           0A00-0AFF            100
        BANK11           0B00-0BFF            100
        BANK12           0C00-0CFF            100
        BANK13           0D00-0DFF            100
        BANK14           0E00-0EFF            100
        BANK15           0F00-0F37             38
        BANK3            03D4-03FF             2C
        BANK4            0400-04FF            100
        BANK5            0500-05FF            100
        BANK6            0600-06FF            100
        BANK7            0700-07FF            100
        BANK8            0800-08FF            100
        BANK9            0900-09FF            100
        BIGRAM           002E-005F             32
                         00C5-00FF             3B
                         03D4-0F37            B64
        BIGSFR           0F38-0FFF             C8
        CODE             0004-0007              4
                         033E-0FFF            CC2
                         275D-FFFF           D8A3
        COMRAM           002E-005F             32
        CONFIG           300000-30000D              E
        CONST            0004-0007              4
                         033E-0FFF            CC2
                         275D-FFFF           D8A3
        EEDATA           F00000-F003FF            400
        IDLOC            200000-200007              8
        MEDIUMCONST      275D-FFFF           D8A3
        RAM              00C5-00FF             3B
                         03D4-0F37            100
        SFR              0F38-0FFF             28
        SMALLCONST       275D-FFFF            100

                                  Symbol Table

?___awmod                        cstackBANK0  007F
?_adc_read                       cstackCOMRAM 0013
ISR@i                            cstackCOMRAM 0013
RR_scheduler@prox                bssCOMRAM    002C
RR_scheduler@tentativas          bssCOMRAM    002B
_ADCON0bits                      (abs)        0FC2
_ADCON1bits                      (abs)        0FC1
_ADCON2bits                      (abs)        0FC0
_ADRESH                          (abs)        0FC4
_ADRESL                          (abs)        0FC3
_ANSELAbits                      (abs)        0F38
_ANSELBbits                      (abs)        0F39
_ANSELCbits                      (abs)        0F3A
_ANSELDbits                      (abs)        0F3B
_BSR                             (abs)        0FE0
_CCP1CON                         (abs)        0FBD
_CCP1CONbits                     (abs)        0FBD
_CCPR1L                          (abs)        0FBE
_FSR0H                           (abs)        0FEA
_FSR0L                           (abs)        0FE9
_INTCON2bits                     (abs)        0FF1
_INTCONbits                      (abs)        0FF2
_ISR                             intcode      0008
_LATD                            (abs)        0F8C
_LATDbits                        (abs)        0F8C
_PORTCbits                       (abs)        0F82
_PR2                             (abs)        0FBB
_STATUS                          (abs)        0FD8
_STKPTR                          (abs)        0FFC
_T0CONbits                       (abs)        0FD5
_T2CON                           (abs)        0FBA
_TMR0                            (abs)        0FD6
_TOSH                            (abs)        0FFE
_TOSL                            (abs)        0FFD
_TOSU                            (abs)        0FFF
_TRISAbits                       (abs)        0F92
_TRISBbits                       (abs)        0F93
_TRISCbits                       (abs)        0F94
_TRISD                           (abs)        0F95
_TRISDbits                       (abs)        0F95
_WREG                            (abs)        0FE8
__HRAM                           (abs)        0000
__H__absolute__                  __absolute__ 0000
__Habs1                          abs1         0000
__Hbank0                         bank0        0000
__Hbank1                         bank1        0000
__Hbank10                        bank10       0000
__Hbank11                        bank11       0000
__Hbank12                        bank12       0000
__Hbank13                        bank13       0000
__Hbank14                        bank14       0000
__Hbank15                        bank15       0000
__Hbank2                         bank2        0000
__Hbank3                         bank3        0000
__Hbank4                         bank4        0000
__Hbank5                         bank5        0000
__Hbank6                         bank6        0000
__Hbank7                         bank7        0000
__Hbank8                         bank8        0000
__Hbank9                         bank9        0000
__Hbigbss                        bigbss       0000
__Hbigdata                       bigdata      0000
__Hbigram                        bigram       0000
__Hbigsfr                        bigsfr       0000
__Hbss                           bss          0000
__HbssBANK0                      bssBANK0     0000
__HbssBANK1                      bssBANK1     0000
__HbssBIGRAM                     bssBIGRAM    0000
__HbssCOMRAM                     bssCOMRAM    0000
__Hcinit                         cinit        0000
__Hclrtext                       clrtext      0000
__Hcomram                        comram       0000
__Hconfig                        config       0000
__Hconst                         const        0000
__HcstackBANK0                   cstackBANK0  0000
__HcstackCOMRAM                  cstackCOMRAM 0000
__Hdata                          data         0000
__HdataCOMRAM                    dataCOMRAM   0000
__Heeprom_data                   eeprom_data  0000
__Hfarbss                        farbss       0000
__Hfardata                       fardata      0000
__Hheap                          heap         0000
__Hibigdata                      ibigdata     0000
__Hidata                         idata        0000
__HidataCOMRAM                   idataCOMRAM  0000
__Hidloc                         idloc        0000
__Hifardata                      ifardata     0000
__Hinit                          init         033E
__Hintcode                       intcode      033A
__Hintcode_body                  intcode_body 0000
__Hintcodelo                     intcodelo    0018
__Hintentry                      intentry     0000
__Hintret                        intret       0000
__Hintsave_regs                  intsave_regs 0000
__Hirdata                        irdata       0000
__Hmediumconst                   mediumconst  0000
__HnvFARRAM                      nvFARRAM     0000
__Hnvbit                         nvbit        0000
__Hnvrram                        nvrram       0000
__Hparam                         rparam       0000
__Hpowerup                       powerup      0000
__Hram                           ram          0000
__Hramtop                        ramtop       1000
__Hrbit                          rbit         0000
__Hrbss                          rbss         0000
__Hrdata                         rdata        0000
__Hreset_vec                     reset_vec    0004
__Hrparam                        rparam       0000
__Hsfr                           sfr          0000
__Hsivt_hi                       sivt_hi      0000
__Hsivt_lo                       sivt_lo      0018
__Hsmallconst                    smallconst   1002
__Hspace_0                       (abs)        275D
__Hspace_1                       (abs)        03D4
__Hspace_2                       (abs)        0000
__Hspace_4                       (abs)        0000
__Hstack                         stack        0000
__Hstruct                        struct       0000
__Htemp                          temp         0000
__Htext                          text         0000
__Htext0                         text0        0000
__Htext1                         text1        0000
__Htext10                        text10       0000
__Htext11                        text11       0000
__Htext12                        text12       0000
__Htext13                        text13       0000
__Htext14                        text14       0000
__Htext15                        text15       0000
__Htext16                        text16       0000
__Htext17                        text17       0000
__Htext18                        text18       0000
__Htext19                        text19       0000
__Htext2                         text2        0000
__Htext20                        text20       0000
__Htext21                        text21       0000
__Htext22                        text22       0000
__Htext23                        text23       0000
__Htext24                        text24       0000
__Htext25                        text25       0000
__Htext26                        text26       0000
__Htext27                        text27       0000
__Htext28                        text28       0000
__Htext29                        text29       0000
__Htext3                         text3        0000
__Htext30                        text30       0000
__Htext31                        text31       0000
__Htext33                        text33       0000
__Htext34                        text34       0000
__Htext35                        text35       0000
__Htext4                         text4        0000
__Htext5                         text5        0000
__Htext6                         text6        0000
__Htext7                         text7        0000
__Htext8                         text8        0000
__Htext9                         text9        0000
__LRAM                           (abs)        0001
__L__absolute__                  __absolute__ 0000
__Labs1                          abs1         0000
__Lbank0                         bank0        0000
__Lbank1                         bank1        0000
__Lbank10                        bank10       0000
__Lbank11                        bank11       0000
__Lbank12                        bank12       0000
__Lbank13                        bank13       0000
__Lbank14                        bank14       0000
__Lbank15                        bank15       0000
__Lbank2                         bank2        0000
__Lbank3                         bank3        0000
__Lbank4                         bank4        0000
__Lbank5                         bank5        0000
__Lbank6                         bank6        0000
__Lbank7                         bank7        0000
__Lbank8                         bank8        0000
__Lbank9                         bank9        0000
__Lbigbss                        bigbss       0000
__Lbigdata                       bigdata      0000
__Lbigram                        bigram       0000
__Lbigsfr                        bigsfr       0000
__Lbss                           bss          0000
__LbssBANK0                      bssBANK0     0000
__LbssBANK1                      bssBANK1     0000
__LbssBIGRAM                     bssBIGRAM    0000
__LbssCOMRAM                     bssCOMRAM    0000
__Lcinit                         cinit        0000
__Lclrtext                       clrtext      0000
__Lcomram                        comram       0000
__Lconfig                        config       0000
__Lconst                         const        0000
__LcstackBANK0                   cstackBANK0  0000
__LcstackCOMRAM                  cstackCOMRAM 0000
__Ldata                          data         0000
__LdataCOMRAM                    dataCOMRAM   0000
__Leeprom_data                   eeprom_data  0000
__Lfarbss                        farbss       0000
__Lfardata                       fardata      0000
__Lheap                          heap         0000
__Libigdata                      ibigdata     0000
__Lidata                         idata        0000
__LidataCOMRAM                   idataCOMRAM  0000
__Lidloc                         idloc        0000
__Lifardata                      ifardata     0000
__Linit                          init         033A
__Lintcode                       intcode      0008
__Lintcode_body                  intcode_body 0000
__Lintcodelo                     intcodelo    0018
__Lintentry                      intentry     0000
__Lintret                        intret       0000
__Lintsave_regs                  intsave_regs 0000
__Lirdata                        irdata       0000
__Lmediumconst                   mediumconst  0000
__LnvFARRAM                      nvFARRAM     0000
__Lnvbit                         nvbit        0000
__Lnvrram                        nvrram       0000
__Lparam                         rparam       0000
__Lpowerup                       powerup      0000
__Lram                           ram          0000
__Lramtop                        ramtop       1000
__Lrbit                          rbit         0000
__Lrbss                          rbss         0000
__Lrdata                         rdata        0000
__Lreset_vec                     reset_vec    0000
__Lrparam                        rparam       0000
__Lsfr                           sfr          0000
__Lsivt_hi                       sivt_hi      0000
__Lsivt_lo                       sivt_lo      0018
__Lsmallconst                    smallconst   1000
__Lspace_0                       (abs)        0000
__Lspace_1                       (abs)        0000
__Lspace_2                       (abs)        0000
__Lspace_4                       (abs)        0000
__Lstack                         stack        0000
__Lstruct                        struct       0000
__Ltemp                          temp         0000
__Ltext                          text         0000
__Ltext0                         text0        0000
__Ltext1                         text1        0000
__Ltext10                        text10       0000
__Ltext11                        text11       0000
__Ltext12                        text12       0000
__Ltext13                        text13       0000
__Ltext14                        text14       0000
__Ltext15                        text15       0000
__Ltext16                        text16       0000
__Ltext17                        text17       0000
__Ltext18                        text18       0000
__Ltext19                        text19       0000
__Ltext2                         text2        0000
__Ltext20                        text20       0000
__Ltext21                        text21       0000
__Ltext22                        text22       0000
__Ltext23                        text23       0000
__Ltext24                        text24       0000
__Ltext25                        text25       0000
__Ltext26                        text26       0000
__Ltext27                        text27       0000
__Ltext28                        text28       0000
__Ltext29                        text29       0000
__Ltext3                         text3        0000
__Ltext30                        text30       0000
__Ltext31                        text31       0000
__Ltext33                        text33       0000
__Ltext34                        text34       0000
__Ltext35                        text35       0000
__Ltext4                         text4        0000
__Ltext5                         text5        0000
__Ltext6                         text6        0000
__Ltext7                         text7        0000
__Ltext8                         text8        0000
__Ltext9                         text9        0000
__S0                             (abs)        275D
__S1                             (abs)        03D4
__S4                             (abs)        0000
__S5                             (abs)        0000
___awmod                         text18       222E
___awmod@counter                 cstackCOMRAM 001B
___awmod@dividend                cstackBANK0  007F
___awmod@divisor                 cstackBANK0  0081
___awmod@sign                    cstackCOMRAM 001C
___heap_hi                       (abs)        0000
___heap_lo                       (abs)        0000
___inthi_sp                      stack        0000
___inthi_stack_hi                stack        0000
___inthi_stack_lo                stack        0000
___intlo_sp                      stack        0000
___intlo_stack_hi                stack        0000
___intlo_stack_lo                stack        0000
___param_bank                    (abs)        0000
___rparam_used                   (abs)        0001
___sp                            stack        0000
___stack_hi                      stack        0000
___stack_lo                      stack        0000
__accesstop                      (abs)        0060
__activetblptr                   (abs)        0000
__end_of_ISR                     intcode      033A
__end_of___awmod                 text18       22DE
__end_of__initialization         cinit        245A
__end_of_adc_config              text12       2684
__end_of_adc_read                text22       25CE
__end_of_config_user             text7        24AC
__end_of_idle                    text13       26AC
__end_of_main                    text0        2410
__end_of_mutex_init              text11       252C
__end_of_mutex_lock              text29       129E
__end_of_mutex_unlock            text28       2060
__end_of_os_config               text5        26F2
__end_of_os_create_task          text6        1E24
__end_of_os_delay                text19       18E8
__end_of_os_start                text1        216E
__end_of_os_task_change_state    text25       16FA
__end_of_pipe_init               text9        2566
__end_of_pipe_read               text24       234A
__end_of_pipe_write              text15       23B0
__end_of_priority_rr_scheduler   text4        1A44
__end_of_pwm_init                text8        273E
__end_of_pwm_set_duty            text27       262E
__end_of_scheduler               text3        2748
__end_of_sem_init                text10       26D2
__end_of_sem_post                text17       222E
__end_of_sem_wait                text16       14E4
__end_of_setup_hardware          text2        2730
__end_of_tarefaControlePWM       text26       24F0
__end_of_tarefaFeedbackLED       text30       265C
__end_of_tarefaLeituraADC        text14       25FE
__end_of_tarefaOneShot           text31       2712
__end_of_tarefaProcessamento     text23       259C
__end_ofi1_priority_rr_scheduler text21       1BA0
__end_ofi1_scheduler             text20       2752
__end_ofi2_os_create_task        text35       1F4C
__end_ofi2_priority_rr_scheduler text34       1CF6
__end_ofi2_scheduler             text33       275C
__initialization                 cinit        2410
__mediumconst                    smallconst   1000
__pbssBANK0                      bssBANK0     009C
__pbssBANK1                      bssBANK1     0100
__pbssBIGRAM                     bssBIGRAM    01D4
__pbssCOMRAM                     bssCOMRAM    0023
__pcinit                         cinit        2410
__pcstackBANK0                   cstackBANK0  0060
__pcstackCOMRAM                  cstackCOMRAM 0002
__pdataCOMRAM                    dataCOMRAM   002D
__pidataCOMRAM                   idataCOMRAM  275C
__pintcode                       intcode      0008
__psmallconst                    smallconst   1000
__ptext0                         text0        23B0
__ptext1                         text1        2060
__ptext10                        text10       26AC
__ptext11                        text11       24F0
__ptext12                        text12       265C
__ptext13                        text13       2684
__ptext14                        text14       25CE
__ptext15                        text15       234A
__ptext16                        text16       129E
__ptext17                        text17       216E
__ptext18                        text18       222E
__ptext19                        text19       16FA
__ptext2                         text2        2712
__ptext20                        text20       2748
__ptext21                        text21       1A44
__ptext22                        text22       259C
__ptext23                        text23       2566
__ptext24                        text24       22DE
__ptext25                        text25       14E4
__ptext26                        text26       24AC
__ptext27                        text27       25FE
__ptext28                        text28       1F4C
__ptext29                        text29       1002
__ptext3                         text3        273E
__ptext30                        text30       262E
__ptext31                        text31       26F2
__ptext33                        text33       2752
__ptext34                        text34       1BA0
__ptext35                        text35       1E24
__ptext4                         text4        18E8
__ptext5                         text5        26D2
__ptext6                         text6        1CF6
__ptext7                         text7        2464
__ptext8                         text8        2730
__ptext9                         text9        252C
__ramtop                         ramtop       1000
__smallconst                     smallconst   1000
__uDynamicHeap                   bssBIGRAM    01D4
_adc_config                      text12       265C
_adc_read                        text22       259C
_config_user                     text7        2464
_dado_processado                 bssBANK0     009C
_idle                            text13       2684
_main                            text0        23B0
_mutex_init                      text11       24F0
_mutex_lock                      text29       1002
_mutex_recurso                   bssBANK0     00B3
_mutex_unlock                    text28       1F4C
_os_config                       text5        26D2
_os_create_task                  text6        1CF6
_os_delay                        text19       16FA
_os_start                        text1        2060
_os_task_change_state            text25       14E4
_pipe_adc                        bssBANK0     009D
_pipe_init                       text9        252C
_pipe_read                       text24       22DE
_pipe_write                      text15       234A
_priority_rr_scheduler           text4        18E8
_pwm_init                        text8        2730
_pwm_set_duty                    text27       25FE
_r_queue                         bssBANK1     0100
_rr_quantum                      dataCOMRAM   002D
_scheduler                       text3        273E
_sem_init                        text10       26AC
_sem_post                        text17       216E
_sem_processamento               bssBANK0     00BD
_sem_wait                        text16       129E
_setup_hardware                  text2        2712
_tarefaControlePWM               text26       24AC
_tarefaFeedbackLED               text30       262E
_tarefaLeituraADC                text14       25CE
_tarefaOneShot                   text31       26F2
_tarefaProcessamento             text23       2566
adc_read@channel                 cstackCOMRAM 0017
btemp                            (abs)        0001
btemp0                           (abs)        0001
btemp1                           (abs)        0002
end_of_initialization            cinit        245A
i1_priority_rr_scheduler         text21       1A44
i1_scheduler                     text20       2748
i2_os_create_task                text35       1E24
i2_priority_rr_scheduler         text34       1BA0
i2_scheduler                     text33       2752
i2os_create_task@func            cstackCOMRAM 0002
i2os_create_task@id              cstackCOMRAM 0006
i2os_create_task@new_task        cstackCOMRAM 0007
i2os_create_task@prior           cstackCOMRAM 0004
int$flags                        (abs)        0001
intlevel0                        text         0000
intlevel1                        text         0000
intlevel2                        text         0000
intlevel3                        text         0000
isa$std                          (abs)        0001
isa$xinst                        (abs)        0000
mutex_init@m                     cstackBANK0  0095
mutex_lock@m                     cstackBANK0  0087
mutex_unlock@m                   cstackBANK0  0086
mutex_unlock@task_idx            cstackBANK0  0089
os_create_task@func              cstackBANK0  0095
os_create_task@id                cstackBANK0  0099
os_create_task@new_task          cstackBANK0  009A
os_create_task@prior             cstackBANK0  0097
os_delay@time                    cstackBANK0  0092
os_task_change_state@new_state   cstackBANK0  0094
os_task_change_state@task_handle cstackBANK0  0091
pipe_init@p                      cstackBANK0  0097
pipe_read@dado                   cstackBANK0  0085
pipe_read@p                      cstackBANK0  0084
pipe_write@dado                  cstackBANK0  007E
pipe_write@p                     cstackBANK0  007D
priority_rr_scheduler@current    bssCOMRAM    0024
priority_rr_scheduler@found      bssCOMRAM    0026
priority_rr_scheduler@i          bssCOMRAM    0025
priority_rr_scheduler@idx        bssCOMRAM    0023
priority_rr_scheduler@max_prio   bssCOMRAM    0027
priority_scheduler@current_task  bssCOMRAM    0028
priority_scheduler@i             bssCOMRAM    002A
priority_scheduler@prox          bssCOMRAM    0029
pwm_set_duty@duty                cstackBANK0  0086
sem_init@sem                     cstackBANK0  0095
sem_init@valor                   cstackBANK0  0096
sem_post@sem                     cstackBANK0  0083
sem_wait@sem                     cstackBANK0  0087
stackhi                          (abs)        0000
stacklo                          (abs)        0000
start                            init         033A
start_initialization             cinit        2410
tarefaLeituraADC@valor           cstackCOMRAM 001A
tarefaProcessamento@dado         cstackCOMRAM 0022


MODULE INFORMATION

Module		Function		Class		Link	Load	Size
C:\Program Files\Microchip\xc8\v3.10\pic\sources\c99\common\awmod.c
		___awmod       		CODE           	222E	0000	176

C:\Program Files\Microchip\xc8\v3.10\pic\sources\c99\common\awmod.c estimated size: 176

io.c
		_pwm_set_duty  		CODE           	25FE	0000	48
		_adc_config    		CODE           	265C	0000	40
		_adc_read      		CODE           	259C	0000	50
		_pwm_init      		CODE           	2730	0000	14

io.c estimated size: 152

hw.c
		_ISR           		CODE           	0008	0000	818
		_setup_hardware		CODE           	2712	0000	30

hw.c estimated size: 848

com.c
		_pipe_read     		CODE           	22DE	0000	108
		_pipe_init     		CODE           	252C	0000	58
		_pipe_write    		CODE           	234A	0000	102

com.c estimated size: 268

kernel.c
		_os_config     		CODE           	26D2	0000	32
		_os_start      		CODE           	2060	0000	270
		_idle          		CODE           	2684	0000	40
		_os_delay      		CODE           	16FA	0000	494
		_os_create_task		CODE           	1CF6	0000	302
		_os_task_change_state		CODE           	14E4	0000	534

kernel.c estimated size: 1672

shared
		i2_os_create_task		CODE           	1E24	0000	296
		__initialization		CODE           	2410	0000	74
		i1_priority_rr_scheduler		CODE           	1A44	0000	348
		i2_priority_rr_scheduler		CODE           	1BA0	0000	342
		i1_scheduler   		CODE           	2748	0000	10
		i2_scheduler   		CODE           	2752	0000	10

shared estimated size: 1080

user.c
		_tarefaOneShot 		CODE           	26F2	0000	32
		_tarefaProcessamento		CODE           	2566	0000	54
		_tarefaFeedbackLED		CODE           	262E	0000	46
		_tarefaControlePWM		CODE           	24AC	0000	68
		_config_user   		CODE           	2464	0000	72
		_tarefaLeituraADC		CODE           	25CE	0000	48

user.c estimated size: 320

scheduler.c
		_scheduler     		CODE           	273E	0000	10
		_priority_rr_scheduler		CODE           	18E8	0000	348

scheduler.c estimated size: 358

sync.c
		_mutex_lock    		CODE           	1002	0000	668
		_mutex_unlock  		CODE           	1F4C	0000	276
		_sem_wait      		CODE           	129E	0000	582
		_sem_init      		CODE           	26AC	0000	38
		_sem_post      		CODE           	216E	0000	192
		_mutex_init    		CODE           	24F0	0000	60

sync.c estimated size: 1816

main.c
		_main          		CODE           	23B0	0000	96

main.c estimated size: 96

