Microchip MPLAB XC8 Compiler V3.10

Linker command line:

-W-3 \
  --edf=C:\Program Files\Microchip\xc8\v3.10\pic\dat\20250813170317_en.msgs \
  -cn -h+dist/default/production\RTOS-2026.production.sym \
  --cmf=dist/default/production\RTOS-2026.production.cmf -z -Q18F46K22 \
  -oC:\Users\Yuri\AppData\Local\Temp\xcAs404.0\driver_tmp_3.o \
  --defsym=__MPLAB_BUILD=1 --fixupoverflow=error \
  -Mdist/default/production/RTOS-2026.production.map \
  --md=C:\Users\Yuri\AppData\Local\Temp\xcAs404.0\driver_tmp_0.dat -E1 \
  -ver=XC8 Compiler -ACODE=00h-0FFFFh -ACONST=00h-0FFFFh \
  -ASMALLCONST=01000h-010FFhx240 -AMEDIUMCONST=01000h-0FFFFh \
  -ACOMRAM=01h-05Fh -AABS1=00h-0F37h -ABIGRAM=01h-0F37h \
  -ARAM=060h-0FFh,0100h-01FFhx14,0F00h-0F37h -ABANK0=060h-0FFh \
  -ABANK1=0100h-01FFh -ABANK2=0200h-02FFh -ABANK3=0300h-03FFh \
  -ABANK4=0400h-04FFh -ABANK5=0500h-05FFh -ABANK6=0600h-06FFh \
  -ABANK7=0700h-07FFh -ABANK8=0800h-08FFh -ABANK9=0900h-09FFh \
  -ABANK10=0A00h-0AFFh -ABANK11=0B00h-0BFFh -ABANK12=0C00h-0CFFh \
  -ABANK13=0D00h-0DFFh -ABANK14=0E00h-0EFFh -ABANK15=0F00h-0F37h \
  -ASFR=0F38h-0F5Fh,0F60h-0FFFh -ABIGSFR=0F38h-0FFFh \
  -ACONFIG=0300000h-030000Dh -AIDLOC=0200000h-0200007h \
  -AEEDATA=0F00000h-0F003FFh -peeprom_data=EEDATA \
  -preset_vec=00h,intcode=8h,intcodelo=18h,sivt_lo,sivt_hi=CODE \
  -ppowerup=CODE,init -pramtop=01000h -psmallconst=SMALLCONST \
  -pmediumconst=MEDIUMCONST -pconst=CONST -AFARRAM=00h-00h \
  -prdata=COMRAM,nvrram=COMRAM,nvbit=COMRAM,rbss=COMRAM,rbit=COMRAM \
  -pfarbss=FARRAM,fardata=FARRAM,nvFARRAM=FARRAM \
  -pintsave_regs=BIGRAM,bigbss=BIGRAM,bigdata=BIGRAM -pbss=RAM \
  -pidata=CODE,irdata=CODE,ibigdata=CODE,ifardata=CODE -prparam=COMRAM \
  C:\Users\Yuri\AppData\Local\Temp\xcAs404.0\driver_tmp_9.o \
  dist/default/production\RTOS-2026.production.o 

Object code version is 3.11

Machine type is 18F46K22



                Name                               Link     Load   Length Selector   Space Scale
C:\Users\Yuri\AppData\Local\Temp\xcAs404.0\driver_tmp_9.o
                init                                71A      71A        4        4       0
                reset_vec                             0        0        4        0       0
dist/default/production\RTOS-2026.production.o
                intcode                               8        8      712        4       0
                smallconst                         1000     1000        2      800       0
                text31                             28D6     28D6       AE      801       0
                text30                             2B38     2B38       88      801       0
                text29                             2FF0     2FF0       28      801       0
                text27                             2D10     2D10       5A      801       0
                text26                             2DC0     2DC0       46      801       0
                text25                             2F48     2F48       2C      801       0
                text24                             2984     2984       9C      801       0
                text23                             1696     1696      670      801       0
                text22                             2D6A     2D6A       56      801       0
                text21                             2BC0     2BC0       78      801       0
                text20                             303C     303C       24      801       0
                text19                             2826     2826       B0      801       0
                text18                             2AAC     2AAC       8C      801       0
                text17                             2F9E     2F9E       2A      801       0
                text16                             1002     1002      694      801       0
                text15                             2674     2674      102      801       0
                text14                             1D06     1D06      614      801       0
                text13                             3018     3018       24      801       0
                text12                             2FC8     2FC8       28      801       0
                text11                             2E06     2E06       3C      801       0
                text10                             2F18     2F18       30      801       0
                text9                              2E42     2E42       3A      801       0
                text8                              2EE6     2EE6       32      801       0
                text7                              2CA4     2CA4       6C      801       0
                text6                              2EB4     2EB4       32      801       0
                text5                              2776     2776       B0      801       0
                text4                              2A20     2A20       8C      801       0
                text3                              2F74     2F74       2A      801       0
                text2                              3060     3060       18      801       0
                text1                              231A     231A      35A      801       0
                text0                              2E7C     2E7C       38      801       0
                cstackCOMRAM                          2        2       1C        2       1
                cstackBANK0                          7C       7C        C       60       1
                cstackBANK1                         100      100       83      100       1
                cstackBANK2                         200      200       7A      200       1
                bssBIGRAM                           27A      27A      3D8      27A       1
                dataBANK0                            88       88        6       60       1
                bssBANK0                             60       60       1C       60       1
                dataCOMRAM                           25       25        1        2       1
                bssCOMRAM                            1E       1E        7        2       1
                cinit                              2C38     2C38       6C      801       0
                idataBANK0                         3078     3078        6      801       0
                idataCOMRAM                        307E     307E        1      801       0

TOTAL           Name                               Link     Load   Length     Space
        CLASS   CODE           
                intcode                               8        8      712         0
                init                                71A      71A        4         0
                reset_vec                             0        0        4         0
                text31                             28D6     28D6       AE         0
                text30                             2B38     2B38       88         0
                text29                             2FF0     2FF0       28         0
                text27                             2D10     2D10       5A         0
                text26                             2DC0     2DC0       46         0
                text25                             2F48     2F48       2C         0
                text24                             2984     2984       9C         0
                text23                             1696     1696      670         0
                text22                             2D6A     2D6A       56         0
                text21                             2BC0     2BC0       78         0
                text20                             303C     303C       24         0
                text19                             2826     2826       B0         0
                text18                             2AAC     2AAC       8C         0
                text17                             2F9E     2F9E       2A         0
                text16                             1002     1002      694         0
                text15                             2674     2674      102         0
                text14                             1D06     1D06      614         0
                text13                             3018     3018       24         0
                text12                             2FC8     2FC8       28         0
                text11                             2E06     2E06       3C         0
                text10                             2F18     2F18       30         0
                text9                              2E42     2E42       3A         0
                text8                              2EE6     2EE6       32         0
                text7                              2CA4     2CA4       6C         0
                text6                              2EB4     2EB4       32         0
                text5                              2776     2776       B0         0
                text4                              2A20     2A20       8C         0
                text3                              2F74     2F74       2A         0
                text2                              3060     3060       18         0
                text1                              231A     231A      35A         0
                text0                              2E7C     2E7C       38         0
                cinit                              2C38     2C38       6C         0
                idataBANK0                         3078     3078        6         0
                idataCOMRAM                        307E     307E        1         0

        CLASS   CONST          

        CLASS   SMALLCONST     
                smallconst                         1000     1000        2         0

        CLASS   MEDIUMCONST    

        CLASS   COMRAM         
                cstackCOMRAM                          2        2       1C         1
                dataCOMRAM                           25       25        1         1
                bssCOMRAM                            1E       1E        7         1

        CLASS   ABS1           
                abs_s1                                1        1        1         1

        CLASS   BIGRAM         
                bssBIGRAM                           27A      27A      3D8         1

        CLASS   RAM            

        CLASS   BANK0          
                cstackBANK0                          7C       7C        C         1
                dataBANK0                            88       88        6         1
                bssBANK0                             60       60       1C         1

        CLASS   BANK1          
                cstackBANK1                         100      100       83         1

        CLASS   BANK2          
                cstackBANK2                         200      200       7A         1

        CLASS   BANK3          

        CLASS   BANK4          

        CLASS   BANK5          

        CLASS   BANK6          

        CLASS   BANK7          

        CLASS   BANK8          

        CLASS   BANK9          

        CLASS   BANK10         

        CLASS   BANK11         

        CLASS   BANK12         

        CLASS   BANK13         

        CLASS   BANK14         

        CLASS   BANK15         

        CLASS   SFR            

        CLASS   BIGSFR         

        CLASS   CONFIG         

        CLASS   IDLOC          

        CLASS   EEDATA         

        CLASS   FARRAM         

        CLASS   HEAP           

        CLASS   STACK          



SEGMENTS        Name                           Load    Length   Top    Selector   Space  Class

                reset_vec                      000000  000004  000004         0       0  CODE    
                cstackCOMRAM                   000002  000024  000026         2       1  COMRAM  
                intcode                        000008  000716  00071E         4       0  CODE    
                bssBANK0                       000060  00002E  00008E        60       1  BANK0   
                cstackBANK1                    000100  000083  000183       100       1  BANK1   
                cstackBANK2                    000200  00007A  00027A       200       1  BANK2   
                bssBIGRAM                      00027A  0003D8  000652       27A       1  BIGRAM  
                smallconst                     001000  000002  001002       800       0  SMALLCON
                text16                         001002  00207D  00307F       801       0  CODE    


UNUSED ADDRESS RANGES

        Name                Unused          Largest block    Delta
        BANK0            008E-00FF             72
        BANK1            0183-01FF             7D
        BANK10           0A00-0AFF            100
        BANK11           0B00-0BFF            100
        BANK12           0C00-0CFF            100
        BANK13           0D00-0DFF            100
        BANK14           0E00-0EFF            100
        BANK15           0F00-0F37             38
        BANK6            0652-06FF             AE
        BANK7            0700-07FF            100
        BANK8            0800-08FF            100
        BANK9            0900-09FF            100
        BIGRAM           0026-005F             3A
                         008E-00FF             72
                         0183-01FF             7D
                         0652-0F37            8E6
        BIGSFR           0F38-0FFF             C8
        CODE             0004-0007              4
                         071E-0FFF            8E2
                         307F-FFFF           CF81
        COMRAM           0026-005F             3A
        CONFIG           300000-30000D              E
        CONST            0004-0007              4
                         071E-0FFF            8E2
                         307F-FFFF           CF81
        EEDATA           F00000-F003FF            400
        IDLOC            200000-200007              8
        MEDIUMCONST      307F-FFFF           CF81
        RAM              008E-00FF             72
                         0183-01FF             7D
                         0652-0F37            100
        SFR              0F38-0FFF             28
        SMALLCONST       307F-FFFF            100

                                  Symbol Table

?___awmod                 cstackBANK2  0200
?i1___awmod               cstackBANK1  016E
?i2___awmod               cstackCOMRAM 0002
ISR@i                     cstackCOMRAM 001C
LED_1@F6266               dataBANK0    0088
LED_1@acionamento         cstackBANK0  0080
LED_1@pos                 cstackBANK0  0086
LED_3@dado                cstackBANK1  0158
RR_scheduler@prox         cstackBANK2  0209
RR_scheduler@tentativas   cstackBANK2  0208
_ADCON0bits               (abs)        0FC2
_ADCON1bits               (abs)        0FC1
_ADCON2bits               (abs)        0FC0
_ADRES                    (abs)        0FC3
_ANSELAbits               (abs)        0F38
_ANSELCbits               (abs)        0F3A
_ANSELDbits               (abs)        0F3B
_BSR                      (abs)        0FE0
_FSR0H                    (abs)        0FEA
_FSR0L                    (abs)        0FE9
_FSR1H                    (abs)        0FE2
_FSR1L                    (abs)        0FE1
_FSR2H                    (abs)        0FDA
_FSR2L                    (abs)        0FD9
_INTCONbits               (abs)        0FF2
_ISR                      intcode      0008
_LED_1                    text21       2BC0
_LED_1_mutex              text13       3018
_LED_2                    text25       2F48
_LED_2_mutex              text20       303C
_LED_3                    text26       2DC0
_PCLATH                   (abs)        0FFA
_PCLATU                   (abs)        0FFB
_PORTCbits                (abs)        0F82
_PORTDbits                (abs)        0F83
_PRODH                    (abs)        0FF4
_PRODL                    (abs)        0FF3
_RR_scheduler             text4        2A20
_STATUS                   (abs)        0FD8
_STKPTR                   (abs)        0FFC
_T0CONbits                (abs)        0FD5
_TABLAT                   (abs)        0FF5
_TBLPTRH                  (abs)        0FF7
_TBLPTRL                  (abs)        0FF6
_TBLPTRU                  (abs)        0FF8
_TMR0                     (abs)        0FD6
_TOSH                     (abs)        0FFE
_TOSL                     (abs)        0FFD
_TOSU                     (abs)        0FFF
_TRISAbits                (abs)        0F92
_TRISCbits                (abs)        0F94
_TRISDbits                (abs)        0F95
_WREG                     (abs)        0FE8
__HRAM                    (abs)        0000
__H__absolute__           __absolute__ 0000
__Habs1                   abs1         0000
__Hbank0                  bank0        0000
__Hbank1                  bank1        0000
__Hbank10                 bank10       0000
__Hbank11                 bank11       0000
__Hbank12                 bank12       0000
__Hbank13                 bank13       0000
__Hbank14                 bank14       0000
__Hbank15                 bank15       0000
__Hbank2                  bank2        0000
__Hbank3                  bank3        0000
__Hbank4                  bank4        0000
__Hbank5                  bank5        0000
__Hbank6                  bank6        0000
__Hbank7                  bank7        0000
__Hbank8                  bank8        0000
__Hbank9                  bank9        0000
__Hbigbss                 bigbss       0000
__Hbigdata                bigdata      0000
__Hbigram                 bigram       0000
__Hbigsfr                 bigsfr       0000
__Hbss                    bss          0000
__HbssBANK0               bssBANK0     0000
__HbssBIGRAM              bssBIGRAM    0000
__HbssCOMRAM              bssCOMRAM    0000
__Hcinit                  cinit        0000
__Hclrtext                clrtext      0000
__Hcomram                 comram       0000
__Hconfig                 config       0000
__Hconst                  const        0000
__HcstackBANK0            cstackBANK0  0000
__HcstackBANK1            cstackBANK1  0000
__HcstackBANK2            cstackBANK2  0000
__HcstackCOMRAM           cstackCOMRAM 0000
__Hdata                   data         0000
__HdataBANK0              dataBANK0    0000
__HdataCOMRAM             dataCOMRAM   0000
__Heeprom_data            eeprom_data  0000
__Hfarbss                 farbss       0000
__Hfardata                fardata      0000
__Hheap                   heap         0000
__Hibigdata               ibigdata     0000
__Hidata                  idata        0000
__HidataBANK0             idataBANK0   0000
__HidataCOMRAM            idataCOMRAM  0000
__Hidloc                  idloc        0000
__Hifardata               ifardata     0000
__Hinit                   init         071E
__Hintcode                intcode      071A
__Hintcode_body           intcode_body 0000
__Hintcodelo              intcodelo    0018
__Hintentry               intentry     0000
__Hintret                 intret       0000
__Hintsave_regs           intsave_regs 0000
__Hirdata                 irdata       0000
__Hmediumconst            mediumconst  0000
__HnvFARRAM               nvFARRAM     0000
__Hnvbit                  nvbit        0000
__Hnvrram                 nvrram       0000
__Hparam                  rparam       0000
__Hpowerup                powerup      0000
__Hram                    ram          0000
__Hramtop                 ramtop       1000
__Hrbit                   rbit         0000
__Hrbss                   rbss         0000
__Hrdata                  rdata        0000
__Hreset_vec              reset_vec    0004
__Hrparam                 rparam       0000
__Hsfr                    sfr          0000
__Hsivt_hi                sivt_hi      0000
__Hsivt_lo                sivt_lo      0018
__Hsmallconst             smallconst   1002
__Hspace_0                (abs)        307F
__Hspace_1                (abs)        0652
__Hspace_2                (abs)        0000
__Hspace_4                (abs)        0000
__Hstack                  stack        0000
__Hstruct                 struct       0000
__Htemp                   temp         0000
__Htext                   text         0000
__Htext0                  text0        0000
__Htext1                  text1        0000
__Htext10                 text10       0000
__Htext11                 text11       0000
__Htext12                 text12       0000
__Htext13                 text13       0000
__Htext14                 text14       0000
__Htext15                 text15       0000
__Htext16                 text16       0000
__Htext17                 text17       0000
__Htext18                 text18       0000
__Htext19                 text19       0000
__Htext2                  text2        0000
__Htext20                 text20       0000
__Htext21                 text21       0000
__Htext22                 text22       0000
__Htext23                 text23       0000
__Htext24                 text24       0000
__Htext25                 text25       0000
__Htext26                 text26       0000
__Htext27                 text27       0000
__Htext29                 text29       0000
__Htext3                  text3        0000
__Htext30                 text30       0000
__Htext31                 text31       0000
__Htext4                  text4        0000
__Htext5                  text5        0000
__Htext6                  text6        0000
__Htext7                  text7        0000
__Htext8                  text8        0000
__Htext9                  text9        0000
__LRAM                    (abs)        0001
__L__absolute__           __absolute__ 0000
__Labs1                   abs1         0000
__Lbank0                  bank0        0000
__Lbank1                  bank1        0000
__Lbank10                 bank10       0000
__Lbank11                 bank11       0000
__Lbank12                 bank12       0000
__Lbank13                 bank13       0000
__Lbank14                 bank14       0000
__Lbank15                 bank15       0000
__Lbank2                  bank2        0000
__Lbank3                  bank3        0000
__Lbank4                  bank4        0000
__Lbank5                  bank5        0000
__Lbank6                  bank6        0000
__Lbank7                  bank7        0000
__Lbank8                  bank8        0000
__Lbank9                  bank9        0000
__Lbigbss                 bigbss       0000
__Lbigdata                bigdata      0000
__Lbigram                 bigram       0000
__Lbigsfr                 bigsfr       0000
__Lbss                    bss          0000
__LbssBANK0               bssBANK0     0000
__LbssBIGRAM              bssBIGRAM    0000
__LbssCOMRAM              bssCOMRAM    0000
__Lcinit                  cinit        0000
__Lclrtext                clrtext      0000
__Lcomram                 comram       0000
__Lconfig                 config       0000
__Lconst                  const        0000
__LcstackBANK0            cstackBANK0  0000
__LcstackBANK1            cstackBANK1  0000
__LcstackBANK2            cstackBANK2  0000
__LcstackCOMRAM           cstackCOMRAM 0000
__Ldata                   data         0000
__LdataBANK0              dataBANK0    0000
__LdataCOMRAM             dataCOMRAM   0000
__Leeprom_data            eeprom_data  0000
__Lfarbss                 farbss       0000
__Lfardata                fardata      0000
__Lheap                   heap         0000
__Libigdata               ibigdata     0000
__Lidata                  idata        0000
__LidataBANK0             idataBANK0   0000
__LidataCOMRAM            idataCOMRAM  0000
__Lidloc                  idloc        0000
__Lifardata               ifardata     0000
__Linit                   init         071A
__Lintcode                intcode      0008
__Lintcode_body           intcode_body 0000
__Lintcodelo              intcodelo    0018
__Lintentry               intentry     0000
__Lintret                 intret       0000
__Lintsave_regs           intsave_regs 0000
__Lirdata                 irdata       0000
__Lmediumconst            mediumconst  0000
__LnvFARRAM               nvFARRAM     0000
__Lnvbit                  nvbit        0000
__Lnvrram                 nvrram       0000
__Lparam                  rparam       0000
__Lpowerup                powerup      0000
__Lram                    ram          0000
__Lramtop                 ramtop       1000
__Lrbit                   rbit         0000
__Lrbss                   rbss         0000
__Lrdata                  rdata        0000
__Lreset_vec              reset_vec    0000
__Lrparam                 rparam       0000
__Lsfr                    sfr          0000
__Lsivt_hi                sivt_hi      0000
__Lsivt_lo                sivt_lo      0018
__Lsmallconst             smallconst   1000
__Lspace_0                (abs)        0000
__Lspace_1                (abs)        0000
__Lspace_2                (abs)        0000
__Lspace_4                (abs)        0000
__Lstack                  stack        0000
__Lstruct                 struct       0000
__Ltemp                   temp         0000
__Ltext                   text         0000
__Ltext0                  text0        0000
__Ltext1                  text1        0000
__Ltext10                 text10       0000
__Ltext11                 text11       0000
__Ltext12                 text12       0000
__Ltext13                 text13       0000
__Ltext14                 text14       0000
__Ltext15                 text15       0000
__Ltext16                 text16       0000
__Ltext17                 text17       0000
__Ltext18                 text18       0000
__Ltext19                 text19       0000
__Ltext2                  text2        0000
__Ltext20                 text20       0000
__Ltext21                 text21       0000
__Ltext22                 text22       0000
__Ltext23                 text23       0000
__Ltext24                 text24       0000
__Ltext25                 text25       0000
__Ltext26                 text26       0000
__Ltext27                 text27       0000
__Ltext29                 text29       0000
__Ltext3                  text3        0000
__Ltext30                 text30       0000
__Ltext31                 text31       0000
__Ltext4                  text4        0000
__Ltext5                  text5        0000
__Ltext6                  text6        0000
__Ltext7                  text7        0000
__Ltext8                  text8        0000
__Ltext9                  text9        0000
__S0                      (abs)        307F
__S1                      (abs)        0652
__S4                      (abs)        0000
__S5                      (abs)        0000
___awmod                  text5        2776
___awmod@counter          cstackBANK2  0204
___awmod@dividend         cstackBANK2  0200
___awmod@divisor          cstackBANK2  0202
___awmod@sign             cstackBANK2  0205
___heap_hi                (abs)        0000
___heap_lo                (abs)        0000
___inthi_sp               stack        0000
___inthi_stack_hi         stack        0000
___inthi_stack_lo         stack        0000
___intlo_sp               stack        0000
___intlo_stack_hi         stack        0000
___intlo_stack_lo         stack        0000
___param_bank             (abs)        0000
___rparam_used            (abs)        0001
___sp                     stack        0000
___stack_hi               stack        0000
___stack_lo               stack        0000
__accesstop               (abs)        0060
__activetblptr            (abs)        0002
__end_of_ISR              intcode      071A
__end_of_LED_1            text21       2C38
__end_of_LED_1_mutex      text13       303C
__end_of_LED_2            text25       2F74
__end_of_LED_2_mutex      text20       3060
__end_of_LED_3            text26       2E06
__end_of_RR_scheduler     text4        2AAC
__end_of___awmod          text5        2826
__end_of__initialization  cinit        2C96
__end_of_config_user      text8        2F18
__end_of_idle             text12       2FF0
__end_of_main             text0        2EB4
__end_of_mutex_init       text11       2E42
__end_of_mutex_lock       text16       1696
__end_of_mutex_unlock     text15       2776
__end_of_os_config        text6        2EE6
__end_of_os_create_task   text7        2D10
__end_of_os_delay         text14       231A
__end_of_os_start         text1        2674
__end_of_pipe_init        text9        2E7C
__end_of_pipe_read        text27       2D6A
__end_of_pipe_write       text22       2DC0
__end_of_scheduler        text3        2F9E
__end_of_sem_init         text10       2F48
__end_of_sem_post         text24       2A20
__end_of_sem_wait         text23       1D06
__end_of_setup_hardware   text2        3078
__end_ofi1_RR_scheduler   text18       2B38
__end_ofi1___awmod        text19       28D6
__end_ofi1_scheduler      text17       2FC8
__end_ofi2_RR_scheduler   text30       2BC0
__end_ofi2___awmod        text31       2984
__end_ofi2_scheduler      text29       3018
__initialization          cinit        2C38
__mediumconst             smallconst   1000
__pbssBANK0               bssBANK0     0060
__pbssBIGRAM              bssBIGRAM    027A
__pbssCOMRAM              bssCOMRAM    001E
__pcinit                  cinit        2C38
__pcstackBANK0            cstackBANK0  007C
__pcstackBANK1            cstackBANK1  0100
__pcstackBANK2            cstackBANK2  0200
__pcstackCOMRAM           cstackCOMRAM 0002
__pdataBANK0              dataBANK0    0088
__pdataCOMRAM             dataCOMRAM   0025
__pidataBANK0             idataBANK0   3078
__pidataCOMRAM            idataCOMRAM  307E
__pintcode                intcode      0008
__psmallconst             smallconst   1000
__ptext0                  text0        2E7C
__ptext1                  text1        231A
__ptext10                 text10       2F18
__ptext11                 text11       2E06
__ptext12                 text12       2FC8
__ptext13                 text13       3018
__ptext14                 text14       1D06
__ptext15                 text15       2674
__ptext16                 text16       1002
__ptext17                 text17       2F9E
__ptext18                 text18       2AAC
__ptext19                 text19       2826
__ptext2                  text2        3060
__ptext20                 text20       303C
__ptext21                 text21       2BC0
__ptext22                 text22       2D6A
__ptext23                 text23       1696
__ptext24                 text24       2984
__ptext25                 text25       2F48
__ptext26                 text26       2DC0
__ptext27                 text27       2D10
__ptext29                 text29       2FF0
__ptext3                  text3        2F74
__ptext30                 text30       2B38
__ptext31                 text31       28D6
__ptext4                  text4        2A20
__ptext5                  text5        2776
__ptext6                  text6        2EB4
__ptext7                  text7        2CA4
__ptext8                  text8        2EE6
__ptext9                  text9        2E42
__ramtop                  ramtop       1000
__smallconst              smallconst   1000
__uDynamicHeap            bssBIGRAM    027A
_config_user              text8        2EE6
_idle                     text12       2FC8
_m_led                    bssBANK0     0074
_main                     text0        2E7C
_mutex_init               text11       2E06
_mutex_lock               text16       1002
_mutex_unlock             text15       2674
_os_config                text6        2EB4
_os_create_task           text7        2CA4
_os_delay                 text14       1D06
_os_start                 text1        231A
_p                        bssBANK0     0060
_pipe_init                text9        2E42
_pipe_read                text27       2D10
_pipe_write               text22       2D6A
_r_queue                  bssBIGRAM    047A
_rr_quantum               dataCOMRAM   0025
_s                        bssCOMRAM    001E
_scheduler                text3        2F74
_sem_init                 text10       2F18
_sem_post                 text24       2984
_sem_wait                 text23       1696
_setup_hardware           text2        3060
btemp                     (abs)        0001
btemp0                    (abs)        0001
btemp1                    (abs)        0002
end_of_initialization     cinit        2C96
i1RR_scheduler@prox       cstackBANK1  0177
i1RR_scheduler@tentativas cstackBANK1  0176
i1_RR_scheduler           text18       2AAC
i1___awmod                text19       2826
i1___awmod@counter        cstackBANK1  0172
i1___awmod@dividend       cstackBANK1  016E
i1___awmod@divisor        cstackBANK1  0170
i1___awmod@sign           cstackBANK1  0173
i1_scheduler              text17       2F9E
i2RR_scheduler@prox       cstackCOMRAM 000B
i2RR_scheduler@tentativas cstackCOMRAM 000A
i2_RR_scheduler           text30       2B38
i2___awmod                text31       28D6
i2___awmod@counter        cstackCOMRAM 0006
i2___awmod@dividend       cstackCOMRAM 0002
i2___awmod@divisor        cstackCOMRAM 0004
i2___awmod@sign           cstackCOMRAM 0007
i2_scheduler              text29       2FF0
int$flags                 (abs)        0001
intlevel0                 text         0000
intlevel1                 text         0000
intlevel2                 text         0000
intlevel3                 text         0000
isa$std                   (abs)        0001
isa$xinst                 (abs)        0000
mutex_init@m              cstackBANK2  0200
mutex_lock@m              cstackBANK1  017B
mutex_unlock@m            cstackBANK1  0174
mutex_unlock@task_idx     cstackBANK1  0177
os_create_task@func       cstackBANK2  0200
os_create_task@id         cstackBANK2  0204
os_create_task@new_task   cstackBANK2  0205
os_create_task@prior      cstackBANK2  0202
os_delay@time             cstackBANK1  0182
pipe_init@p               cstackBANK2  0204
pipe_read@dado            cstackBANK1  0155
pipe_read@p               cstackBANK1  0154
pipe_write@dado           cstackBANK0  007D
pipe_write@p              cstackBANK0  007C
sem_init@sem              cstackBANK2  0200
sem_init@valor            cstackBANK2  0201
sem_post@sem              cstackBANK1  0145
sem_wait@sem              cstackBANK1  014C
stackhi                   (abs)        0000
stacklo                   (abs)        0000
start                     init         071A
start_initialization      cinit        2C38


MODULE INFORMATION

Module		Function		Class		Link	Load	Size
C:\Program Files\Microchip\xc8\v3.10\pic\sources\c99\common\awmod.c
		___awmod       		CODE           	2776	0000	176

C:\Program Files\Microchip\xc8\v3.10\pic\sources\c99\common\awmod.c estimated size: 176

hw.c
		_ISR           		CODE           	0008	0000	1810
		_setup_hardware		CODE           	3060	0000	24

hw.c estimated size: 1834

com.c
		_pipe_read     		CODE           	2D10	0000	90
		_pipe_init     		CODE           	2E42	0000	58
		_pipe_write    		CODE           	2D6A	0000	86

com.c estimated size: 234

kernel.c
		_os_config     		CODE           	2EB4	0000	50
		_os_start      		CODE           	231A	0000	858
		_idle          		CODE           	2FC8	0000	40
		_os_delay      		CODE           	1D06	0000	1556
		_os_create_task		CODE           	2CA4	0000	108

kernel.c estimated size: 2612

shared
		__initialization		CODE           	2C38	0000	94
		i1___awmod     		CODE           	2826	0000	176
		i1_RR_scheduler		CODE           	2AAC	0000	140
		i2___awmod     		CODE           	28D6	0000	174
		i2_RR_scheduler		CODE           	2B38	0000	136
		i1_scheduler   		CODE           	2F9E	0000	42
		i2_scheduler   		CODE           	2FF0	0000	40

shared estimated size: 802

user.c
		_LED_2         		CODE           	2F48	0000	44
		_LED_3         		CODE           	2DC0	0000	70
		_LED_1_mutex   		CODE           	3018	0000	36
		_LED_2_mutex   		CODE           	303C	0000	36
		_LED_1         		CODE           	2BC0	0000	120
		_config_user   		CODE           	2EE6	0000	50

user.c estimated size: 356

scheduler.c
		_RR_scheduler  		CODE           	2A20	0000	140
		_scheduler     		CODE           	2F74	0000	42

scheduler.c estimated size: 182

sync.c
		_mutex_lock    		CODE           	1002	0000	1684
		_mutex_unlock  		CODE           	2674	0000	258
		_sem_wait      		CODE           	1696	0000	1648
		_sem_init      		CODE           	2F18	0000	48
		_sem_post      		CODE           	2984	0000	156
		_mutex_init    		CODE           	2E06	0000	60

sync.c estimated size: 3854

main.c
		_main          		CODE           	2E7C	0000	56

main.c estimated size: 56

