Microchip MPLAB XC8 Compiler V3.10

Linker command line:

-W-3 \
  --edf=C:\Program Files\Microchip\xc8\v3.10\pic\dat\20250813170317_en.msgs \
  -cn -h+dist/default/production\RTOS-2026.production.sym \
  --cmf=dist/default/production\RTOS-2026.production.cmf -z -Q18F46K22 \
  -oC:\Users\RICHAR~1.STO\AppData\Local\Temp\xcAscwg.0\driver_tmp_3.o \
  --defsym=__MPLAB_BUILD=1 --fixupoverflow=error \
  -Mdist/default/production/RTOS-2026.production.map \
  --md=C:\Users\RICHAR~1.STO\AppData\Local\Temp\xcAscwg.0\driver_tmp_0.dat \
  -E1 -ver=XC8 Compiler -ACODE=00h-0FFFFh -ACONST=00h-0FFFFh \
  -ASMALLCONST=01000h-010FFhx240 -AMEDIUMCONST=01000h-0FFFFh \
  -ACOMRAM=01h-05Fh -AABS1=00h-0F37h -ABIGRAM=01h-0F37h \
  -ARAM=060h-0FFh,0100h-01FFhx14,0F00h-0F37h -ABANK0=060h-0FFh \
  -ABANK1=0100h-01FFh -ABANK2=0200h-02FFh -ABANK3=0300h-03FFh \
  -ABANK4=0400h-04FFh -ABANK5=0500h-05FFh -ABANK6=0600h-06FFh \
  -ABANK7=0700h-07FFh -ABANK8=0800h-08FFh -ABANK9=0900h-09FFh \
  -ABANK10=0A00h-0AFFh -ABANK11=0B00h-0BFFh -ABANK12=0C00h-0CFFh \
  -ABANK13=0D00h-0DFFh -ABANK14=0E00h-0EFFh -ABANK15=0F00h-0F37h \
  -ASFR=0F38h-0F5Fh,0F60h-0FFFh -ABIGSFR=0F38h-0FFFh \
  -ACONFIG=0300000h-030000Dh -AIDLOC=0200000h-0200007h \
  -AEEDATA=0F00000h-0F003FFh -peeprom_data=EEDATA \
  -preset_vec=00h,intcode=8h,intcodelo=18h,sivt_lo,sivt_hi=CODE \
  -ppowerup=CODE,init -pramtop=01000h -psmallconst=SMALLCONST \
  -pmediumconst=MEDIUMCONST -pconst=CONST -AFARRAM=00h-00h \
  -prdata=COMRAM,nvrram=COMRAM,nvbit=COMRAM,rbss=COMRAM,rbit=COMRAM \
  -pfarbss=FARRAM,fardata=FARRAM,nvFARRAM=FARRAM \
  -pintsave_regs=BIGRAM,bigbss=BIGRAM,bigdata=BIGRAM -pbss=RAM \
  -pidata=CODE,irdata=CODE,ibigdata=CODE,ifardata=CODE -prparam=COMRAM \
  C:\Users\RICHAR~1.STO\AppData\Local\Temp\xcAscwg.0\driver_tmp_9.o \
  dist/default/production\RTOS-2026.production.o 

Object code version is 3.11

Machine type is 18F46K22



                Name                               Link     Load   Length Selector   Space Scale
C:\Users\RICHAR~1.STO\AppData\Local\Temp\xcAscwg.0\driver_tmp_9.o
                init                                73C      73C        4        4       0
                reset_vec                             0        0        4        0       0
dist/default/production\RTOS-2026.production.o
                intcode                               8        8      734        4       0
                smallconst                         1000     1000        2      800       0
                text37                             2E2E     2E2E       7C      801       0
                text36                             2C5E     2C5E       AE      801       0
                text35                             28AA     28AA      12E      801       0
                text34                             336E     336E       28      801       0
                text32                             16B6     16B6      622      801       0
                text31                             3396     3396       20      801       0
                text30                             31DC     31DC       32      801       0
                text29                             1002     1002      6B4      801       0
                text28                             29D8     29D8      126      801       0
                text27                             323E     323E       30      801       0
                text26                             3040     3040       52      801       0
                text25                             2EAA     2EAA       78      801       0
                text24                             326E     326E       2E      801       0
                text23                             3172     3172       38      801       0
                text22                             2BAE     2BAE       B0      801       0
                text21                             2778     2778      132      801       0
                text20                             331C     331C       2A      801       0
                text19                             1CD8     1CD8      614      801       0
                text18                             2D0C     2D0C       A2      801       0
                text17                             33D2     33D2       10      801       0
                text16                             2F22     2F22       66      801       0
                text15                             320E     320E       30      801       0
                text14                             32F2     32F2       2A      801       0
                text13                             3346     3346       28      801       0
                text12                             312C     312C       46      801       0
                text11                             329C     329C       2C      801       0
                text10                             30E2     30E2       4A      801       0
                text9                              33E2     33E2        E      801       0
                text8                              3092     3092       50      801       0
                text7                              2DAE     2DAE       80      801       0
                text6                              31AA     31AA       32      801       0
                text5                              2AFE     2AFE       B0      801       0
                text4                              2646     2646      132      801       0
                text3                              32C8     32C8       2A      801       0
                text2                              33B6     33B6       1C      801       0
                text1                              22EC     22EC      35A      801       0
                text0                              2F88     2F88       60      801       0
                cstackCOMRAM                          2        2       50        2       1
                cstackBANK0                          78       78        F       60       1
                cstackBANK1                         100      100       32      100       1
                cstackBANK2                         200      200       8A      200       1
                cstackBANK3                         300      300       41      300       1
                bssBIGRAM                           341      341      3A8      341       1
                bssBANK1                            132      132       15      100       1
                bssBANK0                             60       60       18       60       1
                dataCOMRAM                           5C       5C        1        2       1
                bssCOMRAM                            52       52        A        2       1
                cinit                              2FE8     2FE8       58      801       0
                idataCOMRAM                        33F0     33F0        1      801       0

TOTAL           Name                               Link     Load   Length     Space
        CLASS   CODE           
                intcode                               8        8      734         0
                init                                73C      73C        4         0
                reset_vec                             0        0        4         0
                text37                             2E2E     2E2E       7C         0
                text36                             2C5E     2C5E       AE         0
                text35                             28AA     28AA      12E         0
                text34                             336E     336E       28         0
                text32                             16B6     16B6      622         0
                text31                             3396     3396       20         0
                text30                             31DC     31DC       32         0
                text29                             1002     1002      6B4         0
                text28                             29D8     29D8      126         0
                text27                             323E     323E       30         0
                text26                             3040     3040       52         0
                text25                             2EAA     2EAA       78         0
                text24                             326E     326E       2E         0
                text23                             3172     3172       38         0
                text22                             2BAE     2BAE       B0         0
                text21                             2778     2778      132         0
                text20                             331C     331C       2A         0
                text19                             1CD8     1CD8      614         0
                text18                             2D0C     2D0C       A2         0
                text17                             33D2     33D2       10         0
                text16                             2F22     2F22       66         0
                text15                             320E     320E       30         0
                text14                             32F2     32F2       2A         0
                text13                             3346     3346       28         0
                text12                             312C     312C       46         0
                text11                             329C     329C       2C         0
                text10                             30E2     30E2       4A         0
                text9                              33E2     33E2        E         0
                text8                              3092     3092       50         0
                text7                              2DAE     2DAE       80         0
                text6                              31AA     31AA       32         0
                text5                              2AFE     2AFE       B0         0
                text4                              2646     2646      132         0
                text3                              32C8     32C8       2A         0
                text2                              33B6     33B6       1C         0
                text1                              22EC     22EC      35A         0
                text0                              2F88     2F88       60         0
                cinit                              2FE8     2FE8       58         0
                idataCOMRAM                        33F0     33F0        1         0

        CLASS   CONST          

        CLASS   SMALLCONST     
                smallconst                         1000     1000        2         0

        CLASS   MEDIUMCONST    

        CLASS   COMRAM         
                cstackCOMRAM                          2        2       50         1
                dataCOMRAM                           5C       5C        1         1
                bssCOMRAM                            52       52        A         1

        CLASS   ABS1           
                abs_s1                                1        1        1         1

        CLASS   BIGRAM         
                bssBIGRAM                           341      341      3A8         1

        CLASS   RAM            

        CLASS   BANK0          
                cstackBANK0                          78       78        F         1
                bssBANK0                             60       60       18         1

        CLASS   BANK1          
                cstackBANK1                         100      100       32         1
                bssBANK1                            132      132       15         1

        CLASS   BANK2          
                cstackBANK2                         200      200       8A         1

        CLASS   BANK3          
                cstackBANK3                         300      300       41         1

        CLASS   BANK4          

        CLASS   BANK5          

        CLASS   BANK6          

        CLASS   BANK7          

        CLASS   BANK8          

        CLASS   BANK9          

        CLASS   BANK10         

        CLASS   BANK11         

        CLASS   BANK12         

        CLASS   BANK13         

        CLASS   BANK14         

        CLASS   BANK15         

        CLASS   SFR            

        CLASS   BIGSFR         

        CLASS   CONFIG         

        CLASS   IDLOC          

        CLASS   EEDATA         

        CLASS   FARRAM         

        CLASS   HEAP           

        CLASS   STACK          



SEGMENTS        Name                           Load    Length   Top    Selector   Space  Class

                reset_vec                      000000  000004  000004         0       0  CODE    
                cstackCOMRAM                   000002  00005B  00005D         2       1  COMRAM  
                intcode                        000008  000738  000740         4       0  CODE    
                bssBANK0                       000060  000027  000087        60       1  BANK0   
                cstackBANK1                    000100  000047  000147       100       1  BANK1   
                cstackBANK2                    000200  00008A  00028A       200       1  BANK2   
                cstackBANK3                    000300  000041  000341       300       1  BANK3   
                bssBIGRAM                      000341  0003A8  0006E9       341       1  BIGRAM  
                smallconst                     001000  000002  001002       800       0  SMALLCON
                text29                         001002  0023EF  0033F1       801       0  CODE    


UNUSED ADDRESS RANGES

        Name                Unused          Largest block    Delta
        BANK0            0087-00FF             79
        BANK1            0147-01FF             B9
        BANK10           0A00-0AFF            100
        BANK11           0B00-0BFF            100
        BANK12           0C00-0CFF            100
        BANK13           0D00-0DFF            100
        BANK14           0E00-0EFF            100
        BANK15           0F00-0F37             38
        BANK2            028A-02FF             76
        BANK6            06E9-06FF             17
        BANK7            0700-07FF            100
        BANK8            0800-08FF            100
        BANK9            0900-09FF            100
        BIGRAM           005D-005F              3
                         0087-00FF             79
                         0147-01FF             B9
                         028A-02FF             76
                         06E9-0F37            84F
        BIGSFR           0F38-0FFF             C8
        CODE             0004-0007              4
                         0740-0FFF            8C0
                         33F1-FFFF           CC0F
        COMRAM           005D-005F              3
        CONFIG           300000-30000D              E
        CONST            0004-0007              4
                         0740-0FFF            8C0
                         33F1-FFFF           CC0F
        EEDATA           F00000-F003FF            400
        IDLOC            200000-200007              8
        MEDIUMCONST      33F1-FFFF           CC0F
        RAM              0087-00FF             79
                         0147-01FF             B9
                         028A-02FF             76
                         06E9-0F37            100
        SFR              0F38-0FFF             28
        SMALLCONST       33F1-FFFF            100

                                  Symbol Table

?___awmod                        cstackBANK3  0300
?_adc_read                       cstackBANK0  0080
?i1___awmod                      cstackBANK2  0276
?i2___awmod                      cstackCOMRAM 0002
ISR@i                            cstackCOMRAM 0050
RR_scheduler@prox                bssCOMRAM    005B
RR_scheduler@tentativas          bssCOMRAM    005A
_ADCON0bits                      (abs)        0FC2
_ADCON1bits                      (abs)        0FC1
_ADCON2bits                      (abs)        0FC0
_ADRESH                          (abs)        0FC4
_ADRESL                          (abs)        0FC3
_ANSELAbits                      (abs)        0F38
_ANSELBbits                      (abs)        0F39
_ANSELCbits                      (abs)        0F3A
_ANSELDbits                      (abs)        0F3B
_BSR                             (abs)        0FE0
_CCP1CON                         (abs)        0FBD
_CCP1CONbits                     (abs)        0FBD
_CCPR1L                          (abs)        0FBE
_FSR0H                           (abs)        0FEA
_FSR0L                           (abs)        0FE9
_FSR1H                           (abs)        0FE2
_FSR1L                           (abs)        0FE1
_FSR2H                           (abs)        0FDA
_FSR2L                           (abs)        0FD9
_INTCON2bits                     (abs)        0FF1
_INTCONbits                      (abs)        0FF2
_ISR                             intcode      0008
_LATD                            (abs)        0F8C
_LATDbits                        (abs)        0F8C
_PCLATH                          (abs)        0FFA
_PCLATU                          (abs)        0FFB
_PORTCbits                       (abs)        0F82
_PORTDbits                       (abs)        0F83
_PR2                             (abs)        0FBB
_PRODH                           (abs)        0FF4
_PRODL                           (abs)        0FF3
_STATUS                          (abs)        0FD8
_STKPTR                          (abs)        0FFC
_T0CONbits                       (abs)        0FD5
_T2CON                           (abs)        0FBA
_TABLAT                          (abs)        0FF5
_TBLPTRH                         (abs)        0FF7
_TBLPTRL                         (abs)        0FF6
_TBLPTRU                         (abs)        0FF8
_TMR0                            (abs)        0FD6
_TOSH                            (abs)        0FFE
_TOSL                            (abs)        0FFD
_TOSU                            (abs)        0FFF
_TRISAbits                       (abs)        0F92
_TRISBbits                       (abs)        0F93
_TRISCbits                       (abs)        0F94
_TRISD                           (abs)        0F95
_TRISDbits                       (abs)        0F95
_WREG                            (abs)        0FE8
__HRAM                           (abs)        0000
__H__absolute__                  __absolute__ 0000
__Habs1                          abs1         0000
__Hbank0                         bank0        0000
__Hbank1                         bank1        0000
__Hbank10                        bank10       0000
__Hbank11                        bank11       0000
__Hbank12                        bank12       0000
__Hbank13                        bank13       0000
__Hbank14                        bank14       0000
__Hbank15                        bank15       0000
__Hbank2                         bank2        0000
__Hbank3                         bank3        0000
__Hbank4                         bank4        0000
__Hbank5                         bank5        0000
__Hbank6                         bank6        0000
__Hbank7                         bank7        0000
__Hbank8                         bank8        0000
__Hbank9                         bank9        0000
__Hbigbss                        bigbss       0000
__Hbigdata                       bigdata      0000
__Hbigram                        bigram       0000
__Hbigsfr                        bigsfr       0000
__Hbss                           bss          0000
__HbssBANK0                      bssBANK0     0000
__HbssBANK1                      bssBANK1     0000
__HbssBIGRAM                     bssBIGRAM    0000
__HbssCOMRAM                     bssCOMRAM    0000
__Hcinit                         cinit        0000
__Hclrtext                       clrtext      0000
__Hcomram                        comram       0000
__Hconfig                        config       0000
__Hconst                         const        0000
__HcstackBANK0                   cstackBANK0  0000
__HcstackBANK1                   cstackBANK1  0000
__HcstackBANK2                   cstackBANK2  0000
__HcstackBANK3                   cstackBANK3  0000
__HcstackCOMRAM                  cstackCOMRAM 0000
__Hdata                          data         0000
__HdataCOMRAM                    dataCOMRAM   0000
__Heeprom_data                   eeprom_data  0000
__Hfarbss                        farbss       0000
__Hfardata                       fardata      0000
__Hheap                          heap         0000
__Hibigdata                      ibigdata     0000
__Hidata                         idata        0000
__HidataCOMRAM                   idataCOMRAM  0000
__Hidloc                         idloc        0000
__Hifardata                      ifardata     0000
__Hinit                          init         0740
__Hintcode                       intcode      073C
__Hintcode_body                  intcode_body 0000
__Hintcodelo                     intcodelo    0018
__Hintentry                      intentry     0000
__Hintret                        intret       0000
__Hintsave_regs                  intsave_regs 0000
__Hirdata                        irdata       0000
__Hmediumconst                   mediumconst  0000
__HnvFARRAM                      nvFARRAM     0000
__Hnvbit                         nvbit        0000
__Hnvrram                        nvrram       0000
__Hparam                         rparam       0000
__Hpowerup                       powerup      0000
__Hram                           ram          0000
__Hramtop                        ramtop       1000
__Hrbit                          rbit         0000
__Hrbss                          rbss         0000
__Hrdata                         rdata        0000
__Hreset_vec                     reset_vec    0004
__Hrparam                        rparam       0000
__Hsfr                           sfr          0000
__Hsivt_hi                       sivt_hi      0000
__Hsivt_lo                       sivt_lo      0018
__Hsmallconst                    smallconst   1002
__Hspace_0                       (abs)        33F1
__Hspace_1                       (abs)        06E9
__Hspace_2                       (abs)        0000
__Hspace_4                       (abs)        0000
__Hstack                         stack        0000
__Hstruct                        struct       0000
__Htemp                          temp         0000
__Htext                          text         0000
__Htext0                         text0        0000
__Htext1                         text1        0000
__Htext10                        text10       0000
__Htext11                        text11       0000
__Htext12                        text12       0000
__Htext13                        text13       0000
__Htext14                        text14       0000
__Htext15                        text15       0000
__Htext16                        text16       0000
__Htext17                        text17       0000
__Htext18                        text18       0000
__Htext19                        text19       0000
__Htext2                         text2        0000
__Htext20                        text20       0000
__Htext21                        text21       0000
__Htext22                        text22       0000
__Htext23                        text23       0000
__Htext24                        text24       0000
__Htext25                        text25       0000
__Htext26                        text26       0000
__Htext27                        text27       0000
__Htext28                        text28       0000
__Htext29                        text29       0000
__Htext3                         text3        0000
__Htext30                        text30       0000
__Htext31                        text31       0000
__Htext32                        text32       0000
__Htext34                        text34       0000
__Htext35                        text35       0000
__Htext36                        text36       0000
__Htext37                        text37       0000
__Htext4                         text4        0000
__Htext5                         text5        0000
__Htext6                         text6        0000
__Htext7                         text7        0000
__Htext8                         text8        0000
__Htext9                         text9        0000
__LRAM                           (abs)        0001
__L__absolute__                  __absolute__ 0000
__Labs1                          abs1         0000
__Lbank0                         bank0        0000
__Lbank1                         bank1        0000
__Lbank10                        bank10       0000
__Lbank11                        bank11       0000
__Lbank12                        bank12       0000
__Lbank13                        bank13       0000
__Lbank14                        bank14       0000
__Lbank15                        bank15       0000
__Lbank2                         bank2        0000
__Lbank3                         bank3        0000
__Lbank4                         bank4        0000
__Lbank5                         bank5        0000
__Lbank6                         bank6        0000
__Lbank7                         bank7        0000
__Lbank8                         bank8        0000
__Lbank9                         bank9        0000
__Lbigbss                        bigbss       0000
__Lbigdata                       bigdata      0000
__Lbigram                        bigram       0000
__Lbigsfr                        bigsfr       0000
__Lbss                           bss          0000
__LbssBANK0                      bssBANK0     0000
__LbssBANK1                      bssBANK1     0000
__LbssBIGRAM                     bssBIGRAM    0000
__LbssCOMRAM                     bssCOMRAM    0000
__Lcinit                         cinit        0000
__Lclrtext                       clrtext      0000
__Lcomram                        comram       0000
__Lconfig                        config       0000
__Lconst                         const        0000
__LcstackBANK0                   cstackBANK0  0000
__LcstackBANK1                   cstackBANK1  0000
__LcstackBANK2                   cstackBANK2  0000
__LcstackBANK3                   cstackBANK3  0000
__LcstackCOMRAM                  cstackCOMRAM 0000
__Ldata                          data         0000
__LdataCOMRAM                    dataCOMRAM   0000
__Leeprom_data                   eeprom_data  0000
__Lfarbss                        farbss       0000
__Lfardata                       fardata      0000
__Lheap                          heap         0000
__Libigdata                      ibigdata     0000
__Lidata                         idata        0000
__LidataCOMRAM                   idataCOMRAM  0000
__Lidloc                         idloc        0000
__Lifardata                      ifardata     0000
__Linit                          init         073C
__Lintcode                       intcode      0008
__Lintcode_body                  intcode_body 0000
__Lintcodelo                     intcodelo    0018
__Lintentry                      intentry     0000
__Lintret                        intret       0000
__Lintsave_regs                  intsave_regs 0000
__Lirdata                        irdata       0000
__Lmediumconst                   mediumconst  0000
__LnvFARRAM                      nvFARRAM     0000
__Lnvbit                         nvbit        0000
__Lnvrram                        nvrram       0000
__Lparam                         rparam       0000
__Lpowerup                       powerup      0000
__Lram                           ram          0000
__Lramtop                        ramtop       1000
__Lrbit                          rbit         0000
__Lrbss                          rbss         0000
__Lrdata                         rdata        0000
__Lreset_vec                     reset_vec    0000
__Lrparam                        rparam       0000
__Lsfr                           sfr          0000
__Lsivt_hi                       sivt_hi      0000
__Lsivt_lo                       sivt_lo      0018
__Lsmallconst                    smallconst   1000
__Lspace_0                       (abs)        0000
__Lspace_1                       (abs)        0000
__Lspace_2                       (abs)        0000
__Lspace_4                       (abs)        0000
__Lstack                         stack        0000
__Lstruct                        struct       0000
__Ltemp                          temp         0000
__Ltext                          text         0000
__Ltext0                         text0        0000
__Ltext1                         text1        0000
__Ltext10                        text10       0000
__Ltext11                        text11       0000
__Ltext12                        text12       0000
__Ltext13                        text13       0000
__Ltext14                        text14       0000
__Ltext15                        text15       0000
__Ltext16                        text16       0000
__Ltext17                        text17       0000
__Ltext18                        text18       0000
__Ltext19                        text19       0000
__Ltext2                         text2        0000
__Ltext20                        text20       0000
__Ltext21                        text21       0000
__Ltext22                        text22       0000
__Ltext23                        text23       0000
__Ltext24                        text24       0000
__Ltext25                        text25       0000
__Ltext26                        text26       0000
__Ltext27                        text27       0000
__Ltext28                        text28       0000
__Ltext29                        text29       0000
__Ltext3                         text3        0000
__Ltext30                        text30       0000
__Ltext31                        text31       0000
__Ltext32                        text32       0000
__Ltext34                        text34       0000
__Ltext35                        text35       0000
__Ltext36                        text36       0000
__Ltext37                        text37       0000
__Ltext4                         text4        0000
__Ltext5                         text5        0000
__Ltext6                         text6        0000
__Ltext7                         text7        0000
__Ltext8                         text8        0000
__Ltext9                         text9        0000
__S0                             (abs)        33F1
__S1                             (abs)        06E9
__S4                             (abs)        0000
__S5                             (abs)        0000
___awmod                         text5        2AFE
___awmod@counter                 cstackBANK3  0304
___awmod@dividend                cstackBANK3  0300
___awmod@divisor                 cstackBANK3  0302
___awmod@sign                    cstackBANK3  0305
___heap_hi                       (abs)        0000
___heap_lo                       (abs)        0000
___inthi_sp                      stack        0000
___inthi_stack_hi                stack        0000
___inthi_stack_lo                stack        0000
___intlo_sp                      stack        0000
___intlo_stack_hi                stack        0000
___intlo_stack_lo                stack        0000
___param_bank                    (abs)        0000
___rparam_used                   (abs)        0001
___sp                            stack        0000
___stack_hi                      stack        0000
___stack_lo                      stack        0000
__accesstop                      (abs)        0060
__activetblptr                   (abs)        0002
__end_of_ISR                     intcode      073C
__end_of___awmod                 text5        2BAE
__end_of__initialization         cinit        3032
__end_of_adc_config              text13       336E
__end_of_adc_read                text23       31AA
__end_of_config_user             text8        30E2
__end_of_idle                    text14       331C
__end_of_main                    text0        2FE8
__end_of_mutex_init              text12       3172
__end_of_mutex_lock              text29       16B6
__end_of_mutex_unlock            text28       2AFE
__end_of_os_config               text6        31DC
__end_of_os_create_task          text7        2E2E
__end_of_os_delay                text19       22EC
__end_of_os_start                text1        2646
__end_of_os_task_change_state    text32       1CD8
__end_of_pipe_init               text10       312C
__end_of_pipe_read               text25       2F22
__end_of_pipe_write              text16       2F88
__end_of_priority_rr_scheduler   text4        2778
__end_of_pwm_init                text9        33F0
__end_of_pwm_set_duty            text27       326E
__end_of_scheduler               text3        32F2
__end_of_sem_init                text11       32C8
__end_of_sem_post                text18       2DAE
__end_of_sem_wait                text17       33E2
__end_of_setup_hardware          text2        33D2
__end_of_tarefaControlePWM       text26       3092
__end_of_tarefaFeedbackLED       text30       320E
__end_of_tarefaLeituraADC        text15       323E
__end_of_tarefaOneShot           text31       33B6
__end_of_tarefaProcessamento     text24       329C
__end_ofi1___awmod               text22       2C5E
__end_ofi1_priority_rr_scheduler text21       28AA
__end_ofi1_scheduler             text20       3346
__end_ofi2___awmod               text36       2D0C
__end_ofi2_os_create_task        text37       2EAA
__end_ofi2_priority_rr_scheduler text35       29D8
__end_ofi2_scheduler             text34       3396
__initialization                 cinit        2FE8
__mediumconst                    smallconst   1000
__pbssBANK0                      bssBANK0     0060
__pbssBANK1                      bssBANK1     0132
__pbssBIGRAM                     bssBIGRAM    0341
__pbssCOMRAM                     bssCOMRAM    0052
__pcinit                         cinit        2FE8
__pcstackBANK0                   cstackBANK0  0078
__pcstackBANK1                   cstackBANK1  0100
__pcstackBANK2                   cstackBANK2  0200
__pcstackBANK3                   cstackBANK3  0300
__pcstackCOMRAM                  cstackCOMRAM 0002
__pdataCOMRAM                    dataCOMRAM   005C
__pidataCOMRAM                   idataCOMRAM  33F0
__pintcode                       intcode      0008
__psmallconst                    smallconst   1000
__ptext0                         text0        2F88
__ptext1                         text1        22EC
__ptext10                        text10       30E2
__ptext11                        text11       329C
__ptext12                        text12       312C
__ptext13                        text13       3346
__ptext14                        text14       32F2
__ptext15                        text15       320E
__ptext16                        text16       2F22
__ptext17                        text17       33D2
__ptext18                        text18       2D0C
__ptext19                        text19       1CD8
__ptext2                         text2        33B6
__ptext20                        text20       331C
__ptext21                        text21       2778
__ptext22                        text22       2BAE
__ptext23                        text23       3172
__ptext24                        text24       326E
__ptext25                        text25       2EAA
__ptext26                        text26       3040
__ptext27                        text27       323E
__ptext28                        text28       29D8
__ptext29                        text29       1002
__ptext3                         text3        32C8
__ptext30                        text30       31DC
__ptext31                        text31       3396
__ptext32                        text32       16B6
__ptext34                        text34       336E
__ptext35                        text35       28AA
__ptext36                        text36       2C5E
__ptext37                        text37       2E2E
__ptext4                         text4        2646
__ptext5                         text5        2AFE
__ptext6                         text6        31AA
__ptext7                         text7        2DAE
__ptext8                         text8        3092
__ptext9                         text9        33E2
__ramtop                         ramtop       1000
__smallconst                     smallconst   1000
__uDynamicHeap                   bssBIGRAM    0341
_adc_config                      text13       3346
_adc_read                        text23       3172
_config_user                     text8        3092
_dado_processado                 bssBANK1     0132
_idle                            text14       32F2
_main                            text0        2F88
_mutex_init                      text12       312C
_mutex_lock                      text29       1002
_mutex_recurso                   bssBANK1     0133
_mutex_unlock                    text28       29D8
_os_config                       text6        31AA
_os_create_task                  text7        2DAE
_os_delay                        text19       1CD8
_os_start                        text1        22EC
_os_task_change_state            text32       16B6
_pipe_adc                        bssBANK0     0060
_pipe_init                       text10       30E2
_pipe_read                       text25       2EAA
_pipe_write                      text16       2F22
_priority_rr_scheduler           text4        2646
_pwm_init                        text9        33E2
_pwm_set_duty                    text27       323E
_r_queue                         bssBIGRAM    0541
_rr_quantum                      dataCOMRAM   005C
_scheduler                       text3        32C8
_sem_init                        text11       329C
_sem_post                        text18       2D0C
_sem_processamento               bssBANK1     013E
_sem_wait                        text17       33D2
_setup_hardware                  text2        33B6
_tarefaControlePWM               text26       3040
_tarefaFeedbackLED               text30       31DC
_tarefaLeituraADC                text15       320E
_tarefaOneShot                   text31       3396
_tarefaProcessamento             text24       326E
adc_read@channel                 cstackBANK0  0084
btemp                            (abs)        0001
btemp0                           (abs)        0001
btemp1                           (abs)        0002
end_of_initialization            cinit        3032
i1___awmod                       text22       2BAE
i1___awmod@counter               cstackBANK2  027A
i1___awmod@dividend              cstackBANK2  0276
i1___awmod@divisor               cstackBANK2  0278
i1___awmod@sign                  cstackBANK2  027B
i1_priority_rr_scheduler         text21       2778
i1_scheduler                     text20       331C
i2___awmod                       text36       2C5E
i2___awmod@counter               cstackCOMRAM 0006
i2___awmod@dividend              cstackCOMRAM 0002
i2___awmod@divisor               cstackCOMRAM 0004
i2___awmod@sign                  cstackCOMRAM 0007
i2_os_create_task                text37       2E2E
i2_priority_rr_scheduler         text35       28AA
i2_scheduler                     text34       336E
i2os_create_task@func            cstackCOMRAM 0002
i2os_create_task@id              cstackCOMRAM 0006
i2os_create_task@new_task        cstackCOMRAM 0007
i2os_create_task@prior           cstackCOMRAM 0004
int$flags                        (abs)        0001
intlevel0                        text         0000
intlevel1                        text         0000
intlevel2                        text         0000
intlevel3                        text         0000
isa$std                          (abs)        0001
isa$xinst                        (abs)        0000
mutex_init@m                     cstackBANK3  0300
mutex_lock@m                     cstackBANK1  0129
mutex_unlock@m                   cstackBANK1  0129
mutex_unlock@task_idx            cstackBANK1  012E
os_create_task@func              cstackBANK3  0300
os_create_task@id                cstackBANK3  0304
os_create_task@new_task          cstackBANK3  0305
os_create_task@prior             cstackBANK3  0302
os_delay@time                    cstackBANK2  0287
os_task_change_state@new_state   cstackBANK2  0289
os_task_change_state@task_handle cstackBANK2  0280
pipe_init@p                      cstackBANK3  0303
pipe_read@dado                   cstackBANK1  0126
pipe_read@p                      cstackBANK1  0125
pipe_write@dado                  cstackBANK0  0081
pipe_write@p                     cstackBANK0  0080
priority_rr_scheduler@current    bssCOMRAM    0053
priority_rr_scheduler@found      bssCOMRAM    0055
priority_rr_scheduler@i          bssCOMRAM    0054
priority_rr_scheduler@idx        bssCOMRAM    0052
priority_rr_scheduler@max_prio   bssCOMRAM    0056
priority_scheduler@current_task  bssCOMRAM    0057
priority_scheduler@i             bssCOMRAM    0059
priority_scheduler@prox          bssCOMRAM    0058
pwm_set_duty@duty                cstackBANK1  0129
sem_init@sem                     cstackBANK3  0300
sem_init@valor                   cstackBANK3  0302
sem_post@sem                     cstackBANK1  011F
sem_wait@sem                     cstackBANK1  0129
stackhi                          (abs)        0000
stacklo                          (abs)        0000
start                            init         073C
start_initialization             cinit        2FE8
tarefaLeituraADC@valor           cstackBANK0  0085
tarefaProcessamento@dado         cstackBANK1  0128


MODULE INFORMATION

Module		Function		Class		Link	Load	Size
C:\Program Files\Microchip\xc8\v3.10\pic\sources\c99\common\awmod.c
		___awmod       		CODE           	2AFE	0000	176

C:\Program Files\Microchip\xc8\v3.10\pic\sources\c99\common\awmod.c estimated size: 176

io.c
		_pwm_set_duty  		CODE           	323E	0000	48
		_adc_config    		CODE           	3346	0000	40
		_adc_read      		CODE           	3172	0000	56
		_pwm_init      		CODE           	33E2	0000	14

io.c estimated size: 158

hw.c
		_ISR           		CODE           	0008	0000	1844
		_setup_hardware		CODE           	33B6	0000	28

hw.c estimated size: 1872

com.c
		_pipe_read     		CODE           	2EAA	0000	120
		_pipe_init     		CODE           	30E2	0000	74
		_pipe_write    		CODE           	2F22	0000	102

com.c estimated size: 296

kernel.c
		_os_config     		CODE           	31AA	0000	50
		_os_start      		CODE           	22EC	0000	858
		_idle          		CODE           	32F2	0000	42
		_os_delay      		CODE           	1CD8	0000	1556
		_os_create_task		CODE           	2DAE	0000	128
		_os_task_change_state		CODE           	16B6	0000	1570

kernel.c estimated size: 4204

shared
		i2_os_create_task		CODE           	2E2E	0000	124
		__initialization		CODE           	2FE8	0000	74
		i1_priority_rr_scheduler		CODE           	2778	0000	306
		i2_priority_rr_scheduler		CODE           	28AA	0000	302
		i1___awmod     		CODE           	2BAE	0000	176
		i2___awmod     		CODE           	2C5E	0000	174
		i1_scheduler   		CODE           	331C	0000	42
		i2_scheduler   		CODE           	336E	0000	40

shared estimated size: 1238

user.c
		_tarefaOneShot 		CODE           	3396	0000	32
		_tarefaProcessamento		CODE           	326E	0000	46
		_tarefaFeedbackLED		CODE           	31DC	0000	50
		_tarefaControlePWM		CODE           	3040	0000	82
		_config_user   		CODE           	3092	0000	80
		_tarefaLeituraADC		CODE           	320E	0000	48

user.c estimated size: 338

scheduler.c
		_scheduler     		CODE           	32C8	0000	42
		_priority_rr_scheduler		CODE           	2646	0000	306

scheduler.c estimated size: 348

sync.c
		_mutex_lock    		CODE           	1002	0000	1716
		_mutex_unlock  		CODE           	29D8	0000	294
		_sem_wait      		CODE           	33D2	0000	16
		_sem_init      		CODE           	329C	0000	44
		_sem_post      		CODE           	2D0C	0000	162
		_mutex_init    		CODE           	312C	0000	70

sync.c estimated size: 2302

main.c
		_main          		CODE           	2F88	0000	96

main.c estimated size: 96

